Archive member included to satisfy reference by file (symbol)

C:/ST/STM32CubeIDE_1.14.1/STM32CubeIDE/plugins/com.st.stm32cube.ide.mcu.externaltools.gnu-tools-for-stm32.12.3.rel1.win32_1.0.100.202403111256/tools/bin/../lib/gcc/arm-none-eabi/12.3.1/../../../../arm-none-eabi/lib/thumb/v7e-m+dp/hard\libc_nano.a(libc_a-exit.o)
                              C:/ST/STM32CubeIDE_1.14.1/STM32CubeIDE/plugins/com.st.stm32cube.ide.mcu.externaltools.gnu-tools-for-stm32.12.3.rel1.win32_1.0.100.202403111256/tools/bin/../lib/gcc/arm-none-eabi/12.3.1/../../../../arm-none-eabi/lib/thumb/v7e-m+dp/hard/crt0.o (exit)
C:/ST/STM32CubeIDE_1.14.1/STM32CubeIDE/plugins/com.st.stm32cube.ide.mcu.externaltools.gnu-tools-for-stm32.12.3.rel1.win32_1.0.100.202403111256/tools/bin/../lib/gcc/arm-none-eabi/12.3.1/../../../../arm-none-eabi/lib/thumb/v7e-m+dp/hard\libc_nano.a(libc_a-findfp.o)
                              C:/ST/STM32CubeIDE_1.14.1/STM32CubeIDE/plugins/com.st.stm32cube.ide.mcu.externaltools.gnu-tools-for-stm32.12.3.rel1.win32_1.0.100.202403111256/tools/bin/../lib/gcc/arm-none-eabi/12.3.1/../../../../arm-none-eabi/lib/thumb/v7e-m+dp/hard\libc_nano.a(libc_a-exit.o) (__stdio_exit_handler)
C:/ST/STM32CubeIDE_1.14.1/STM32CubeIDE/plugins/com.st.stm32cube.ide.mcu.externaltools.gnu-tools-for-stm32.12.3.rel1.win32_1.0.100.202403111256/tools/bin/../lib/gcc/arm-none-eabi/12.3.1/../../../../arm-none-eabi/lib/thumb/v7e-m+dp/hard\libc_nano.a(libc_a-fwalk.o)
                              C:/ST/STM32CubeIDE_1.14.1/STM32CubeIDE/plugins/com.st.stm32cube.ide.mcu.externaltools.gnu-tools-for-stm32.12.3.rel1.win32_1.0.100.202403111256/tools/bin/../lib/gcc/arm-none-eabi/12.3.1/../../../../arm-none-eabi/lib/thumb/v7e-m+dp/hard\libc_nano.a(libc_a-findfp.o) (_fwalk_sglue)
C:/ST/STM32CubeIDE_1.14.1/STM32CubeIDE/plugins/com.st.stm32cube.ide.mcu.externaltools.gnu-tools-for-stm32.12.3.rel1.win32_1.0.100.202403111256/tools/bin/../lib/gcc/arm-none-eabi/12.3.1/../../../../arm-none-eabi/lib/thumb/v7e-m+dp/hard\libc_nano.a(libc_a-printf.o)
                              ./Core/Src/main.o (printf)
C:/ST/STM32CubeIDE_1.14.1/STM32CubeIDE/plugins/com.st.stm32cube.ide.mcu.externaltools.gnu-tools-for-stm32.12.3.rel1.win32_1.0.100.202403111256/tools/bin/../lib/gcc/arm-none-eabi/12.3.1/../../../../arm-none-eabi/lib/thumb/v7e-m+dp/hard\libc_nano.a(libc_a-puts.o)
                              ./Core/Src/main.o (puts)
C:/ST/STM32CubeIDE_1.14.1/STM32CubeIDE/plugins/com.st.stm32cube.ide.mcu.externaltools.gnu-tools-for-stm32.12.3.rel1.win32_1.0.100.202403111256/tools/bin/../lib/gcc/arm-none-eabi/12.3.1/../../../../arm-none-eabi/lib/thumb/v7e-m+dp/hard\libc_nano.a(libc_a-sprintf.o)
                              ./Core/Src/main.o (sprintf)
C:/ST/STM32CubeIDE_1.14.1/STM32CubeIDE/plugins/com.st.stm32cube.ide.mcu.externaltools.gnu-tools-for-stm32.12.3.rel1.win32_1.0.100.202403111256/tools/bin/../lib/gcc/arm-none-eabi/12.3.1/../../../../arm-none-eabi/lib/thumb/v7e-m+dp/hard\libc_nano.a(libc_a-sscanf.o)
                              ./Core/Src/total_station_interface.o (sscanf)
C:/ST/STM32CubeIDE_1.14.1/STM32CubeIDE/plugins/com.st.stm32cube.ide.mcu.externaltools.gnu-tools-for-stm32.12.3.rel1.win32_1.0.100.202403111256/tools/bin/../lib/gcc/arm-none-eabi/12.3.1/../../../../arm-none-eabi/lib/thumb/v7e-m+dp/hard\libc_nano.a(libc_a-stdio.o)
                              C:/ST/STM32CubeIDE_1.14.1/STM32CubeIDE/plugins/com.st.stm32cube.ide.mcu.externaltools.gnu-tools-for-stm32.12.3.rel1.win32_1.0.100.202403111256/tools/bin/../lib/gcc/arm-none-eabi/12.3.1/../../../../arm-none-eabi/lib/thumb/v7e-m+dp/hard\libc_nano.a(libc_a-findfp.o) (__sread)
C:/ST/STM32CubeIDE_1.14.1/STM32CubeIDE/plugins/com.st.stm32cube.ide.mcu.externaltools.gnu-tools-for-stm32.12.3.rel1.win32_1.0.100.202403111256/tools/bin/../lib/gcc/arm-none-eabi/12.3.1/../../../../arm-none-eabi/lib/thumb/v7e-m+dp/hard\libc_nano.a(libc_a-wbuf.o)
                              C:/ST/STM32CubeIDE_1.14.1/STM32CubeIDE/plugins/com.st.stm32cube.ide.mcu.externaltools.gnu-tools-for-stm32.12.3.rel1.win32_1.0.100.202403111256/tools/bin/../lib/gcc/arm-none-eabi/12.3.1/../../../../arm-none-eabi/lib/thumb/v7e-m+dp/hard\libc_nano.a(libc_a-puts.o) (__swbuf_r)
C:/ST/STM32CubeIDE_1.14.1/STM32CubeIDE/plugins/com.st.stm32cube.ide.mcu.externaltools.gnu-tools-for-stm32.12.3.rel1.win32_1.0.100.202403111256/tools/bin/../lib/gcc/arm-none-eabi/12.3.1/../../../../arm-none-eabi/lib/thumb/v7e-m+dp/hard\libc_nano.a(libc_a-wsetup.o)
                              C:/ST/STM32CubeIDE_1.14.1/STM32CubeIDE/plugins/com.st.stm32cube.ide.mcu.externaltools.gnu-tools-for-stm32.12.3.rel1.win32_1.0.100.202403111256/tools/bin/../lib/gcc/arm-none-eabi/12.3.1/../../../../arm-none-eabi/lib/thumb/v7e-m+dp/hard\libc_nano.a(libc_a-puts.o) (__swsetup_r)
[...]
Memory Configuration

Name             Origin             Length             Attributes
ITCMRAM          0x00000000         0x00010000         xrw
DTCMRAM          0x20000000         0x00020000         xrw
FLASH            0x08000000         0x00100000         xr
RAM_D1           0x24000000         0x00050000         xrw
RAM_D2           0x30000000         0x00008000         xrw
RAM_D3           0x38000000         0x00004000         xrw
*default*        0x00000000         0xffffffff

Linker script and memory map

LOAD C:/ST/STM32CubeIDE_1.14.1/STM32CubeIDE/plugins/com.st.stm32cube.ide.mcu.externaltools.gnu-tools-for-stm32.12.3.rel1.win32_1.0.100.202403111256/tools/bin/../lib/gcc/arm-none-eabi/12.3.1/thumb/v7e-m+dp/hard/crti.o
LOAD C:/ST/STM32CubeIDE_1.14.1/STM32CubeIDE/plugins/com.st.stm32cube.ide.mcu.externaltools.gnu-tools-for-stm32.12.3.rel1.win32_1.0.100.202403111256/tools/bin/../lib/gcc/arm-none-eabi/12.3.1/thumb/v7e-m+dp/hard/crtbegin.o
LOAD C:/ST/STM32CubeIDE_1.14.1/STM32CubeIDE/plugins/com.st.stm32cube.ide.mcu.externaltools.gnu-tools-for-stm32.12.3.rel1.win32_1.0.100.202403111256/tools/bin/../lib/gcc/arm-none-eabi/12.3.1/../../../../arm-none-eabi/lib/thumb/v7e-m+dp/hard/crt0.o
LOAD ./Core/Src/fatfs_sd_card.o
LOAD ./Core/Src/main.o
LOAD ./Core/Src/nuc_connection.o
LOAD ./Core/Src/stm32h7xx_hal_msp.o
LOAD ./Core/Src/stm32h7xx_it.o
LOAD ./Core/Src/syscalls.o
LOAD ./Core/Src/sysmem.o
LOAD ./Core/Src/system_stm32h7xx.o
LOAD ./Core/Src/total_station_interface.o
LOAD ./Core/Startup/startup_stm32h723zgtx.o
LOAD ./Drivers/STM32H7xx_HAL_Driver/Src/stm32h7xx_hal.o
LOAD ./Drivers/STM32H7xx_HAL_Driver/Src/stm32h7xx_hal_cortex.o
LOAD ./Drivers/STM32H7xx_HAL_Driver/Src/stm32h7xx_hal_dma.o
LOAD ./Drivers/STM32H7xx_HAL_Driver/Src/stm32h7xx_hal_dma_ex.o
LOAD ./Drivers/STM32H7xx_HAL_Driver/Src/stm32h7xx_hal_exti.o
LOAD ./Drivers/STM32H7xx_HAL_Driver/Src/stm32h7xx_hal_flash.o
LOAD ./Drivers/STM32H7xx_HAL_Driver/Src/stm32h7xx_hal_flash_ex.o
LOAD ./Drivers/STM32H7xx_HAL_Driver/Src/stm32h7xx_hal_gpio.o
LOAD ./Drivers/STM32H7xx_HAL_Driver/Src/stm32h7xx_hal_hsem.o
LOAD ./Drivers/STM32H7xx_HAL_Driver/Src/stm32h7xx_hal_i2c.o
LOAD ./Drivers/STM32H7xx_HAL_Driver/Src/stm32h7xx_hal_i2c_ex.o
LOAD ./Drivers/STM32H7xx_HAL_Driver/Src/stm32h7xx_hal_mdma.o
LOAD ./Drivers/STM32H7xx_HAL_Driver/Src/stm32h7xx_hal_pcd.o
LOAD ./Drivers/STM32H7xx_HAL_Driver/Src/stm32h7xx_hal_pcd_ex.o
LOAD ./Drivers/STM32H7xx_HAL_Driver/Src/stm32h7xx_hal_pwr.o
LOAD ./Drivers/STM32H7xx_HAL_Driver/Src/stm32h7xx_hal_pwr_ex.o
LOAD ./Drivers/STM32H7xx_HAL_Driver/Src/stm32h7xx_hal_rcc.o
LOAD ./Drivers/STM32H7xx_HAL_Driver/Src/stm32h7xx_hal_rcc_ex.o
LOAD ./Drivers/STM32H7xx_HAL_Driver/Src/stm32h7xx_hal_spi.o
LOAD ./Drivers/STM32H7xx_HAL_Driver/Src/stm32h7xx_hal_spi_ex.o
LOAD ./Drivers/STM32H7xx_HAL_Driver/Src/stm32h7xx_hal_tim.o
LOAD ./Drivers/STM32H7xx_HAL_Driver/Src/stm32h7xx_hal_tim_ex.o
LOAD ./Drivers/STM32H7xx_HAL_Driver/Src/stm32h7xx_hal_uart.o
LOAD ./Drivers/STM32H7xx_HAL_Driver/Src/stm32h7xx_hal_uart_ex.o
LOAD ./Drivers/STM32H7xx_HAL_Driver/Src/stm32h7xx_ll_usb.o
LOAD ./FATFS/App/fatfs.o
LOAD ./FATFS/Target/user_diskio.o
LOAD ./Middlewares/ST/STM32_USB_Device_Library/Class/CDC/Src/usbd_cdc.o
LOAD ./Middlewares/ST/STM32_USB_Device_Library/Core/Src/usbd_core.o
LOAD ./Middlewares/ST/STM32_USB_Device_Library/Core/Src/usbd_ctlreq.o
LOAD ./Middlewares/ST/STM32_USB_Device_Library/Core/Src/usbd_ioreq.o
LOAD ./Middlewares/Third_Party/FatFs/src/diskio.o
LOAD ./Middlewares/Third_Party/FatFs/src/ff.o
LOAD ./Middlewares/Third_Party/FatFs/src/ff_gen_drv.o
LOAD ./Middlewares/Third_Party/FatFs/src/option/ccsbcs.o
LOAD ./Middlewares/Third_Party/FatFs/src/option/syscall.o
LOAD ./USB_DEVICE/App/usb_device.o
LOAD ./USB_DEVICE/App/usbd_cdc_if.o
LOAD ./USB_DEVICE/App/usbd_desc.o
LOAD ./USB_DEVICE/Target/usbd_conf.o
START GROUP
LOAD C:/ST/STM32CubeIDE_1.14.1/STM32CubeIDE/plugins/com.st.stm32cube.ide.mcu.externaltools.gnu-tools-for-stm32.12.3.rel1.win32_1.0.100.202403111256/tools/bin/../lib/gcc/arm-none-eabi/12.3.1/../../../../arm-none-eabi/lib/thumb/v7e-m+dp/hard\libc_nano.a
LOAD C:/ST/STM32CubeIDE_1.14.1/STM32CubeIDE/plugins/com.st.stm32cube.ide.mcu.externaltools.gnu-tools-for-stm32.12.3.rel1.win32_1.0.100.202403111256/tools/bin/../lib/gcc/arm-none-eabi/12.3.1/../../../../arm-none-eabi/lib/thumb/v7e-m+dp/hard\libm.a
END GROUP
START GROUP
LOAD C:/ST/STM32CubeIDE_1.14.1/STM32CubeIDE/plugins/com.st.stm32cube.ide.mcu.externaltools.gnu-tools-for-stm32.12.3.rel1.win32_1.0.100.202403111256/tools/bin/../lib/gcc/arm-none-eabi/12.3.1/thumb/v7e-m+dp/hard\libgcc.a
LOAD C:/ST/STM32CubeIDE_1.14.1/STM32CubeIDE/plugins/com.st.stm32cube.ide.mcu.externaltools.gnu-tools-for-stm32.12.3.rel1.win32_1.0.100.202403111256/tools/bin/../lib/gcc/arm-none-eabi/12.3.1/../../../../arm-none-eabi/lib/thumb/v7e-m+dp/hard\libc_nano.a
END GROUP
START GROUP
LOAD C:/ST/STM32CubeIDE_1.14.1/STM32CubeIDE/plugins/com.st.stm32cube.ide.mcu.externaltools.gnu-tools-for-stm32.12.3.rel1.win32_1.0.100.202403111256/tools/bin/../lib/gcc/arm-none-eabi/12.3.1/thumb/v7e-m+dp/hard\libgcc.a
LOAD C:/ST/STM32CubeIDE_1.14.1/STM32CubeIDE/plugins/com.st.stm32cube.ide.mcu.externaltools.gnu-tools-for-stm32.12.3.rel1.win32_1.0.100.202403111256/tools/bin/../lib/gcc/arm-none-eabi/12.3.1/../../../../arm-none-eabi/lib/thumb/v7e-m+dp/hard\libc_nano.a
LOAD C:/ST/STM32CubeIDE_1.14.1/STM32CubeIDE/plugins/com.st.stm32cube.ide.mcu.externaltools.gnu-tools-for-stm32.12.3.rel1.win32_1.0.100.202403111256/tools/bin/../lib/gcc/arm-none-eabi/12.3.1/../../../../arm-none-eabi/lib/thumb/v7e-m+dp/hard\libnosys.a
END GROUP
START GROUP
LOAD C:/ST/STM32CubeIDE_1.14.1/STM32CubeIDE/plugins/com.st.stm32cube.ide.mcu.externaltools.gnu-tools-for-stm32.12.3.rel1.win32_1.0.100.202403111256/tools/bin/../lib/gcc/arm-none-eabi/12.3.1/thumb/v7e-m+dp/hard\libgcc.a
LOAD C:/ST/STM32CubeIDE_1.14.1/STM32CubeIDE/plugins/com.st.stm32cube.ide.mcu.externaltools.gnu-tools-for-stm32.12.3.rel1.win32_1.0.100.202403111256/tools/bin/../lib/gcc/arm-none-eabi/12.3.1/../../../../arm-none-eabi/lib/thumb/v7e-m+dp/hard\libc_nano.a
LOAD C:/ST/STM32CubeIDE_1.14.1/STM32CubeIDE/plugins/com.st.stm32cube.ide.mcu.externaltools.gnu-tools-for-stm32.12.3.rel1.win32_1.0.100.202403111256/tools/bin/../lib/gcc/arm-none-eabi/12.3.1/../../../../arm-none-eabi/lib/thumb/v7e-m+dp/hard\libnosys.a
END GROUP
LOAD C:/ST/STM32CubeIDE_1.14.1/STM32CubeIDE/plugins/com.st.stm32cube.ide.mcu.externaltools.gnu-tools-for-stm32.12.3.rel1.win32_1.0.100.202403111256/tools/bin/../lib/gcc/arm-none-eabi/12.3.1/thumb/v7e-m+dp/hard/crtend.o
LOAD C:/ST/STM32CubeIDE_1.14.1/STM32CubeIDE/plugins/com.st.stm32cube.ide.mcu.externaltools.gnu-tools-for-stm32.12.3.rel1.win32_1.0.100.202403111256/tools/bin/../lib/gcc/arm-none-eabi/12.3.1/thumb/v7e-m+dp/hard/crtn.o
                0x24050000                        _estack = (ORIGIN (RAM_D1) + LENGTH (RAM_D1))
                0x00000200                        _Min_Heap_Size = 0x200
                0x00000400                        _Min_Stack_Size = 0x400

.isr_vector     0x08000000      0x2cc
                0x08000000                        . = ALIGN (0x4)
 *(.isr_vector)
 .isr_vector    0x08000000      0x2cc ./Core/Startup/startup_stm32h723zgtx.o
                0x08000000                g_pfnVectors
                0x080002cc                        . = ALIGN (0x4)

.text           0x080002d0    0x16740
                0x080002d0                        . = ALIGN (0x4)
 *(.text)
 .text          0x080002d0       0x40 C:/ST/STM32CubeIDE_1.14.1/STM32CubeIDE/plugins/com.st.stm32cube.ide.mcu.externaltools.gnu-tools-for-stm32.12.3.rel1.win32_1.0.100.202403111256/tools/bin/../lib/gcc/arm-none-eabi/12.3.1/thumb/v7e-m+dp/hard/crtbegin.o
 .text          0x08000310       0x10 C:/ST/STM32CubeIDE_1.14.1/STM32CubeIDE/plugins/com.st.stm32cube.ide.mcu.externaltools.gnu-tools-for-stm32.12.3.rel1.win32_1.0.100.202403111256/tools/bin/../lib/gcc/arm-none-eabi/12.3.1/../../../../arm-none-eabi/lib/thumb/v7e-m+dp/hard\libc_nano.a(libc_a-strlen.o)
                0x08000310                strlen
 .text          0x08000320       0xa0 C:/ST/STM32CubeIDE_1.14.1/STM32CubeIDE/plugins/com.st.stm32cube.ide.mcu.externaltools.gnu-tools-for-stm32.12.3.rel1.win32_1.0.100.202403111256/tools/bin/../lib/gcc/arm-none-eabi/12.3.1/../../../../arm-none-eabi/lib/thumb/v7e-m+dp/hard\libc_nano.a(libc_a-memchr.o)
                0x08000320                memchr
 .text          0x080003c0       0x30 C:/ST/STM32CubeIDE_1.14.1/STM32CubeIDE/plugins/com.st.stm32cube.ide.mcu.externaltools.gnu-tools-for-stm32.12.3.rel1.win32_1.0.100.202403111256/tools/bin/../lib/gcc/arm-none-eabi/12.3.1/thumb/v7e-m+dp/hard\libgcc.a(_aeabi_uldivmod.o)
                0x080003c0                __aeabi_uldivmod
 .text          0x080003f0      0x2bc C:/ST/STM32CubeIDE_1.14.1/STM32CubeIDE/plugins/com.st.stm32cube.ide.mcu.externaltools.gnu-tools-for-stm32.12.3.rel1.win32_1.0.100.202403111256/tools/bin/../lib/gcc/arm-none-eabi/12.3.1/thumb/v7e-m+dp/hard\libgcc.a(_udivmoddi4.o)
                0x080003f0                __udivmoddi4
 .text          0x080006ac        0x4 C:/ST/STM32CubeIDE_1.14.1/STM32CubeIDE/plugins/com.st.stm32cube.ide.mcu.externaltools.gnu-tools-for-stm32.12.3.rel1.win32_1.0.100.202403111256/tools/bin/../lib/gcc/arm-none-eabi/12.3.1/thumb/v7e-m+dp/hard\libgcc.a(_dvmd_tls.o)
                0x080006ac                __aeabi_idiv0
                0x080006ac                __aeabi_ldiv0
 *(.text*)
 .text.SELECT   0x080006b0       0x20 ./Core/Src/fatfs_sd_card.o
 .text.DESELECT
                0x080006d0       0x20 ./Core/Src/fatfs_sd_card.o
 .text.SPI_TxByte
                0x080006f0       0x34 ./Core/Src/fatfs_sd_card.o
 .text.SPI_TxBuffer
                0x08000724       0x34 ./Core/Src/fatfs_sd_card.o
 .text.SPI_RxByte
                0x08000758       0x38 ./Core/Src/fatfs_sd_card.o
 .text.SPI_RxBytePtr
                0x08000790       0x1c ./Core/Src/fatfs_sd_card.o
 .text.SD_ReadyWait
                0x080007ac       0x34 ./Core/Src/fatfs_sd_card.o
 .text.SD_PowerOn
                0x080007e0       0x84 ./Core/Src/fatfs_sd_card.o
 .text.SD_PowerOff
                0x08000864       0x18 ./Core/Src/fatfs_sd_card.o
 .text.SD_CheckPower
                0x0800087c       0x18 ./Core/Src/fatfs_sd_card.o
 .text.SD_RxDataBlock
                0x08000894       0x5c ./Core/Src/fatfs_sd_card.o
 .text.SD_TxDataBlock
                0x080008f0       0x86 ./Core/Src/fatfs_sd_card.o
 .text.SD_SendCmd
                0x08000976       0xa8 ./Core/Src/fatfs_sd_card.o
 *fill*         0x08000a1e        0x2 
 .text.SD_disk_initialize
                0x08000a20      0x1cc ./Core/Src/fatfs_sd_card.o
                0x08000a20                SD_disk_initialize
 .text.SD_disk_status
                0x08000bec       0x2c ./Core/Src/fatfs_sd_card.o
                0x08000bec                SD_disk_status
 .text.SD_disk_read
                0x08000c18       0xd4 ./Core/Src/fatfs_sd_card.o
                0x08000c18                SD_disk_read
 .text.SD_disk_write
                0x08000cec      0x108 ./Core/Src/fatfs_sd_card.o
                0x08000cec                SD_disk_write
 .text.SD_disk_ioctl
                0x08000df4      0x254 ./Core/Src/fatfs_sd_card.o
                0x08000df4                SD_disk_ioctl
 .text.__NVIC_SystemReset
                0x08001048       0x2c ./Core/Src/main.o
 .text.main     0x08001074      0x448 ./Core/Src/main.o
                0x08001074                main
 .text.SystemClock_Config
                0x080014bc       0xe4 ./Core/Src/main.o
                0x080014bc                SystemClock_Config
 .text.MX_SPI2_Init
                0x080015a0       0xac ./Core/Src/main.o
 .text.MX_TIM16_Init
                0x0800164c       0x50 ./Core/Src/main.o
 .text.MX_USART1_UART_Init
                0x0800169c       0x9c ./Core/Src/main.o
 .text.MX_USART3_UART_Init
                0x08001738       0x98 ./Core/Src/main.o
 .text.MX_DMA_Init
                0x080017d0       0x60 ./Core/Src/main.o
 .text.MX_GPIO_Init
                0x08001830      0x27c ./Core/Src/main.o
 .text.HAL_UARTEx_RxEventCallback
                0x08001aac       0x68 ./Core/Src/main.o
                0x08001aac                HAL_UARTEx_RxEventCallback
 .text.handle_complete_packet
                0x08001b14       0x6c ./Core/Src/main.o
                0x08001b14                handle_complete_packet
 .text.__io_putchar
                0x08001b80       0x24 ./Core/Src/main.o
                0x08001b80                __io_putchar
 .text.process_init_SD_card
                0x08001ba4       0xec ./Core/Src/main.o
                0x08001ba4                process_init_SD_card
 .text.Error_Handler
                0x08001c90        0xc ./Core/Src/main.o
                0x08001c90                Error_Handler
 .text.get_file_name
                0x08001c9c       0x84 ./Core/Src/nuc_connection.o
                0x08001c9c                get_file_name
 .text.get_nuc_time_stamp
                0x08001d20       0x5c ./Core/Src/nuc_connection.o
                0x08001d20                get_nuc_time_stamp
 .text.send_complete_time_stamp
                0x08001d7c       0x70 ./Core/Src/nuc_connection.o
                0x08001d7c                send_complete_time_stamp
 .text.HAL_MspInit
                0x08001dec       0x34 ./Core/Src/stm32h7xx_hal_msp.o
                0x08001dec                HAL_MspInit
 .text.HAL_SPI_MspInit
                0x08001e20      0x1a4 ./Core/Src/stm32h7xx_hal_msp.o
                0x08001e20                HAL_SPI_MspInit
 .text.HAL_TIM_Base_MspInit
                0x08001fc4       0x50 ./Core/Src/stm32h7xx_hal_msp.o
                0x08001fc4                HAL_TIM_Base_MspInit
 .text.HAL_UART_MspInit
                0x08002014      0x278 ./Core/Src/stm32h7xx_hal_msp.o
                0x08002014                HAL_UART_MspInit
 .text.NMI_Handler
                0x0800228c        0x8 ./Core/Src/stm32h7xx_it.o
                0x0800228c                NMI_Handler
 .text.HardFault_Handler
                0x08002294        0x8 ./Core/Src/stm32h7xx_it.o
                0x08002294                HardFault_Handler
 .text.MemManage_Handler
                0x0800229c        0x8 ./Core/Src/stm32h7xx_it.o
                0x0800229c                MemManage_Handler
 .text.BusFault_Handler
                0x080022a4        0x8 ./Core/Src/stm32h7xx_it.o
                0x080022a4                BusFault_Handler
 .text.UsageFault_Handler
                0x080022ac        0x8 ./Core/Src/stm32h7xx_it.o
                0x080022ac                UsageFault_Handler
 .text.SVC_Handler
                0x080022b4        0xe ./Core/Src/stm32h7xx_it.o
                0x080022b4                SVC_Handler
 .text.DebugMon_Handler
                0x080022c2        0xe ./Core/Src/stm32h7xx_it.o
                0x080022c2                DebugMon_Handler
 .text.PendSV_Handler
                0x080022d0        0xe ./Core/Src/stm32h7xx_it.o
                0x080022d0                PendSV_Handler
 *fill*         0x080022de        0x2 
 .text.SysTick_Handler
                0x080022e0       0x3c ./Core/Src/stm32h7xx_it.o
                0x080022e0                SysTick_Handler
 .text.DMA1_Stream0_IRQHandler
                0x0800231c       0x14 ./Core/Src/stm32h7xx_it.o
                0x0800231c                DMA1_Stream0_IRQHandler
 .text.DMA1_Stream1_IRQHandler
                0x08002330       0x14 ./Core/Src/stm32h7xx_it.o
                0x08002330                DMA1_Stream1_IRQHandler
 .text.DMA1_Stream2_IRQHandler
                0x08002344       0x14 ./Core/Src/stm32h7xx_it.o
                0x08002344                DMA1_Stream2_IRQHandler
 .text.SPI2_IRQHandler
                0x08002358       0x14 ./Core/Src/stm32h7xx_it.o
                0x08002358                SPI2_IRQHandler
 .text.USART1_IRQHandler
                0x0800236c       0x14 ./Core/Src/stm32h7xx_it.o
                0x0800236c                USART1_IRQHandler
 .text.OTG_HS_IRQHandler
                0x08002380       0x14 ./Core/Src/stm32h7xx_it.o
                0x08002380                OTG_HS_IRQHandler
 .text.TIM16_IRQHandler
                0x08002394       0x14 ./Core/Src/stm32h7xx_it.o
                0x08002394                TIM16_IRQHandler
 .text._read    0x080023a8       0x3a ./Core/Src/syscalls.o
                0x080023a8                _read
 .text._write   0x080023e2       0x38 ./Core/Src/syscalls.o
                0x080023e2                _write
 .text._close   0x0800241a       0x18 ./Core/Src/syscalls.o
                0x0800241a                _close
 .text._fstat   0x08002432       0x20 ./Core/Src/syscalls.o
                0x08002432                _fstat
 .text._isatty  0x08002452       0x16 ./Core/Src/syscalls.o
                0x08002452                _isatty
 .text._lseek   0x08002468       0x1a ./Core/Src/syscalls.o
                0x08002468                _lseek
 *fill*         0x08002482        0x2 
 .text._sbrk    0x08002484       0x6c ./Core/Src/sysmem.o
                0x08002484                _sbrk
 .text.SystemInit
                0x080024f0       0xf0 ./Core/Src/system_stm32h7xx.o
                0x080024f0                SystemInit
 .text.search_prism
                0x080025e0       0xe4 ./Core/Src/total_station_interface.o
                0x080025e0                search_prism
 .text.start_distance
                0x080026c4       0x80 ./Core/Src/total_station_interface.o
                0x080026c4                start_distance
 .text.get_TS_time_stamp
                0x08002744       0xe8 ./Core/Src/total_station_interface.o
                0x08002744                get_TS_time_stamp
 .text.start_measure
                0x0800282c       0xd0 ./Core/Src/total_station_interface.o
                0x0800282c                start_measure
 .text.stop_measure
                0x080028fc       0x8c ./Core/Src/total_station_interface.o
                0x080028fc                stop_measure
 .text.Reset_Handler
                0x08002988       0x50 ./Core/Startup/startup_stm32h723zgtx.o
                0x08002988                Reset_Handler
 .text.Default_Handler
                0x080029d8        0x2 ./Core/Startup/startup_stm32h723zgtx.o
                0x080029d8                RTC_Alarm_IRQHandler
                0x080029d8                EXTI2_IRQHandler
                0x080029d8                TIM8_CC_IRQHandler
                0x080029d8                UART8_IRQHandler
                0x080029d8                SPI4_IRQHandler
                0x080029d8                FDCAN3_IT0_IRQHandler
                0x080029d8                TIM1_CC_IRQHandler
                0x080029d8                BDMA_Channel6_IRQHandler
                0x080029d8                DMA2_Stream5_IRQHandler
                0x080029d8                DMA1_Stream5_IRQHandler
                0x080029d8                CORDIC_IRQHandler
                0x080029d8                BDMA_Channel1_IRQHandler
                0x080029d8                TAMP_STAMP_IRQHandler
                0x080029d8                EXTI3_IRQHandler
                0x080029d8                LPTIM4_IRQHandler
                0x080029d8                TIM8_TRG_COM_TIM14_IRQHandler
                0x080029d8                LPTIM2_IRQHandler
                0x080029d8                DFSDM1_FLT1_IRQHandler
                0x080029d8                DMAMUX2_OVR_IRQHandler
                0x080029d8                TIM8_UP_TIM13_IRQHandler
                0x080029d8                I2C3_ER_IRQHandler
                0x080029d8                DFSDM1_FLT2_IRQHandler
                0x080029d8                I2C5_EV_IRQHandler
                0x080029d8                USART10_IRQHandler
                0x080029d8                MDMA_IRQHandler
                0x080029d8                LPTIM3_IRQHandler
                0x080029d8                HSEM1_IRQHandler
                0x080029d8                EXTI0_IRQHandler
                0x080029d8                I2C2_EV_IRQHandler
                0x080029d8                FPU_IRQHandler
                0x080029d8                OTG_HS_WKUP_IRQHandler
                0x080029d8                FDCAN1_IT1_IRQHandler
                0x080029d8                LTDC_ER_IRQHandler
                0x080029d8                DMA2_Stream2_IRQHandler
                0x080029d8                SPI1_IRQHandler
                0x080029d8                OCTOSPI1_IRQHandler
                0x080029d8                TIM6_DAC_IRQHandler
                0x080029d8                DMA2_Stream3_IRQHandler
                0x080029d8                OCTOSPI2_IRQHandler
                0x080029d8                DFSDM1_FLT3_IRQHandler
                0x080029d8                TIM23_IRQHandler
                0x080029d8                USART6_IRQHandler
                0x080029d8                TIM17_IRQHandler
                0x080029d8                USART3_IRQHandler
                0x080029d8                BDMA_Channel7_IRQHandler
                0x080029d8                LPTIM5_IRQHandler
                0x080029d8                UART5_IRQHandler
                0x080029d8                ADC3_IRQHandler
                0x080029d8                DMA2_Stream0_IRQHandler
                0x080029d8                TIM4_IRQHandler
                0x080029d8                BDMA_Channel2_IRQHandler
                0x080029d8                I2C1_EV_IRQHandler
                0x080029d8                DMA1_Stream6_IRQHandler
                0x080029d8                DMAMUX1_OVR_IRQHandler
                0x080029d8                UART4_IRQHandler
                0x080029d8                BDMA_Channel5_IRQHandler
                0x080029d8                TIM3_IRQHandler
                0x080029d8                RCC_IRQHandler
                0x080029d8                UART9_IRQHandler
                0x080029d8                TIM8_BRK_TIM12_IRQHandler
                0x080029d8                TIM1_TRG_COM_IRQHandler
                0x080029d8                Default_Handler
                0x080029d8                ECC_IRQHandler
                0x080029d8                FMAC_IRQHandler
                0x080029d8                CEC_IRQHandler
                0x080029d8                EXTI15_10_IRQHandler
                0x080029d8                BDMA_Channel0_IRQHandler
                0x080029d8                ADC_IRQHandler
                0x080029d8                I2C5_ER_IRQHandler
                0x080029d8                DMA1_Stream7_IRQHandler
                0x080029d8                SPI5_IRQHandler
                0x080029d8                TIM7_IRQHandler
                0x080029d8                FDCAN3_IT1_IRQHandler
                0x080029d8                SDMMC1_IRQHandler
                0x080029d8                TIM5_IRQHandler
                0x080029d8                DMA2_Stream7_IRQHandler
                0x080029d8                TIM15_IRQHandler
                0x080029d8                PVD_AVD_IRQHandler
                0x080029d8                I2C3_EV_IRQHandler
                0x080029d8                EXTI9_5_IRQHandler
                0x080029d8                RTC_WKUP_IRQHandler
                0x080029d8                LTDC_IRQHandler
                0x080029d8                ETH_WKUP_IRQHandler
                0x080029d8                SPDIF_RX_IRQHandler
                0x080029d8                OTG_HS_EP1_IN_IRQHandler
                0x080029d8                TIM24_IRQHandler
                0x080029d8                CRS_IRQHandler
                0x080029d8                EXTI4_IRQHandler
                0x080029d8                RNG_IRQHandler
                0x080029d8                FDCAN2_IT1_IRQHandler
                0x080029d8                ETH_IRQHandler
                0x080029d8                TIM1_UP_IRQHandler
                0x080029d8                BDMA_Channel4_IRQHandler
                0x080029d8                OTG_HS_EP1_OUT_IRQHandler
                0x080029d8                WWDG_IRQHandler
                0x080029d8                SPI6_IRQHandler
                0x080029d8                MDIOS_IRQHandler
                0x080029d8                I2C4_EV_IRQHandler
                0x080029d8                FDCAN2_IT0_IRQHandler
                0x080029d8                LPUART1_IRQHandler
                0x080029d8                FDCAN1_IT0_IRQHandler
                0x080029d8                TIM2_IRQHandler
                0x080029d8                DMA2D_IRQHandler
                0x080029d8                TIM1_BRK_IRQHandler
                0x080029d8                EXTI1_IRQHandler
                0x080029d8                SDMMC2_IRQHandler
                0x080029d8                BDMA_Channel3_IRQHandler
                0x080029d8                DTS_IRQHandler
                0x080029d8                UART7_IRQHandler
                0x080029d8                MDIOS_WKUP_IRQHandler
                0x080029d8                USART2_IRQHandler
                0x080029d8                DFSDM1_FLT0_IRQHandler
                0x080029d8                SAI4_IRQHandler
                0x080029d8                I2C2_ER_IRQHandler
                0x080029d8                DMA2_Stream1_IRQHandler
                0x080029d8                FLASH_IRQHandler
                0x080029d8                DMA2_Stream4_IRQHandler
                0x080029d8                SPI3_IRQHandler
                0x080029d8                WAKEUP_PIN_IRQHandler
                0x080029d8                DMA1_Stream4_IRQHandler
                0x080029d8                I2C1_ER_IRQHandler
                0x080029d8                FMC_IRQHandler
                0x080029d8                FDCAN_CAL_IRQHandler
                0x080029d8                SWPMI1_IRQHandler
                0x080029d8                COMP1_IRQHandler
                0x080029d8                LPTIM1_IRQHandler
                0x080029d8                DCMI_PSSI_IRQHandler
                0x080029d8                I2C4_ER_IRQHandler
                0x080029d8                DMA2_Stream6_IRQHandler
                0x080029d8                SAI1_IRQHandler
                0x080029d8                DMA1_Stream3_IRQHandler
 *fill*         0x080029da        0x2 
 .text.HAL_Init
                0x080029dc       0x78 ./Drivers/STM32H7xx_HAL_Driver/Src/stm32h7xx_hal.o
                0x080029dc                HAL_Init
 .text.HAL_InitTick
                0x08002a54       0x6c ./Drivers/STM32H7xx_HAL_Driver/Src/stm32h7xx_hal.o
                0x08002a54                HAL_InitTick
 .text.HAL_IncTick
                0x08002ac0       0x28 ./Drivers/STM32H7xx_HAL_Driver/Src/stm32h7xx_hal.o
                0x08002ac0                HAL_IncTick
 .text.HAL_GetTick
                0x08002ae8       0x18 ./Drivers/STM32H7xx_HAL_Driver/Src/stm32h7xx_hal.o
                0x08002ae8                HAL_GetTick
 .text.HAL_Delay
                0x08002b00       0x48 ./Drivers/STM32H7xx_HAL_Driver/Src/stm32h7xx_hal.o
                0x08002b00                HAL_Delay
 .text.__NVIC_SetPriorityGrouping
                0x08002b48       0x48 ./Drivers/STM32H7xx_HAL_Driver/Src/stm32h7xx_hal_cortex.o
 .text.__NVIC_GetPriorityGrouping
                0x08002b90       0x1c ./Drivers/STM32H7xx_HAL_Driver/Src/stm32h7xx_hal_cortex.o
 .text.__NVIC_EnableIRQ
                0x08002bac       0x3c ./Drivers/STM32H7xx_HAL_Driver/Src/stm32h7xx_hal_cortex.o
 .text.__NVIC_SetPriority
                0x08002be8       0x54 ./Drivers/STM32H7xx_HAL_Driver/Src/stm32h7xx_hal_cortex.o
 .text.NVIC_EncodePriority
                0x08002c3c       0x66 ./Drivers/STM32H7xx_HAL_Driver/Src/stm32h7xx_hal_cortex.o
 *fill*         0x08002ca2        0x2 
 .text.SysTick_Config
                0x08002ca4       0x44 ./Drivers/STM32H7xx_HAL_Driver/Src/stm32h7xx_hal_cortex.o
 .text.HAL_NVIC_SetPriorityGrouping
                0x08002ce8       0x16 ./Drivers/STM32H7xx_HAL_Driver/Src/stm32h7xx_hal_cortex.o
                0x08002ce8                HAL_NVIC_SetPriorityGrouping
 .text.HAL_NVIC_SetPriority
                0x08002cfe       0x34 ./Drivers/STM32H7xx_HAL_Driver/Src/stm32h7xx_hal_cortex.o
                0x08002cfe                HAL_NVIC_SetPriority
 .text.HAL_NVIC_EnableIRQ
                0x08002d32       0x1c ./Drivers/STM32H7xx_HAL_Driver/Src/stm32h7xx_hal_cortex.o
                0x08002d32                HAL_NVIC_EnableIRQ
 .text.HAL_SYSTICK_Config
                0x08002d4e       0x18 ./Drivers/STM32H7xx_HAL_Driver/Src/stm32h7xx_hal_cortex.o
                0x08002d4e                HAL_SYSTICK_Config
 *fill*         0x08002d66        0x2 
 .text.HAL_DMA_Init
                0x08002d68      0x6b0 ./Drivers/STM32H7xx_HAL_Driver/Src/stm32h7xx_hal_dma.o
                0x08002d68                HAL_DMA_Init
 .text.HAL_DMA_Abort
                0x08003418      0x63c ./Drivers/STM32H7xx_HAL_Driver/Src/stm32h7xx_hal_dma.o
                0x08003418                HAL_DMA_Abort
 .text.HAL_DMA_Abort_IT
                0x08003a54      0x48c ./Drivers/STM32H7xx_HAL_Driver/Src/stm32h7xx_hal_dma.o
                0x08003a54                HAL_DMA_Abort_IT
 .text.HAL_DMA_IRQHandler
                0x08003ee0      0xe54 ./Drivers/STM32H7xx_HAL_Driver/Src/stm32h7xx_hal_dma.o
                0x08003ee0                HAL_DMA_IRQHandler
 .text.DMA_CalcBaseAndBitshift
                0x08004d34      0x164 ./Drivers/STM32H7xx_HAL_Driver/Src/stm32h7xx_hal_dma.o
 .text.DMA_CheckFifoParam
                0x08004e98       0xf8 ./Drivers/STM32H7xx_HAL_Driver/Src/stm32h7xx_hal_dma.o
 .text.DMA_CalcDMAMUXChannelBaseAndMask
                0x08004f90      0x134 ./Drivers/STM32H7xx_HAL_Driver/Src/stm32h7xx_hal_dma.o
 .text.DMA_CalcDMAMUXRequestGenBaseAndMask
                0x080050c4       0xe8 ./Drivers/STM32H7xx_HAL_Driver/Src/stm32h7xx_hal_dma.o
 .text.HAL_GPIO_Init
                0x080051ac      0x350 ./Drivers/STM32H7xx_HAL_Driver/Src/stm32h7xx_hal_gpio.o
                0x080051ac                HAL_GPIO_Init
 .text.HAL_GPIO_ReadPin
                0x080054fc       0x30 ./Drivers/STM32H7xx_HAL_Driver/Src/stm32h7xx_hal_gpio.o
                0x080054fc                HAL_GPIO_ReadPin
 .text.HAL_GPIO_WritePin
                0x0800552c       0x32 ./Drivers/STM32H7xx_HAL_Driver/Src/stm32h7xx_hal_gpio.o
                0x0800552c                HAL_GPIO_WritePin
 .text.HAL_GPIO_TogglePin
                0x0800555e       0x34 ./Drivers/STM32H7xx_HAL_Driver/Src/stm32h7xx_hal_gpio.o
                0x0800555e                HAL_GPIO_TogglePin
 .text.HAL_PCD_Init
                0x08005592      0x218 ./Drivers/STM32H7xx_HAL_Driver/Src/stm32h7xx_hal_pcd.o
                0x08005592                HAL_PCD_Init
 .text.HAL_PCD_Start
                0x080057aa       0x6a ./Drivers/STM32H7xx_HAL_Driver/Src/stm32h7xx_hal_pcd.o
                0x080057aa                HAL_PCD_Start
 .text.HAL_PCD_IRQHandler
                0x08005814      0x99c ./Drivers/STM32H7xx_HAL_Driver/Src/stm32h7xx_hal_pcd.o
                0x08005814                HAL_PCD_IRQHandler
 .text.HAL_PCD_SetAddress
                0x080061b0       0x48 ./Drivers/STM32H7xx_HAL_Driver/Src/stm32h7xx_hal_pcd.o
                0x080061b0                HAL_PCD_SetAddress
 .text.HAL_PCD_EP_Open
                0x080061f8       0xd0 ./Drivers/STM32H7xx_HAL_Driver/Src/stm32h7xx_hal_pcd.o
                0x080061f8                HAL_PCD_EP_Open
 .text.HAL_PCD_EP_Close
                0x080062c8       0x94 ./Drivers/STM32H7xx_HAL_Driver/Src/stm32h7xx_hal_pcd.o
                0x080062c8                HAL_PCD_EP_Close
 .text.HAL_PCD_EP_Receive
                0x0800635c       0x76 ./Drivers/STM32H7xx_HAL_Driver/Src/stm32h7xx_hal_pcd.o
                0x0800635c                HAL_PCD_EP_Receive
 .text.HAL_PCD_EP_GetRxCount
                0x080063d2       0x30 ./Drivers/STM32H7xx_HAL_Driver/Src/stm32h7xx_hal_pcd.o
                0x080063d2                HAL_PCD_EP_GetRxCount
 .text.HAL_PCD_EP_Transmit
                0x08006402       0x74 ./Drivers/STM32H7xx_HAL_Driver/Src/stm32h7xx_hal_pcd.o
                0x08006402                HAL_PCD_EP_Transmit
 .text.HAL_PCD_EP_SetStall
                0x08006476       0xc6 ./Drivers/STM32H7xx_HAL_Driver/Src/stm32h7xx_hal_pcd.o
                0x08006476                HAL_PCD_EP_SetStall
 .text.HAL_PCD_EP_ClrStall
                0x0800653c       0xac ./Drivers/STM32H7xx_HAL_Driver/Src/stm32h7xx_hal_pcd.o
                0x0800653c                HAL_PCD_EP_ClrStall
 .text.HAL_PCD_EP_Abort
                0x080065e8       0x62 ./Drivers/STM32H7xx_HAL_Driver/Src/stm32h7xx_hal_pcd.o
                0x080065e8                HAL_PCD_EP_Abort
 .text.PCD_WriteEmptyTxFifo
                0x0800664a      0x118 ./Drivers/STM32H7xx_HAL_Driver/Src/stm32h7xx_hal_pcd.o
 *fill*         0x08006762        0x2 
 .text.PCD_EP_OutXfrComplete_int
                0x08006764      0x1d0 ./Drivers/STM32H7xx_HAL_Driver/Src/stm32h7xx_hal_pcd.o
 .text.PCD_EP_OutSetupPacket_int
                0x08006934       0x8c ./Drivers/STM32H7xx_HAL_Driver/Src/stm32h7xx_hal_pcd.o
 .text.HAL_PCDEx_SetTxFiFo
                0x080069c0       0x8e ./Drivers/STM32H7xx_HAL_Driver/Src/stm32h7xx_hal_pcd_ex.o
                0x080069c0                HAL_PCDEx_SetTxFiFo
 .text.HAL_PCDEx_SetRxFiFo
                0x08006a4e       0x22 ./Drivers/STM32H7xx_HAL_Driver/Src/stm32h7xx_hal_pcd_ex.o
                0x08006a4e                HAL_PCDEx_SetRxFiFo
 .text.HAL_PCDEx_ActivateLPM
                0x08006a70       0x48 ./Drivers/STM32H7xx_HAL_Driver/Src/stm32h7xx_hal_pcd_ex.o
                0x08006a70                HAL_PCDEx_ActivateLPM
 .text.HAL_PCDEx_LPM_Callback
                0x08006ab8       0x18 ./Drivers/STM32H7xx_HAL_Driver/Src/stm32h7xx_hal_pcd_ex.o
                0x08006ab8                HAL_PCDEx_LPM_Callback
 .text.HAL_PWREx_ConfigSupply
                0x08006ad0       0x74 ./Drivers/STM32H7xx_HAL_Driver/Src/stm32h7xx_hal_pwr_ex.o
                0x08006ad0                HAL_PWREx_ConfigSupply
 .text.HAL_PWREx_EnableUSBVoltageDetector
                0x08006b44       0x20 ./Drivers/STM32H7xx_HAL_Driver/Src/stm32h7xx_hal_pwr_ex.o
                0x08006b44                HAL_PWREx_EnableUSBVoltageDetector
 .text.HAL_RCC_OscConfig
                0x08006b64      0x7b4 ./Drivers/STM32H7xx_HAL_Driver/Src/stm32h7xx_hal_rcc.o
                0x08006b64                HAL_RCC_OscConfig
 .text.HAL_RCC_ClockConfig
                0x08007318      0x36c ./Drivers/STM32H7xx_HAL_Driver/Src/stm32h7xx_hal_rcc.o
                0x08007318                HAL_RCC_ClockConfig
 .text.HAL_RCC_GetSysClockFreq
                0x08007684      0x2f4 ./Drivers/STM32H7xx_HAL_Driver/Src/stm32h7xx_hal_rcc.o
                0x08007684                HAL_RCC_GetSysClockFreq
 .text.HAL_RCC_GetHCLKFreq
                0x08007978       0x60 ./Drivers/STM32H7xx_HAL_Driver/Src/stm32h7xx_hal_rcc.o
                0x08007978                HAL_RCC_GetHCLKFreq
 .text.HAL_RCC_GetPCLK1Freq
                0x080079d8       0x2c ./Drivers/STM32H7xx_HAL_Driver/Src/stm32h7xx_hal_rcc.o
                0x080079d8                HAL_RCC_GetPCLK1Freq
 .text.HAL_RCC_GetPCLK2Freq
                0x08007a04       0x2c ./Drivers/STM32H7xx_HAL_Driver/Src/stm32h7xx_hal_rcc.o
                0x08007a04                HAL_RCC_GetPCLK2Freq
 .text.HAL_RCCEx_PeriphCLKConfig
                0x08007a30     0x1340 ./Drivers/STM32H7xx_HAL_Driver/Src/stm32h7xx_hal_rcc_ex.o
                0x08007a30                HAL_RCCEx_PeriphCLKConfig
 .text.HAL_RCCEx_GetD3PCLK1Freq
                0x08008d70       0x2c ./Drivers/STM32H7xx_HAL_Driver/Src/stm32h7xx_hal_rcc_ex.o
                0x08008d70                HAL_RCCEx_GetD3PCLK1Freq
 .text.HAL_RCCEx_GetPLL2ClockFreq
                0x08008d9c      0x2a8 ./Drivers/STM32H7xx_HAL_Driver/Src/stm32h7xx_hal_rcc_ex.o
                0x08008d9c                HAL_RCCEx_GetPLL2ClockFreq
 .text.HAL_RCCEx_GetPLL3ClockFreq
                0x08009044      0x2a8 ./Drivers/STM32H7xx_HAL_Driver/Src/stm32h7xx_hal_rcc_ex.o
                0x08009044                HAL_RCCEx_GetPLL3ClockFreq
 .text.RCCEx_PLL2_Config
                0x080092ec      0x164 ./Drivers/STM32H7xx_HAL_Driver/Src/stm32h7xx_hal_rcc_ex.o
 .text.RCCEx_PLL3_Config
                0x08009450      0x164 ./Drivers/STM32H7xx_HAL_Driver/Src/stm32h7xx_hal_rcc_ex.o
 .text.HAL_SPI_Init
                0x080095b4      0x248 ./Drivers/STM32H7xx_HAL_Driver/Src/stm32h7xx_hal_spi.o
                0x080095b4                HAL_SPI_Init
 .text.HAL_SPI_Transmit
                0x080097fc      0x3dc ./Drivers/STM32H7xx_HAL_Driver/Src/stm32h7xx_hal_spi.o
                0x080097fc                HAL_SPI_Transmit
 .text.HAL_SPI_TransmitReceive
                0x08009bd8      0x674 ./Drivers/STM32H7xx_HAL_Driver/Src/stm32h7xx_hal_spi.o
                0x08009bd8                HAL_SPI_TransmitReceive
 .text.HAL_SPI_IRQHandler
                0x0800a24c      0x39c ./Drivers/STM32H7xx_HAL_Driver/Src/stm32h7xx_hal_spi.o
                0x0800a24c                HAL_SPI_IRQHandler
 .text.HAL_SPI_TxCpltCallback
                0x0800a5e8       0x14 ./Drivers/STM32H7xx_HAL_Driver/Src/stm32h7xx_hal_spi.o
                0x0800a5e8                HAL_SPI_TxCpltCallback
 .text.HAL_SPI_RxCpltCallback
                0x0800a5fc       0x14 ./Drivers/STM32H7xx_HAL_Driver/Src/stm32h7xx_hal_spi.o
                0x0800a5fc                HAL_SPI_RxCpltCallback
 .text.HAL_SPI_TxRxCpltCallback
                0x0800a610       0x14 ./Drivers/STM32H7xx_HAL_Driver/Src/stm32h7xx_hal_spi.o
                0x0800a610                HAL_SPI_TxRxCpltCallback
 .text.HAL_SPI_ErrorCallback
                0x0800a624       0x14 ./Drivers/STM32H7xx_HAL_Driver/Src/stm32h7xx_hal_spi.o
                0x0800a624                HAL_SPI_ErrorCallback
 .text.HAL_SPI_SuspendCallback
                0x0800a638       0x14 ./Drivers/STM32H7xx_HAL_Driver/Src/stm32h7xx_hal_spi.o
                0x0800a638                HAL_SPI_SuspendCallback
 .text.SPI_DMAAbortOnError
                0x0800a64c       0x34 ./Drivers/STM32H7xx_HAL_Driver/Src/stm32h7xx_hal_spi.o
 .text.SPI_CloseTransfer
                0x0800a680      0x140 ./Drivers/STM32H7xx_HAL_Driver/Src/stm32h7xx_hal_spi.o
 .text.SPI_WaitOnFlagUntilTimeout
                0x0800a7c0       0x5c ./Drivers/STM32H7xx_HAL_Driver/Src/stm32h7xx_hal_spi.o
 .text.SPI_GetPacketSize
                0x0800a81c       0x36 ./Drivers/STM32H7xx_HAL_Driver/Src/stm32h7xx_hal_spi.o
 .text.HAL_TIM_Base_Init
                0x0800a852       0xae ./Drivers/STM32H7xx_HAL_Driver/Src/stm32h7xx_hal_tim.o
                0x0800a852                HAL_TIM_Base_Init
 .text.HAL_TIM_Base_Start
                0x0800a900       0xfc ./Drivers/STM32H7xx_HAL_Driver/Src/stm32h7xx_hal_tim.o
                0x0800a900                HAL_TIM_Base_Start
 .text.HAL_TIM_IRQHandler
                0x0800a9fc      0x20e ./Drivers/STM32H7xx_HAL_Driver/Src/stm32h7xx_hal_tim.o
                0x0800a9fc                HAL_TIM_IRQHandler
 .text.HAL_TIM_PeriodElapsedCallback
                0x0800ac0a       0x14 ./Drivers/STM32H7xx_HAL_Driver/Src/stm32h7xx_hal_tim.o
                0x0800ac0a                HAL_TIM_PeriodElapsedCallback
 .text.HAL_TIM_OC_DelayElapsedCallback
                0x0800ac1e       0x14 ./Drivers/STM32H7xx_HAL_Driver/Src/stm32h7xx_hal_tim.o
                0x0800ac1e                HAL_TIM_OC_DelayElapsedCallback
 .text.HAL_TIM_IC_CaptureCallback
                0x0800ac32       0x14 ./Drivers/STM32H7xx_HAL_Driver/Src/stm32h7xx_hal_tim.o
                0x0800ac32                HAL_TIM_IC_CaptureCallback
 .text.HAL_TIM_PWM_PulseFinishedCallback
                0x0800ac46       0x14 ./Drivers/STM32H7xx_HAL_Driver/Src/stm32h7xx_hal_tim.o
                0x0800ac46                HAL_TIM_PWM_PulseFinishedCallback
 .text.HAL_TIM_TriggerCallback
                0x0800ac5a       0x14 ./Drivers/STM32H7xx_HAL_Driver/Src/stm32h7xx_hal_tim.o
                0x0800ac5a                HAL_TIM_TriggerCallback
 *fill*         0x0800ac6e        0x2 
 .text.TIM_Base_SetConfig
                0x0800ac70      0x164 ./Drivers/STM32H7xx_HAL_Driver/Src/stm32h7xx_hal_tim.o
                0x0800ac70                TIM_Base_SetConfig
 .text.HAL_TIMEx_CommutCallback
                0x0800add4       0x14 ./Drivers/STM32H7xx_HAL_Driver/Src/stm32h7xx_hal_tim_ex.o
                0x0800add4                HAL_TIMEx_CommutCallback
 .text.HAL_TIMEx_BreakCallback
                0x0800ade8       0x14 ./Drivers/STM32H7xx_HAL_Driver/Src/stm32h7xx_hal_tim_ex.o
                0x0800ade8                HAL_TIMEx_BreakCallback
 .text.HAL_TIMEx_Break2Callback
                0x0800adfc       0x14 ./Drivers/STM32H7xx_HAL_Driver/Src/stm32h7xx_hal_tim_ex.o
                0x0800adfc                HAL_TIMEx_Break2Callback
 .text.HAL_UART_Init
                0x0800ae10       0xa0 ./Drivers/STM32H7xx_HAL_Driver/Src/stm32h7xx_hal_uart.o
                0x0800ae10                HAL_UART_Init
 .text.HAL_UART_Transmit
                0x0800aeb0      0x11c ./Drivers/STM32H7xx_HAL_Driver/Src/stm32h7xx_hal_uart.o
                0x0800aeb0                HAL_UART_Transmit
 .text.HAL_UART_Receive
                0x0800afcc      0x190 ./Drivers/STM32H7xx_HAL_Driver/Src/stm32h7xx_hal_uart.o
                0x0800afcc                HAL_UART_Receive
 .text.HAL_UART_IRQHandler
                0x0800b15c      0x774 ./Drivers/STM32H7xx_HAL_Driver/Src/stm32h7xx_hal_uart.o
                0x0800b15c                HAL_UART_IRQHandler
 .text.HAL_UART_TxCpltCallback
                0x0800b8d0       0x14 ./Drivers/STM32H7xx_HAL_Driver/Src/stm32h7xx_hal_uart.o
                0x0800b8d0                HAL_UART_TxCpltCallback
 .text.HAL_UART_RxCpltCallback
                0x0800b8e4       0x14 ./Drivers/STM32H7xx_HAL_Driver/Src/stm32h7xx_hal_uart.o
                0x0800b8e4                HAL_UART_RxCpltCallback
 .text.HAL_UART_ErrorCallback
                0x0800b8f8       0x14 ./Drivers/STM32H7xx_HAL_Driver/Src/stm32h7xx_hal_uart.o
                0x0800b8f8                HAL_UART_ErrorCallback
 .text.UART_SetConfig
                0x0800b90c      0xcd8 ./Drivers/STM32H7xx_HAL_Driver/Src/stm32h7xx_hal_uart.o
                0x0800b90c                UART_SetConfig
 .text.UART_AdvFeatureConfig
                0x0800c5e4      0x144 ./Drivers/STM32H7xx_HAL_Driver/Src/stm32h7xx_hal_uart.o
                0x0800c5e4                UART_AdvFeatureConfig
 .text.UART_CheckIdleState
                0x0800c728      0x154 ./Drivers/STM32H7xx_HAL_Driver/Src/stm32h7xx_hal_uart.o
                0x0800c728                UART_CheckIdleState
 .text.UART_WaitOnFlagUntilTimeout
                0x0800c87c       0xda ./Drivers/STM32H7xx_HAL_Driver/Src/stm32h7xx_hal_uart.o
                0x0800c87c                UART_WaitOnFlagUntilTimeout
 *fill*         0x0800c956        0x2 
 .text.UART_Start_Receive_IT
                0x0800c958      0x244 ./Drivers/STM32H7xx_HAL_Driver/Src/stm32h7xx_hal_uart.o
                0x0800c958                UART_Start_Receive_IT
 .text.UART_EndRxTransfer
                0x0800cb9c       0xcc ./Drivers/STM32H7xx_HAL_Driver/Src/stm32h7xx_hal_uart.o
 .text.UART_DMAAbortOnError
                0x0800cc68       0x2c ./Drivers/STM32H7xx_HAL_Driver/Src/stm32h7xx_hal_uart.o
 .text.UART_EndTransmit_IT
                0x0800cc94       0x56 ./Drivers/STM32H7xx_HAL_Driver/Src/stm32h7xx_hal_uart.o
 *fill*         0x0800ccea        0x2 
 .text.UART_RxISR_8BIT
                0x0800ccec      0x1b8 ./Drivers/STM32H7xx_HAL_Driver/Src/stm32h7xx_hal_uart.o
 .text.UART_RxISR_16BIT
                0x0800cea4      0x1b8 ./Drivers/STM32H7xx_HAL_Driver/Src/stm32h7xx_hal_uart.o
 .text.UART_RxISR_8BIT_FIFOEN
                0x0800d05c      0x360 ./Drivers/STM32H7xx_HAL_Driver/Src/stm32h7xx_hal_uart.o
 .text.UART_RxISR_16BIT_FIFOEN
                0x0800d3bc      0x368 ./Drivers/STM32H7xx_HAL_Driver/Src/stm32h7xx_hal_uart.o
 .text.HAL_UARTEx_WakeupCallback
                0x0800d724       0x14 ./Drivers/STM32H7xx_HAL_Driver/Src/stm32h7xx_hal_uart_ex.o
                0x0800d724                HAL_UARTEx_WakeupCallback
 .text.HAL_UARTEx_RxFifoFullCallback
                0x0800d738       0x14 ./Drivers/STM32H7xx_HAL_Driver/Src/stm32h7xx_hal_uart_ex.o
                0x0800d738                HAL_UARTEx_RxFifoFullCallback
 .text.HAL_UARTEx_TxFifoEmptyCallback
                0x0800d74c       0x14 ./Drivers/STM32H7xx_HAL_Driver/Src/stm32h7xx_hal_uart_ex.o
                0x0800d74c                HAL_UARTEx_TxFifoEmptyCallback
 .text.HAL_UARTEx_DisableFifoMode
                0x0800d760       0x72 ./Drivers/STM32H7xx_HAL_Driver/Src/stm32h7xx_hal_uart_ex.o
                0x0800d760                HAL_UARTEx_DisableFifoMode
 .text.HAL_UARTEx_SetTxFifoThreshold
                0x0800d7d2       0x7c ./Drivers/STM32H7xx_HAL_Driver/Src/stm32h7xx_hal_uart_ex.o
                0x0800d7d2                HAL_UARTEx_SetTxFifoThreshold
 .text.HAL_UARTEx_SetRxFifoThreshold
                0x0800d84e       0x7c ./Drivers/STM32H7xx_HAL_Driver/Src/stm32h7xx_hal_uart_ex.o
                0x0800d84e                HAL_UARTEx_SetRxFifoThreshold
 .text.HAL_UARTEx_ReceiveToIdle_IT
                0x0800d8ca       0xa0 ./Drivers/STM32H7xx_HAL_Driver/Src/stm32h7xx_hal_uart_ex.o
                0x0800d8ca                HAL_UARTEx_ReceiveToIdle_IT
 *fill*         0x0800d96a        0x2 
 .text.UARTEx_SetNbDataToProcess
                0x0800d96c       0x9c ./Drivers/STM32H7xx_HAL_Driver/Src/stm32h7xx_hal_uart_ex.o
 .text.USB_CoreInit
                0x0800da08       0xe4 ./Drivers/STM32H7xx_HAL_Driver/Src/stm32h7xx_ll_usb.o
                0x0800da08                USB_CoreInit
 .text.USB_SetTurnaroundTime
                0x0800daec      0x144 ./Drivers/STM32H7xx_HAL_Driver/Src/stm32h7xx_ll_usb.o
                0x0800daec                USB_SetTurnaroundTime
 .text.USB_EnableGlobalInt
                0x0800dc30       0x22 ./Drivers/STM32H7xx_HAL_Driver/Src/stm32h7xx_ll_usb.o
                0x0800dc30                USB_EnableGlobalInt
 .text.USB_DisableGlobalInt
                0x0800dc52       0x22 ./Drivers/STM32H7xx_HAL_Driver/Src/stm32h7xx_ll_usb.o
                0x0800dc52                USB_DisableGlobalInt
 .text.USB_SetCurrentMode
                0x0800dc74       0x98 ./Drivers/STM32H7xx_HAL_Driver/Src/stm32h7xx_ll_usb.o
                0x0800dc74                USB_SetCurrentMode
 .text.USB_DevInit
                0x0800dd0c      0x2bc ./Drivers/STM32H7xx_HAL_Driver/Src/stm32h7xx_ll_usb.o
                0x0800dd0c                USB_DevInit
 .text.USB_FlushTxFifo
                0x0800dfc8       0x64 ./Drivers/STM32H7xx_HAL_Driver/Src/stm32h7xx_ll_usb.o
                0x0800dfc8                USB_FlushTxFifo
 .text.USB_FlushRxFifo
                0x0800e02c       0x5c ./Drivers/STM32H7xx_HAL_Driver/Src/stm32h7xx_ll_usb.o
                0x0800e02c                USB_FlushRxFifo
 .text.USB_SetDevSpeed
                0x0800e088       0x32 ./Drivers/STM32H7xx_HAL_Driver/Src/stm32h7xx_ll_usb.o
                0x0800e088                USB_SetDevSpeed
 .text.USB_GetDevSpeed
                0x0800e0ba       0x4a ./Drivers/STM32H7xx_HAL_Driver/Src/stm32h7xx_ll_usb.o
                0x0800e0ba                USB_GetDevSpeed
 .text.USB_ActivateEndpoint
                0x0800e104      0x110 ./Drivers/STM32H7xx_HAL_Driver/Src/stm32h7xx_ll_usb.o
                0x0800e104                USB_ActivateEndpoint
 .text.USB_DeactivateEndpoint
                0x0800e214      0x1b8 ./Drivers/STM32H7xx_HAL_Driver/Src/stm32h7xx_ll_usb.o
                0x0800e214                USB_DeactivateEndpoint
 .text.USB_EPStartXfer
                0x0800e3cc      0x540 ./Drivers/STM32H7xx_HAL_Driver/Src/stm32h7xx_ll_usb.o
                0x0800e3cc                USB_EPStartXfer
 .text.USB_EPStopXfer
                0x0800e90c      0x154 ./Drivers/STM32H7xx_HAL_Driver/Src/stm32h7xx_ll_usb.o
                0x0800e90c                USB_EPStopXfer
 .text.USB_WritePacket
                0x0800ea60       0x7c ./Drivers/STM32H7xx_HAL_Driver/Src/stm32h7xx_ll_usb.o
                0x0800ea60                USB_WritePacket
 .text.USB_ReadPacket
                0x0800eadc       0xb0 ./Drivers/STM32H7xx_HAL_Driver/Src/stm32h7xx_ll_usb.o
                0x0800eadc                USB_ReadPacket
 .text.USB_EPSetStall
                0x0800eb8c       0xdc ./Drivers/STM32H7xx_HAL_Driver/Src/stm32h7xx_ll_usb.o
                0x0800eb8c                USB_EPSetStall
 .text.USB_EPClearStall
                0x0800ec68       0xcc ./Drivers/STM32H7xx_HAL_Driver/Src/stm32h7xx_ll_usb.o
                0x0800ec68                USB_EPClearStall
 .text.USB_SetDevAddress
                0x0800ed34       0x4c ./Drivers/STM32H7xx_HAL_Driver/Src/stm32h7xx_ll_usb.o
                0x0800ed34                USB_SetDevAddress
 .text.USB_DevConnect
                0x0800ed80       0x42 ./Drivers/STM32H7xx_HAL_Driver/Src/stm32h7xx_ll_usb.o
                0x0800ed80                USB_DevConnect
 .text.USB_DevDisconnect
                0x0800edc2       0x42 ./Drivers/STM32H7xx_HAL_Driver/Src/stm32h7xx_ll_usb.o
                0x0800edc2                USB_DevDisconnect
 .text.USB_ReadInterrupts
                0x0800ee04       0x26 ./Drivers/STM32H7xx_HAL_Driver/Src/stm32h7xx_ll_usb.o
                0x0800ee04                USB_ReadInterrupts
 .text.USB_ReadDevAllOutEpInterrupt
                0x0800ee2a       0x34 ./Drivers/STM32H7xx_HAL_Driver/Src/stm32h7xx_ll_usb.o
                0x0800ee2a                USB_ReadDevAllOutEpInterrupt
 .text.USB_ReadDevAllInEpInterrupt
                0x0800ee5e       0x34 ./Drivers/STM32H7xx_HAL_Driver/Src/stm32h7xx_ll_usb.o
                0x0800ee5e                USB_ReadDevAllInEpInterrupt
 .text.USB_ReadDevOutEPInterrupt
                0x0800ee92       0x3c ./Drivers/STM32H7xx_HAL_Driver/Src/stm32h7xx_ll_usb.o
                0x0800ee92                USB_ReadDevOutEPInterrupt
 .text.USB_ReadDevInEPInterrupt
                0x0800eece       0x5c ./Drivers/STM32H7xx_HAL_Driver/Src/stm32h7xx_ll_usb.o
                0x0800eece                USB_ReadDevInEPInterrupt
 .text.USB_GetMode
                0x0800ef2a       0x1c ./Drivers/STM32H7xx_HAL_Driver/Src/stm32h7xx_ll_usb.o
                0x0800ef2a                USB_GetMode
 *fill*         0x0800ef46        0x2 
 .text.USB_ActivateSetup
                0x0800ef48       0x48 ./Drivers/STM32H7xx_HAL_Driver/Src/stm32h7xx_ll_usb.o
                0x0800ef48                USB_ActivateSetup
 .text.USB_EP0_OutStart
                0x0800ef90       0xbc ./Drivers/STM32H7xx_HAL_Driver/Src/stm32h7xx_ll_usb.o
                0x0800ef90                USB_EP0_OutStart
 .text.USB_CoreReset
                0x0800f04c       0x62 ./Drivers/STM32H7xx_HAL_Driver/Src/stm32h7xx_ll_usb.o
 *fill*         0x0800f0ae        0x2 
 .text.MX_FATFS_Init
                0x0800f0b0       0x24 ./FATFS/App/fatfs.o
                0x0800f0b0                MX_FATFS_Init
 .text.get_fattime
                0x0800f0d4       0x10 ./FATFS/App/fatfs.o
                0x0800f0d4                get_fattime
 .text.USER_initialize
                0x0800f0e4       0x1c ./FATFS/Target/user_diskio.o
                0x0800f0e4                USER_initialize
 .text.USER_status
                0x0800f100       0x1c ./FATFS/Target/user_diskio.o
                0x0800f100                USER_status
 .text.USER_read
                0x0800f11c       0x26 ./FATFS/Target/user_diskio.o
                0x0800f11c                USER_read
 .text.USER_write
                0x0800f142       0x26 ./FATFS/Target/user_diskio.o
                0x0800f142                USER_write
 .text.USER_ioctl
                0x0800f168       0x26 ./FATFS/Target/user_diskio.o
                0x0800f168                USER_ioctl
 *fill*         0x0800f18e        0x2 
 .text.USBD_CDC_Init
                0x0800f190      0x1f0 ./Middlewares/ST/STM32_USB_Device_Library/Class/CDC/Src/usbd_cdc.o
 .text.USBD_CDC_DeInit
                0x0800f380      0x104 ./Middlewares/ST/STM32_USB_Device_Library/Class/CDC/Src/usbd_cdc.o
 .text.USBD_CDC_Setup
                0x0800f484      0x1b8 ./Middlewares/ST/STM32_USB_Device_Library/Class/CDC/Src/usbd_cdc.o
 .text.USBD_CDC_DataIn
                0x0800f63c       0xfe ./Middlewares/ST/STM32_USB_Device_Library/Class/CDC/Src/usbd_cdc.o
 .text.USBD_CDC_DataOut
                0x0800f73a       0x70 ./Middlewares/ST/STM32_USB_Device_Library/Class/CDC/Src/usbd_cdc.o
 .text.USBD_CDC_EP0_RxReady
                0x0800f7aa       0x74 ./Middlewares/ST/STM32_USB_Device_Library/Class/CDC/Src/usbd_cdc.o
 *fill*         0x0800f81e        0x2 
 .text.USBD_CDC_GetFSCfgDesc
                0x0800f820       0x70 ./Middlewares/ST/STM32_USB_Device_Library/Class/CDC/Src/usbd_cdc.o
 .text.USBD_CDC_GetHSCfgDesc
                0x0800f890       0x70 ./Middlewares/ST/STM32_USB_Device_Library/Class/CDC/Src/usbd_cdc.o
 .text.USBD_CDC_GetOtherSpeedCfgDesc
                0x0800f900       0x70 ./Middlewares/ST/STM32_USB_Device_Library/Class/CDC/Src/usbd_cdc.o
 .text.USBD_CDC_GetDeviceQualifierDescriptor
                0x0800f970       0x20 ./Middlewares/ST/STM32_USB_Device_Library/Class/CDC/Src/usbd_cdc.o
                0x0800f970                USBD_CDC_GetDeviceQualifierDescriptor
 .text.USBD_CDC_RegisterInterface
                0x0800f990       0x34 ./Middlewares/ST/STM32_USB_Device_Library/Class/CDC/Src/usbd_cdc.o
                0x0800f990                USBD_CDC_RegisterInterface
 .text.USBD_CDC_SetTxBuffer
                0x0800f9c4       0x44 ./Middlewares/ST/STM32_USB_Device_Library/Class/CDC/Src/usbd_cdc.o
                0x0800f9c4                USBD_CDC_SetTxBuffer
 .text.USBD_CDC_SetRxBuffer
                0x0800fa08       0x3a ./Middlewares/ST/STM32_USB_Device_Library/Class/CDC/Src/usbd_cdc.o
                0x0800fa08                USBD_CDC_SetRxBuffer
 *fill*         0x0800fa42        0x2 
 .text.USBD_CDC_TransmitPacket
                0x0800fa44       0x80 ./Middlewares/ST/STM32_USB_Device_Library/Class/CDC/Src/usbd_cdc.o
                0x0800fa44                USBD_CDC_TransmitPacket
 .text.USBD_CDC_ReceivePacket
                0x0800fac4       0x6c ./Middlewares/ST/STM32_USB_Device_Library/Class/CDC/Src/usbd_cdc.o
                0x0800fac4                USBD_CDC_ReceivePacket
 .text.USBD_Init
                0x0800fb30       0x60 ./Middlewares/ST/STM32_USB_Device_Library/Core/Src/usbd_core.o
                0x0800fb30                USBD_Init
 .text.USBD_RegisterClass
                0x0800fb90       0x6c ./Middlewares/ST/STM32_USB_Device_Library/Core/Src/usbd_core.o
                0x0800fb90                USBD_RegisterClass
 .text.USBD_Start
                0x0800fbfc       0x18 ./Middlewares/ST/STM32_USB_Device_Library/Core/Src/usbd_core.o
                0x0800fbfc                USBD_Start
 .text.USBD_RunTestMode
                0x0800fc14       0x16 ./Middlewares/ST/STM32_USB_Device_Library/Core/Src/usbd_core.o
                0x0800fc14                USBD_RunTestMode
 .text.USBD_SetClassConfig
                0x0800fc2a       0x38 ./Middlewares/ST/STM32_USB_Device_Library/Core/Src/usbd_core.o
                0x0800fc2a                USBD_SetClassConfig
 .text.USBD_ClrClassConfig
                0x0800fc62       0x34 ./Middlewares/ST/STM32_USB_Device_Library/Core/Src/usbd_core.o
                0x0800fc62                USBD_ClrClassConfig
 .text.USBD_LL_SetupStage
                0x0800fc96       0xaa ./Middlewares/ST/STM32_USB_Device_Library/Core/Src/usbd_core.o
                0x0800fc96                USBD_LL_SetupStage
 .text.USBD_LL_DataOutStage
                0x0800fd40      0x166 ./Middlewares/ST/STM32_USB_Device_Library/Core/Src/usbd_core.o
                0x0800fd40                USBD_LL_DataOutStage
 .text.USBD_LL_DataInStage
                0x0800fea6      0x164 ./Middlewares/ST/STM32_USB_Device_Library/Core/Src/usbd_core.o
                0x0800fea6                USBD_LL_DataInStage
 .text.USBD_LL_Reset
                0x0801000a       0xa4 ./Middlewares/ST/STM32_USB_Device_Library/Core/Src/usbd_core.o
                0x0801000a                USBD_LL_Reset
 .text.USBD_LL_SetSpeed
                0x080100ae       0x20 ./Middlewares/ST/STM32_USB_Device_Library/Core/Src/usbd_core.o
                0x080100ae                USBD_LL_SetSpeed
 .text.USBD_LL_Suspend
                0x080100ce       0x38 ./Middlewares/ST/STM32_USB_Device_Library/Core/Src/usbd_core.o
                0x080100ce                USBD_LL_Suspend
 .text.USBD_LL_Resume
                0x08010106       0x30 ./Middlewares/ST/STM32_USB_Device_Library/Core/Src/usbd_core.o
                0x08010106                USBD_LL_Resume
 .text.USBD_LL_SOF
                0x08010136       0x40 ./Middlewares/ST/STM32_USB_Device_Library/Core/Src/usbd_core.o
                0x08010136                USBD_LL_SOF
 .text.USBD_LL_IsoINIncomplete
                0x08010176       0x64 ./Middlewares/ST/STM32_USB_Device_Library/Core/Src/usbd_core.o
                0x08010176                USBD_LL_IsoINIncomplete
 .text.USBD_LL_IsoOUTIncomplete
                0x080101da       0x64 ./Middlewares/ST/STM32_USB_Device_Library/Core/Src/usbd_core.o
                0x080101da                USBD_LL_IsoOUTIncomplete
 .text.USBD_LL_DevConnected
                0x0801023e       0x16 ./Middlewares/ST/STM32_USB_Device_Library/Core/Src/usbd_core.o
                0x0801023e                USBD_LL_DevConnected
 .text.USBD_LL_DevDisconnected
                0x08010254       0x46 ./Middlewares/ST/STM32_USB_Device_Library/Core/Src/usbd_core.o
                0x08010254                USBD_LL_DevDisconnected
 .text.USBD_CoreFindIF
                0x0801029a       0x1a ./Middlewares/ST/STM32_USB_Device_Library/Core/Src/usbd_core.o
                0x0801029a                USBD_CoreFindIF
 .text.USBD_CoreFindEP
                0x080102b4       0x1a ./Middlewares/ST/STM32_USB_Device_Library/Core/Src/usbd_core.o
                0x080102b4                USBD_CoreFindEP
 .text.USBD_GetEpDesc
                0x080102ce       0x70 ./Middlewares/ST/STM32_USB_Device_Library/Core/Src/usbd_core.o
                0x080102ce                USBD_GetEpDesc
 .text.USBD_GetNextDesc
                0x0801033e       0x38 ./Middlewares/ST/STM32_USB_Device_Library/Core/Src/usbd_core.o
                0x0801033e                USBD_GetNextDesc
 .text.SWAPBYTE
                0x08010376       0x3c ./Middlewares/ST/STM32_USB_Device_Library/Core/Src/usbd_ctlreq.o
 *fill*         0x080103b2        0x2 
 .text.USBD_StdDevReq
                0x080103b4       0xe4 ./Middlewares/ST/STM32_USB_Device_Library/Core/Src/usbd_ctlreq.o
                0x080103b4                USBD_StdDevReq
 .text.USBD_StdItfReq
                0x08010498       0xd8 ./Middlewares/ST/STM32_USB_Device_Library/Core/Src/usbd_ctlreq.o
                0x08010498                USBD_StdItfReq
 .text.USBD_StdEPReq
                0x08010570      0x33a ./Middlewares/ST/STM32_USB_Device_Library/Core/Src/usbd_ctlreq.o
                0x08010570                USBD_StdEPReq
 *fill*         0x080108aa        0x2 
 .text.USBD_GetDescriptor
                0x080108ac      0x328 ./Middlewares/ST/STM32_USB_Device_Library/Core/Src/usbd_ctlreq.o
 .text.USBD_SetAddress
                0x08010bd4       0x88 ./Middlewares/ST/STM32_USB_Device_Library/Core/Src/usbd_ctlreq.o
 .text.USBD_SetConfig
                0x08010c5c      0x154 ./Middlewares/ST/STM32_USB_Device_Library/Core/Src/usbd_ctlreq.o
 .text.USBD_GetConfig
                0x08010db0       0x6c ./Middlewares/ST/STM32_USB_Device_Library/Core/Src/usbd_ctlreq.o
 .text.USBD_GetStatus
                0x08010e1c       0x68 ./Middlewares/ST/STM32_USB_Device_Library/Core/Src/usbd_ctlreq.o
 .text.USBD_SetFeature
                0x08010e84       0x52 ./Middlewares/ST/STM32_USB_Device_Library/Core/Src/usbd_ctlreq.o
 .text.USBD_ClrFeature
                0x08010ed6       0x44 ./Middlewares/ST/STM32_USB_Device_Library/Core/Src/usbd_ctlreq.o
 .text.USBD_ParseSetupRequest
                0x08010f1a       0x74 ./Middlewares/ST/STM32_USB_Device_Library/Core/Src/usbd_ctlreq.o
                0x08010f1a                USBD_ParseSetupRequest
 .text.USBD_CtlError
                0x08010f8e       0x22 ./Middlewares/ST/STM32_USB_Device_Library/Core/Src/usbd_ctlreq.o
                0x08010f8e                USBD_CtlError
 .text.USBD_GetString
                0x08010fb0       0xa4 ./Middlewares/ST/STM32_USB_Device_Library/Core/Src/usbd_ctlreq.o
                0x08010fb0                USBD_GetString
 .text.USBD_GetLen
                0x08011054       0x34 ./Middlewares/ST/STM32_USB_Device_Library/Core/Src/usbd_ctlreq.o
 .text.USBD_CtlSendData
                0x08011088       0x36 ./Middlewares/ST/STM32_USB_Device_Library/Core/Src/usbd_ioreq.o
                0x08011088                USBD_CtlSendData
 .text.USBD_CtlContinueSendData
                0x080110be       0x22 ./Middlewares/ST/STM32_USB_Device_Library/Core/Src/usbd_ioreq.o
                0x080110be                USBD_CtlContinueSendData
 .text.USBD_CtlPrepareRx
                0x080110e0       0x3a ./Middlewares/ST/STM32_USB_Device_Library/Core/Src/usbd_ioreq.o
                0x080110e0                USBD_CtlPrepareRx
 .text.USBD_CtlContinueRx
                0x0801111a       0x22 ./Middlewares/ST/STM32_USB_Device_Library/Core/Src/usbd_ioreq.o
                0x0801111a                USBD_CtlContinueRx
 .text.USBD_CtlSendStatus
                0x0801113c       0x26 ./Middlewares/ST/STM32_USB_Device_Library/Core/Src/usbd_ioreq.o
                0x0801113c                USBD_CtlSendStatus
 .text.USBD_CtlReceiveStatus
                0x08011162       0x26 ./Middlewares/ST/STM32_USB_Device_Library/Core/Src/usbd_ioreq.o
                0x08011162                USBD_CtlReceiveStatus
 .text.disk_status
                0x08011188       0x34 ./Middlewares/Third_Party/FatFs/src/diskio.o
                0x08011188                disk_status
 .text.disk_initialize
                0x080111bc       0x50 ./Middlewares/Third_Party/FatFs/src/diskio.o
                0x080111bc                disk_initialize
 .text.disk_read
                0x0801120c       0x40 ./Middlewares/Third_Party/FatFs/src/diskio.o
                0x0801120c                disk_read
 .text.disk_write
                0x0801124c       0x40 ./Middlewares/Third_Party/FatFs/src/diskio.o
                0x0801124c                disk_write
 .text.disk_ioctl
                0x0801128c       0x3c ./Middlewares/Third_Party/FatFs/src/diskio.o
                0x0801128c                disk_ioctl
 .text.ld_word  0x080112c8       0x30 ./Middlewares/Third_Party/FatFs/src/ff.o
 .text.ld_dword
                0x080112f8       0x46 ./Middlewares/Third_Party/FatFs/src/ff.o
 .text.st_word  0x0801133e       0x36 ./Middlewares/Third_Party/FatFs/src/ff.o
 .text.st_dword
                0x08011374       0x58 ./Middlewares/Third_Party/FatFs/src/ff.o
 .text.mem_cpy  0x080113cc       0x42 ./Middlewares/Third_Party/FatFs/src/ff.o
 .text.mem_set  0x0801140e       0x36 ./Middlewares/Third_Party/FatFs/src/ff.o
 .text.mem_cmp  0x08011444       0x4e ./Middlewares/Third_Party/FatFs/src/ff.o
 .text.chk_chr  0x08011492       0x36 ./Middlewares/Third_Party/FatFs/src/ff.o
 .text.chk_lock
                0x080114c8       0xb8 ./Middlewares/Third_Party/FatFs/src/ff.o
 .text.enq_lock
                0x08011580       0x44 ./Middlewares/Third_Party/FatFs/src/ff.o
 .text.inc_lock
                0x080115c4      0x11c ./Middlewares/Third_Party/FatFs/src/ff.o
 .text.dec_lock
                0x080116e0       0x78 ./Middlewares/Third_Party/FatFs/src/ff.o
 .text.clear_lock
                0x08011758       0x48 ./Middlewares/Third_Party/FatFs/src/ff.o
 .text.sync_window
                0x080117a0       0x88 ./Middlewares/Third_Party/FatFs/src/ff.o
 .text.move_window
                0x08011828       0x5a ./Middlewares/Third_Party/FatFs/src/ff.o
 *fill*         0x08011882        0x2 
 .text.sync_fs  0x08011884       0xe0 ./Middlewares/Third_Party/FatFs/src/ff.o
 .text.clust2sect
                0x08011964       0x3e ./Middlewares/Third_Party/FatFs/src/ff.o
 .text.get_fat  0x080119a2      0x1a6 ./Middlewares/Third_Party/FatFs/src/ff.o
 .text.put_fat  0x08011b48      0x234 ./Middlewares/Third_Party/FatFs/src/ff.o
 .text.remove_chain
                0x08011d7c       0xca ./Middlewares/Third_Party/FatFs/src/ff.o
 .text.create_chain
                0x08011e46      0x130 ./Middlewares/Third_Party/FatFs/src/ff.o
 .text.clmt_clust
                0x08011f76       0x70 ./Middlewares/Third_Party/FatFs/src/ff.o
 .text.dir_sdi  0x08011fe6      0x112 ./Middlewares/Third_Party/FatFs/src/ff.o
 .text.dir_next
                0x080120f8      0x1ac ./Middlewares/Third_Party/FatFs/src/ff.o
 .text.dir_alloc
                0x080122a4       0x8e ./Middlewares/Third_Party/FatFs/src/ff.o
 .text.ld_clust
                0x08012332       0x3e ./Middlewares/Third_Party/FatFs/src/ff.o
 .text.st_clust
                0x08012370       0x40 ./Middlewares/Third_Party/FatFs/src/ff.o
 .text.cmp_lfn  0x080123b0       0xe0 ./Middlewares/Third_Party/FatFs/src/ff.o
 .text.put_lfn  0x08012490       0xd0 ./Middlewares/Third_Party/FatFs/src/ff.o
 .text.gen_numname
                0x08012560      0x11c ./Middlewares/Third_Party/FatFs/src/ff.o
 .text.sum_sfn  0x0801267c       0x42 ./Middlewares/Third_Party/FatFs/src/ff.o
 .text.dir_find
                0x080126be      0x180 ./Middlewares/Third_Party/FatFs/src/ff.o
 *fill*         0x0801283e        0x2 
 .text.dir_register
                0x08012840      0x1f0 ./Middlewares/Third_Party/FatFs/src/ff.o
 .text.create_name
                0x08012a30      0x370 ./Middlewares/Third_Party/FatFs/src/ff.o
 .text.follow_path
                0x08012da0       0xec ./Middlewares/Third_Party/FatFs/src/ff.o
 .text.get_ldnumber
                0x08012e8c       0x88 ./Middlewares/Third_Party/FatFs/src/ff.o
 .text.check_fs
                0x08012f14       0xac ./Middlewares/Third_Party/FatFs/src/ff.o
 .text.find_volume
                0x08012fc0      0x50c ./Middlewares/Third_Party/FatFs/src/ff.o
 .text.validate
                0x080134cc       0x6a ./Middlewares/Third_Party/FatFs/src/ff.o
 *fill*         0x08013536        0x2 
 .text.f_mount  0x08013538       0x8c ./Middlewares/Third_Party/FatFs/src/ff.o
                0x08013538                f_mount
 .text.f_open   0x080135c4      0x390 ./Middlewares/Third_Party/FatFs/src/ff.o
                0x080135c4                f_open
 .text.f_write  0x08013954      0x328 ./Middlewares/Third_Party/FatFs/src/ff.o
                0x08013954                f_write
 .text.f_sync   0x08013c7c       0xfc ./Middlewares/Third_Party/FatFs/src/ff.o
                0x08013c7c                f_sync
 .text.f_close  0x08013d78       0x54 ./Middlewares/Third_Party/FatFs/src/ff.o
                0x08013d78                f_close
 .text.f_getfree
                0x08013dcc      0x16a ./Middlewares/Third_Party/FatFs/src/ff.o
                0x08013dcc                f_getfree
 .text.putc_bfd
                0x08013f36       0x7a ./Middlewares/Third_Party/FatFs/src/ff.o
 .text.putc_flush
                0x08013fb0       0x4a ./Middlewares/Third_Party/FatFs/src/ff.o
 .text.putc_init
                0x08013ffa       0x2a ./Middlewares/Third_Party/FatFs/src/ff.o
 .text.f_puts   0x08014024       0x48 ./Middlewares/Third_Party/FatFs/src/ff.o
                0x08014024                f_puts
 .text.FATFS_LinkDriverEx
                0x0801406c       0x98 ./Middlewares/Third_Party/FatFs/src/ff_gen_drv.o
                0x0801406c                FATFS_LinkDriverEx
 .text.FATFS_LinkDriver
                0x08014104       0x1e ./Middlewares/Third_Party/FatFs/src/ff_gen_drv.o
                0x08014104                FATFS_LinkDriver
 *fill*         0x08014122        0x2 
 .text.ff_convert
                0x08014124       0x78 ./Middlewares/Third_Party/FatFs/src/option/ccsbcs.o
                0x08014124                ff_convert
 .text.ff_wtoupper
                0x0801419c      0x114 ./Middlewares/Third_Party/FatFs/src/option/ccsbcs.o
                0x0801419c                ff_wtoupper
 .text.MX_USB_DEVICE_Init
                0x080142b0       0x64 ./USB_DEVICE/App/usb_device.o
                0x080142b0                MX_USB_DEVICE_Init
 .text.CDC_Init_HS
                0x08014314       0x28 ./USB_DEVICE/App/usbd_cdc_if.o
 .text.CDC_DeInit_HS
                0x0801433c       0x10 ./USB_DEVICE/App/usbd_cdc_if.o
 .text.CDC_Control_HS
                0x0801434c       0xbc ./USB_DEVICE/App/usbd_cdc_if.o
 .text.CDC_Receive_HS
                0x08014408       0x3c ./USB_DEVICE/App/usbd_cdc_if.o
 .text.CDC_Transmit_HS
                0x08014444       0x4c ./USB_DEVICE/App/usbd_cdc_if.o
                0x08014444                CDC_Transmit_HS
 .text.CDC_TransmitCplt_HS
                0x08014490       0x22 ./USB_DEVICE/App/usbd_cdc_if.o
 *fill*         0x080144b2        0x2 
 .text.USBD_HS_DeviceDescriptor
                0x080144b4       0x24 ./USB_DEVICE/App/usbd_desc.o
                0x080144b4                USBD_HS_DeviceDescriptor
 .text.USBD_HS_LangIDStrDescriptor
                0x080144d8       0x24 ./USB_DEVICE/App/usbd_desc.o
                0x080144d8                USBD_HS_LangIDStrDescriptor
 .text.USBD_HS_ProductStrDescriptor
                0x080144fc       0x3c ./USB_DEVICE/App/usbd_desc.o
                0x080144fc                USBD_HS_ProductStrDescriptor
 .text.USBD_HS_ManufacturerStrDescriptor
                0x08014538       0x28 ./USB_DEVICE/App/usbd_desc.o
                0x08014538                USBD_HS_ManufacturerStrDescriptor
 .text.USBD_HS_SerialStrDescriptor
                0x08014560       0xc0 ./USB_DEVICE/App/usbd_desc.o
                0x08014560                USBD_HS_SerialStrDescriptor
 .text.USBD_HS_ConfigStrDescriptor
                0x08014620       0x3c ./USB_DEVICE/App/usbd_desc.o
                0x08014620                USBD_HS_ConfigStrDescriptor
 .text.USBD_HS_InterfaceStrDescriptor
                0x0801465c       0x3c ./USB_DEVICE/App/usbd_desc.o
                0x0801465c                USBD_HS_InterfaceStrDescriptor
 .text.Get_SerialNum
                0x08014698       0x38 ./USB_DEVICE/App/usbd_desc.o
 .text.IntToUnicode
                0x080146d0       0x7e ./USB_DEVICE/App/usbd_desc.o
 *fill*         0x0801474e        0x2 
 .text.HAL_PCD_MspInit
                0x08014750       0xe8 ./USB_DEVICE/Target/usbd_conf.o
                0x08014750                HAL_PCD_MspInit
 .text.HAL_PCD_SetupStageCallback
                0x08014838       0x24 ./USB_DEVICE/Target/usbd_conf.o
                0x08014838                HAL_PCD_SetupStageCallback
 .text.HAL_PCD_DataOutStageCallback
                0x0801485c       0x36 ./USB_DEVICE/Target/usbd_conf.o
                0x0801485c                HAL_PCD_DataOutStageCallback
 .text.HAL_PCD_DataInStageCallback
                0x08014892       0x34 ./USB_DEVICE/Target/usbd_conf.o
                0x08014892                HAL_PCD_DataInStageCallback
 .text.HAL_PCD_SOFCallback
                0x080148c6       0x1c ./USB_DEVICE/Target/usbd_conf.o
                0x080148c6                HAL_PCD_SOFCallback
 .text.HAL_PCD_ResetCallback
                0x080148e2       0x50 ./USB_DEVICE/Target/usbd_conf.o
                0x080148e2                HAL_PCD_ResetCallback
 *fill*         0x08014932        0x2 
 .text.HAL_PCD_SuspendCallback
                0x08014934       0x4c ./USB_DEVICE/Target/usbd_conf.o
                0x08014934                HAL_PCD_SuspendCallback
 .text.HAL_PCD_ResumeCallback
                0x08014980       0x1c ./USB_DEVICE/Target/usbd_conf.o
                0x08014980                HAL_PCD_ResumeCallback
 .text.HAL_PCD_ISOOUTIncompleteCallback
                0x0801499c       0x24 ./USB_DEVICE/Target/usbd_conf.o
                0x0801499c                HAL_PCD_ISOOUTIncompleteCallback
 .text.HAL_PCD_ISOINIncompleteCallback
                0x080149c0       0x24 ./USB_DEVICE/Target/usbd_conf.o
                0x080149c0                HAL_PCD_ISOINIncompleteCallback
 .text.HAL_PCD_ConnectCallback
                0x080149e4       0x1c ./USB_DEVICE/Target/usbd_conf.o
                0x080149e4                HAL_PCD_ConnectCallback
 .text.HAL_PCD_DisconnectCallback
                0x08014a00       0x1c ./USB_DEVICE/Target/usbd_conf.o
                0x08014a00                HAL_PCD_DisconnectCallback
 .text.USBD_LL_Init
                0x08014a1c       0xa4 ./USB_DEVICE/Target/usbd_conf.o
                0x08014a1c                USBD_LL_Init
 .text.USBD_LL_Start
                0x08014ac0       0x36 ./USB_DEVICE/Target/usbd_conf.o
                0x08014ac0                USBD_LL_Start
 .text.USBD_LL_OpenEP
                0x08014af6       0x4c ./USB_DEVICE/Target/usbd_conf.o
                0x08014af6                USBD_LL_OpenEP
 .text.USBD_LL_CloseEP
                0x08014b42       0x3e ./USB_DEVICE/Target/usbd_conf.o
                0x08014b42                USBD_LL_CloseEP
 .text.USBD_LL_StallEP
                0x08014b80       0x3e ./USB_DEVICE/Target/usbd_conf.o
                0x08014b80                USBD_LL_StallEP
 .text.USBD_LL_ClearStallEP
                0x08014bbe       0x3e ./USB_DEVICE/Target/usbd_conf.o
                0x08014bbe                USBD_LL_ClearStallEP
 .text.USBD_LL_IsStallEP
                0x08014bfc       0x58 ./USB_DEVICE/Target/usbd_conf.o
                0x08014bfc                USBD_LL_IsStallEP
 .text.USBD_LL_SetUSBAddress
                0x08014c54       0x3e ./USB_DEVICE/Target/usbd_conf.o
                0x08014c54                USBD_LL_SetUSBAddress
 .text.USBD_LL_Transmit
                0x08014c92       0x42 ./USB_DEVICE/Target/usbd_conf.o
                0x08014c92                USBD_LL_Transmit
 .text.USBD_LL_PrepareReceive
                0x08014cd4       0x42 ./USB_DEVICE/Target/usbd_conf.o
                0x08014cd4                USBD_LL_PrepareReceive
 .text.USBD_LL_GetRxDataSize
                0x08014d16       0x26 ./USB_DEVICE/Target/usbd_conf.o
                0x08014d16                USBD_LL_GetRxDataSize
 .text.USBD_static_malloc
                0x08014d3c       0x1c ./USB_DEVICE/Target/usbd_conf.o
                0x08014d3c                USBD_static_malloc
 .text.USBD_static_free
                0x08014d58       0x14 ./USB_DEVICE/Target/usbd_conf.o
                0x08014d58                USBD_static_free
 .text.USBD_Get_USB_Status
                0x08014d6c       0x58 ./USB_DEVICE/Target/usbd_conf.o
                0x08014d6c                USBD_Get_USB_Status
 .text.std      0x08014dc4       0x6c C:/ST/STM32CubeIDE_1.14.1/STM32CubeIDE/plugins/com.st.stm32cube.ide.mcu.externaltools.gnu-tools-for-stm32.12.3.rel1.win32_1.0.100.202403111256/tools/bin/../lib/gcc/arm-none-eabi/12.3.1/../../../../arm-none-eabi/lib/thumb/v7e-m+dp/hard\libc_nano.a(libc_a-findfp.o)
 .text.stdio_exit_handler
                0x08014e30       0x18 C:/ST/STM32CubeIDE_1.14.1/STM32CubeIDE/plugins/com.st.stm32cube.ide.mcu.externaltools.gnu-tools-for-stm32.12.3.rel1.win32_1.0.100.202403111256/tools/bin/../lib/gcc/arm-none-eabi/12.3.1/../../../../arm-none-eabi/lib/thumb/v7e-m+dp/hard\libc_nano.a(libc_a-findfp.o)
 .text.cleanup_stdio
                0x08014e48       0x40 C:/ST/STM32CubeIDE_1.14.1/STM32CubeIDE/plugins/com.st.stm32cube.ide.mcu.externaltools.gnu-tools-for-stm32.12.3.rel1.win32_1.0.100.202403111256/tools/bin/../lib/gcc/arm-none-eabi/12.3.1/../../../../arm-none-eabi/lib/thumb/v7e-m+dp/hard\libc_nano.a(libc_a-findfp.o)
 .text.global_stdio_init.part.0
                0x08014e88       0x3c C:/ST/STM32CubeIDE_1.14.1/STM32CubeIDE/plugins/com.st.stm32cube.ide.mcu.externaltools.gnu-tools-for-stm32.12.3.rel1.win32_1.0.100.202403111256/tools/bin/../lib/gcc/arm-none-eabi/12.3.1/../../../../arm-none-eabi/lib/thumb/v7e-m+dp/hard\libc_nano.a(libc_a-findfp.o)
 .text.__sfp_lock_acquire
                0x08014ec4        0xc C:/ST/STM32CubeIDE_1.14.1/STM32CubeIDE/plugins/com.st.stm32cube.ide.mcu.externaltools.gnu-tools-for-stm32.12.3.rel1.win32_1.0.100.202403111256/tools/bin/../lib/gcc/arm-none-eabi/12.3.1/../../../../arm-none-eabi/lib/thumb/v7e-m+dp/hard\libc_nano.a(libc_a-findfp.o)
                0x08014ec4                __sfp_lock_acquire
 .text.__sfp_lock_release
                0x08014ed0        0xc C:/ST/STM32CubeIDE_1.14.1/STM32CubeIDE/plugins/com.st.stm32cube.ide.mcu.externaltools.gnu-tools-for-stm32.12.3.rel1.win32_1.0.100.202403111256/tools/bin/../lib/gcc/arm-none-eabi/12.3.1/../../../../arm-none-eabi/lib/thumb/v7e-m+dp/hard\libc_nano.a(libc_a-findfp.o)
                0x08014ed0                __sfp_lock_release
 .text.__sinit  0x08014edc       0x30 C:/ST/STM32CubeIDE_1.14.1/STM32CubeIDE/plugins/com.st.stm32cube.ide.mcu.externaltools.gnu-tools-for-stm32.12.3.rel1.win32_1.0.100.202403111256/tools/bin/../lib/gcc/arm-none-eabi/12.3.1/../../../../arm-none-eabi/lib/thumb/v7e-m+dp/hard\libc_nano.a(libc_a-findfp.o)
                0x08014edc                __sinit
 .text._fwalk_sglue
                0x08014f0c       0x3c C:/ST/STM32CubeIDE_1.14.1/STM32CubeIDE/plugins/com.st.stm32cube.ide.mcu.externaltools.gnu-tools-for-stm32.12.3.rel1.win32_1.0.100.202403111256/tools/bin/../lib/gcc/arm-none-eabi/12.3.1/../../../../arm-none-eabi/lib/thumb/v7e-m+dp/hard\libc_nano.a(libc_a-fwalk.o)
                0x08014f0c                _fwalk_sglue
 .text.printf   0x08014f48       0x24 C:/ST/STM32CubeIDE_1.14.1/STM32CubeIDE/plugins/com.st.stm32cube.ide.mcu.externaltools.gnu-tools-for-stm32.12.3.rel1.win32_1.0.100.202403111256/tools/bin/../lib/gcc/arm-none-eabi/12.3.1/../../../../arm-none-eabi/lib/thumb/v7e-m+dp/hard\libc_nano.a(libc_a-printf.o)
                0x08014f48                iprintf
                0x08014f48                printf
 .text._puts_r  0x08014f6c       0xaa C:/ST/STM32CubeIDE_1.14.1/STM32CubeIDE/plugins/com.st.stm32cube.ide.mcu.externaltools.gnu-tools-for-stm32.12.3.rel1.win32_1.0.100.202403111256/tools/bin/../lib/gcc/arm-none-eabi/12.3.1/../../../../arm-none-eabi/lib/thumb/v7e-m+dp/hard\libc_nano.a(libc_a-puts.o)
                0x08014f6c                _puts_r
 *fill*         0x08015016        0x2 
 .text.puts     0x08015018       0x10 C:/ST/STM32CubeIDE_1.14.1/STM32CubeIDE/plugins/com.st.stm32cube.ide.mcu.externaltools.gnu-tools-for-stm32.12.3.rel1.win32_1.0.100.202403111256/tools/bin/../lib/gcc/arm-none-eabi/12.3.1/../../../../arm-none-eabi/lib/thumb/v7e-m+dp/hard\libc_nano.a(libc_a-puts.o)
                0x08015018                puts
 .text.sprintf  0x08015028       0x40 C:/ST/STM32CubeIDE_1.14.1/STM32CubeIDE/plugins/com.st.stm32cube.ide.mcu.externaltools.gnu-tools-for-stm32.12.3.rel1.win32_1.0.100.202403111256/tools/bin/../lib/gcc/arm-none-eabi/12.3.1/../../../../arm-none-eabi/lib/thumb/v7e-m+dp/hard\libc_nano.a(libc_a-sprintf.o)
                0x08015028                siprintf
                0x08015028                sprintf
 .text.sscanf   0x08015068       0x54 C:/ST/STM32CubeIDE_1.14.1/STM32CubeIDE/plugins/com.st.stm32cube.ide.mcu.externaltools.gnu-tools-for-stm32.12.3.rel1.win32_1.0.100.202403111256/tools/bin/../lib/gcc/arm-none-eabi/12.3.1/../../../../arm-none-eabi/lib/thumb/v7e-m+dp/hard\libc_nano.a(libc_a-sscanf.o)
                0x08015068                siscanf
                0x08015068                sscanf
 .text.__sread  0x080150bc       0x22 C:/ST/STM32CubeIDE_1.14.1/STM32CubeIDE/plugins/com.st.stm32cube.ide.mcu.externaltools.gnu-tools-for-stm32.12.3.rel1.win32_1.0.100.202403111256/tools/bin/../lib/gcc/arm-none-eabi/12.3.1/../../../../arm-none-eabi/lib/thumb/v7e-m+dp/hard\libc_nano.a(libc_a-stdio.o)
                0x080150bc                __sread
 .text.__seofread
                0x080150de        0x4 C:/ST/STM32CubeIDE_1.14.1/STM32CubeIDE/plugins/com.st.stm32cube.ide.mcu.externaltools.gnu-tools-for-stm32.12.3.rel1.win32_1.0.100.202403111256/tools/bin/../lib/gcc/arm-none-eabi/12.3.1/../../../../arm-none-eabi/lib/thumb/v7e-m+dp/hard\libc_nano.a(libc_a-stdio.o)
                0x080150de                __seofread
 .text.__swrite
                0x080150e2       0x38 C:/ST/STM32CubeIDE_1.14.1/STM32CubeIDE/plugins/com.st.stm32cube.ide.mcu.externaltools.gnu-tools-for-stm32.12.3.rel1.win32_1.0.100.202403111256/tools/bin/../lib/gcc/arm-none-eabi/12.3.1/../../../../arm-none-eabi/lib/thumb/v7e-m+dp/hard\libc_nano.a(libc_a-stdio.o)
                0x080150e2                __swrite
 .text.__sseek  0x0801511a       0x24 C:/ST/STM32CubeIDE_1.14.1/STM32CubeIDE/plugins/com.st.stm32cube.ide.mcu.externaltools.gnu-tools-for-stm32.12.3.rel1.win32_1.0.100.202403111256/tools/bin/../lib/gcc/arm-none-eabi/12.3.1/../../../../arm-none-eabi/lib/thumb/v7e-m+dp/hard\libc_nano.a(libc_a-stdio.o)
                0x0801511a                __sseek
 .text.__sclose
                0x0801513e        0x8 C:/ST/STM32CubeIDE_1.14.1/STM32CubeIDE/plugins/com.st.stm32cube.ide.mcu.externaltools.gnu-tools-for-stm32.12.3.rel1.win32_1.0.100.202403111256/tools/bin/../lib/gcc/arm-none-eabi/12.3.1/../../../../arm-none-eabi/lib/thumb/v7e-m+dp/hard\libc_nano.a(libc_a-stdio.o)
                0x0801513e                __sclose
 .text.__swbuf_r
                0x08015146       0x7c C:/ST/STM32CubeIDE_1.14.1/STM32CubeIDE/plugins/com.st.stm32cube.ide.mcu.externaltools.gnu-tools-for-stm32.12.3.rel1.win32_1.0.100.202403111256/tools/bin/../lib/gcc/arm-none-eabi/12.3.1/../../../../arm-none-eabi/lib/thumb/v7e-m+dp/hard\libc_nano.a(libc_a-wbuf.o)
                0x08015146                __swbuf_r
 *fill*         0x080151c2        0x2 
 .text.__swsetup_r
                0x080151c4       0xac C:/ST/STM32CubeIDE_1.14.1/STM32CubeIDE/plugins/com.st.stm32cube.ide.mcu.externaltools.gnu-tools-for-stm32.12.3.rel1.win32_1.0.100.202403111256/tools/bin/../lib/gcc/arm-none-eabi/12.3.1/../../../../arm-none-eabi/lib/thumb/v7e-m+dp/hard\libc_nano.a(libc_a-wsetup.o)
                0x080151c4                __swsetup_r
 .text.memset   0x08015270       0x10 C:/ST/STM32CubeIDE_1.14.1/STM32CubeIDE/plugins/com.st.stm32cube.ide.mcu.externaltools.gnu-tools-for-stm32.12.3.rel1.win32_1.0.100.202403111256/tools/bin/../lib/gcc/arm-none-eabi/12.3.1/../../../../arm-none-eabi/lib/thumb/v7e-m+dp/hard\libc_nano.a(libc_a-memset.o)
                0x08015270                memset
 .text.strcat   0x08015280       0x1e C:/ST/STM32CubeIDE_1.14.1/STM32CubeIDE/plugins/com.st.stm32cube.ide.mcu.externaltools.gnu-tools-for-stm32.12.3.rel1.win32_1.0.100.202403111256/tools/bin/../lib/gcc/arm-none-eabi/12.3.1/../../../../arm-none-eabi/lib/thumb/v7e-m+dp/hard\libc_nano.a(libc_a-strcat.o)
                0x08015280                strcat
 *fill*         0x0801529e        0x2 
 .text._close_r
                0x080152a0       0x20 C:/ST/STM32CubeIDE_1.14.1/STM32CubeIDE/plugins/com.st.stm32cube.ide.mcu.externaltools.gnu-tools-for-stm32.12.3.rel1.win32_1.0.100.202403111256/tools/bin/../lib/gcc/arm-none-eabi/12.3.1/../../../../arm-none-eabi/lib/thumb/v7e-m+dp/hard\libc_nano.a(libc_a-closer.o)
                0x080152a0                _close_r
 .text._lseek_r
                0x080152c0       0x24 C:/ST/STM32CubeIDE_1.14.1/STM32CubeIDE/plugins/com.st.stm32cube.ide.mcu.externaltools.gnu-tools-for-stm32.12.3.rel1.win32_1.0.100.202403111256/tools/bin/../lib/gcc/arm-none-eabi/12.3.1/../../../../arm-none-eabi/lib/thumb/v7e-m+dp/hard\libc_nano.a(libc_a-lseekr.o)
                0x080152c0                _lseek_r
 .text._read_r  0x080152e4       0x24 C:/ST/STM32CubeIDE_1.14.1/STM32CubeIDE/plugins/com.st.stm32cube.ide.mcu.externaltools.gnu-tools-for-stm32.12.3.rel1.win32_1.0.100.202403111256/tools/bin/../lib/gcc/arm-none-eabi/12.3.1/../../../../arm-none-eabi/lib/thumb/v7e-m+dp/hard\libc_nano.a(libc_a-readr.o)
                0x080152e4                _read_r
 .text._write_r
                0x08015308       0x24 C:/ST/STM32CubeIDE_1.14.1/STM32CubeIDE/plugins/com.st.stm32cube.ide.mcu.externaltools.gnu-tools-for-stm32.12.3.rel1.win32_1.0.100.202403111256/tools/bin/../lib/gcc/arm-none-eabi/12.3.1/../../../../arm-none-eabi/lib/thumb/v7e-m+dp/hard\libc_nano.a(libc_a-writer.o)
                0x08015308                _write_r
 .text.__errno  0x0801532c        0xc C:/ST/STM32CubeIDE_1.14.1/STM32CubeIDE/plugins/com.st.stm32cube.ide.mcu.externaltools.gnu-tools-for-stm32.12.3.rel1.win32_1.0.100.202403111256/tools/bin/../lib/gcc/arm-none-eabi/12.3.1/../../../../arm-none-eabi/lib/thumb/v7e-m+dp/hard\libc_nano.a(libc_a-errno.o)
                0x0801532c                __errno
 .text.__libc_init_array
                0x08015338       0x48 C:/ST/STM32CubeIDE_1.14.1/STM32CubeIDE/plugins/com.st.stm32cube.ide.mcu.externaltools.gnu-tools-for-stm32.12.3.rel1.win32_1.0.100.202403111256/tools/bin/../lib/gcc/arm-none-eabi/12.3.1/../../../../arm-none-eabi/lib/thumb/v7e-m+dp/hard\libc_nano.a(libc_a-init.o)
                0x08015338                __libc_init_array
 .text.__retarget_lock_init_recursive
                0x08015380        0x2 C:/ST/STM32CubeIDE_1.14.1/STM32CubeIDE/plugins/com.st.stm32cube.ide.mcu.externaltools.gnu-tools-for-stm32.12.3.rel1.win32_1.0.100.202403111256/tools/bin/../lib/gcc/arm-none-eabi/12.3.1/../../../../arm-none-eabi/lib/thumb/v7e-m+dp/hard\libc_nano.a(libc_a-lock.o)
                0x08015380                __retarget_lock_init_recursive
 .text.__retarget_lock_acquire_recursive
                0x08015382        0x2 C:/ST/STM32CubeIDE_1.14.1/STM32CubeIDE/plugins/com.st.stm32cube.ide.mcu.externaltools.gnu-tools-for-stm32.12.3.rel1.win32_1.0.100.202403111256/tools/bin/../lib/gcc/arm-none-eabi/12.3.1/../../../../arm-none-eabi/lib/thumb/v7e-m+dp/hard\libc_nano.a(libc_a-lock.o)
                0x08015382                __retarget_lock_acquire_recursive
 .text.__retarget_lock_release_recursive
                0x08015384        0x2 C:/ST/STM32CubeIDE_1.14.1/STM32CubeIDE/plugins/com.st.stm32cube.ide.mcu.externaltools.gnu-tools-for-stm32.12.3.rel1.win32_1.0.100.202403111256/tools/bin/../lib/gcc/arm-none-eabi/12.3.1/../../../../arm-none-eabi/lib/thumb/v7e-m+dp/hard\libc_nano.a(libc_a-lock.o)
                0x08015384                __retarget_lock_release_recursive
 .text.memcpy   0x08015386       0x1c C:/ST/STM32CubeIDE_1.14.1/STM32CubeIDE/plugins/com.st.stm32cube.ide.mcu.externaltools.gnu-tools-for-stm32.12.3.rel1.win32_1.0.100.202403111256/tools/bin/../lib/gcc/arm-none-eabi/12.3.1/../../../../arm-none-eabi/lib/thumb/v7e-m+dp/hard\libc_nano.a(libc_a-memcpy-stub.o)
                0x08015386                memcpy
 *fill*         0x080153a2        0x2 
 .text._free_r  0x080153a4       0x94 C:/ST/STM32CubeIDE_1.14.1/STM32CubeIDE/plugins/com.st.stm32cube.ide.mcu.externaltools.gnu-tools-for-stm32.12.3.rel1.win32_1.0.100.202403111256/tools/bin/../lib/gcc/arm-none-eabi/12.3.1/../../../../arm-none-eabi/lib/thumb/v7e-m+dp/hard\libc_nano.a(libc_a-freer.o)
                0x080153a4                _free_r
 .text.sbrk_aligned
                0x08015438       0x44 C:/ST/STM32CubeIDE_1.14.1/STM32CubeIDE/plugins/com.st.stm32cube.ide.mcu.externaltools.gnu-tools-for-stm32.12.3.rel1.win32_1.0.100.202403111256/tools/bin/../lib/gcc/arm-none-eabi/12.3.1/../../../../arm-none-eabi/lib/thumb/v7e-m+dp/hard\libc_nano.a(libc_a-mallocr.o)
 .text._malloc_r
                0x0801547c      0x100 C:/ST/STM32CubeIDE_1.14.1/STM32CubeIDE/plugins/com.st.stm32cube.ide.mcu.externaltools.gnu-tools-for-stm32.12.3.rel1.win32_1.0.100.202403111256/tools/bin/../lib/gcc/arm-none-eabi/12.3.1/../../../../arm-none-eabi/lib/thumb/v7e-m+dp/hard\libc_nano.a(libc_a-mallocr.o)
                0x0801547c                _malloc_r
 .text.__malloc_lock
                0x0801557c        0xc C:/ST/STM32CubeIDE_1.14.1/STM32CubeIDE/plugins/com.st.stm32cube.ide.mcu.externaltools.gnu-tools-for-stm32.12.3.rel1.win32_1.0.100.202403111256/tools/bin/../lib/gcc/arm-none-eabi/12.3.1/../../../../arm-none-eabi/lib/thumb/v7e-m+dp/hard\libc_nano.a(libc_a-mlock.o)
                0x0801557c                __malloc_lock
 .text.__malloc_unlock
                0x08015588        0xc C:/ST/STM32CubeIDE_1.14.1/STM32CubeIDE/plugins/com.st.stm32cube.ide.mcu.externaltools.gnu-tools-for-stm32.12.3.rel1.win32_1.0.100.202403111256/tools/bin/../lib/gcc/arm-none-eabi/12.3.1/../../../../arm-none-eabi/lib/thumb/v7e-m+dp/hard\libc_nano.a(libc_a-mlock.o)
                0x08015588                __malloc_unlock
 .text.__ssputs_r
                0x08015594       0xb6 C:/ST/STM32CubeIDE_1.14.1/STM32CubeIDE/plugins/com.st.stm32cube.ide.mcu.externaltools.gnu-tools-for-stm32.12.3.rel1.win32_1.0.100.202403111256/tools/bin/../lib/gcc/arm-none-eabi/12.3.1/../../../../arm-none-eabi/lib/thumb/v7e-m+dp/hard\libc_nano.a(libc_a-nano-svfprintf.o)
                0x08015594                __ssputs_r
 *fill*         0x0801564a        0x2 
 .text._svfprintf_r
                0x0801564c      0x1f8 C:/ST/STM32CubeIDE_1.14.1/STM32CubeIDE/plugins/com.st.stm32cube.ide.mcu.externaltools.gnu-tools-for-stm32.12.3.rel1.win32_1.0.100.202403111256/tools/bin/../lib/gcc/arm-none-eabi/12.3.1/../../../../arm-none-eabi/lib/thumb/v7e-m+dp/hard\libc_nano.a(libc_a-nano-svfprintf.o)
                0x0801564c                _svfiprintf_r
                0x0801564c                _svfprintf_r
 .text._sungetc_r
                0x08015844       0x76 C:/ST/STM32CubeIDE_1.14.1/STM32CubeIDE/plugins/com.st.stm32cube.ide.mcu.externaltools.gnu-tools-for-stm32.12.3.rel1.win32_1.0.100.202403111256/tools/bin/../lib/gcc/arm-none-eabi/12.3.1/../../../../arm-none-eabi/lib/thumb/v7e-m+dp/hard\libc_nano.a(libc_a-nano-svfscanf.o)
                0x08015844                _sungetc_r
 .text.__ssrefill_r
                0x080158ba       0x3a C:/ST/STM32CubeIDE_1.14.1/STM32CubeIDE/plugins/com.st.stm32cube.ide.mcu.externaltools.gnu-tools-for-stm32.12.3.rel1.win32_1.0.100.202403111256/tools/bin/../lib/gcc/arm-none-eabi/12.3.1/../../../../arm-none-eabi/lib/thumb/v7e-m+dp/hard\libc_nano.a(libc_a-nano-svfscanf.o)
                0x080158ba                __ssrefill_r
 .text.__ssvfscanf_r
                0x080158f4      0x2e8 C:/ST/STM32CubeIDE_1.14.1/STM32CubeIDE/plugins/com.st.stm32cube.ide.mcu.externaltools.gnu-tools-for-stm32.12.3.rel1.win32_1.0.100.202403111256/tools/bin/../lib/gcc/arm-none-eabi/12.3.1/../../../../arm-none-eabi/lib/thumb/v7e-m+dp/hard\libc_nano.a(libc_a-nano-svfscanf.o)
                0x080158f4                __ssvfiscanf_r
                0x080158f4                __ssvfscanf_r
 .text.__sfputc_r
                0x08015bdc       0x2e C:/ST/STM32CubeIDE_1.14.1/STM32CubeIDE/plugins/com.st.stm32cube.ide.mcu.externaltools.gnu-tools-for-stm32.12.3.rel1.win32_1.0.100.202403111256/tools/bin/../lib/gcc/arm-none-eabi/12.3.1/../../../../arm-none-eabi/lib/thumb/v7e-m+dp/hard\libc_nano.a(libc_a-nano-vfprintf.o)
 .text.__sfputs_r
                0x08015c0a       0x24 C:/ST/STM32CubeIDE_1.14.1/STM32CubeIDE/plugins/com.st.stm32cube.ide.mcu.externaltools.gnu-tools-for-stm32.12.3.rel1.win32_1.0.100.202403111256/tools/bin/../lib/gcc/arm-none-eabi/12.3.1/../../../../arm-none-eabi/lib/thumb/v7e-m+dp/hard\libc_nano.a(libc_a-nano-vfprintf.o)
                0x08015c0a                __sfputs_r
 *fill*         0x08015c2e        0x2 
 .text._vfprintf_r
                0x08015c30      0x230 C:/ST/STM32CubeIDE_1.14.1/STM32CubeIDE/plugins/com.st.stm32cube.ide.mcu.externaltools.gnu-tools-for-stm32.12.3.rel1.win32_1.0.100.202403111256/tools/bin/../lib/gcc/arm-none-eabi/12.3.1/../../../../arm-none-eabi/lib/thumb/v7e-m+dp/hard\libc_nano.a(libc_a-nano-vfprintf.o)
                0x08015c30                _vfprintf_r
                0x08015c30                _vfiprintf_r
 .text._printf_common
                0x08015e60       0xda C:/ST/STM32CubeIDE_1.14.1/STM32CubeIDE/plugins/com.st.stm32cube.ide.mcu.externaltools.gnu-tools-for-stm32.12.3.rel1.win32_1.0.100.202403111256/tools/bin/../lib/gcc/arm-none-eabi/12.3.1/../../../../arm-none-eabi/lib/thumb/v7e-m+dp/hard\libc_nano.a(libc_a-nano-vfprintf_i.o)
                0x08015e60                _printf_common
 *fill*         0x08015f3a        0x2 
 .text._printf_i
                0x08015f3c      0x240 C:/ST/STM32CubeIDE_1.14.1/STM32CubeIDE/plugins/com.st.stm32cube.ide.mcu.externaltools.gnu-tools-for-stm32.12.3.rel1.win32_1.0.100.202403111256/tools/bin/../lib/gcc/arm-none-eabi/12.3.1/../../../../arm-none-eabi/lib/thumb/v7e-m+dp/hard\libc_nano.a(libc_a-nano-vfprintf_i.o)
                0x08015f3c                _printf_i
 .text._scanf_chars
                0x0801617c       0xb4 C:/ST/STM32CubeIDE_1.14.1/STM32CubeIDE/plugins/com.st.stm32cube.ide.mcu.externaltools.gnu-tools-for-stm32.12.3.rel1.win32_1.0.100.202403111256/tools/bin/../lib/gcc/arm-none-eabi/12.3.1/../../../../arm-none-eabi/lib/thumb/v7e-m+dp/hard\libc_nano.a(libc_a-nano-vfscanf_i.o)
                0x0801617c                _scanf_chars
 .text._scanf_i
                0x08016230      0x1e8 C:/ST/STM32CubeIDE_1.14.1/STM32CubeIDE/plugins/com.st.stm32cube.ide.mcu.externaltools.gnu-tools-for-stm32.12.3.rel1.win32_1.0.100.202403111256/tools/bin/../lib/gcc/arm-none-eabi/12.3.1/../../../../arm-none-eabi/lib/thumb/v7e-m+dp/hard\libc_nano.a(libc_a-nano-vfscanf_i.o)
                0x08016230                _scanf_i
 .text.__sflush_r
                0x08016418      0x108 C:/ST/STM32CubeIDE_1.14.1/STM32CubeIDE/plugins/com.st.stm32cube.ide.mcu.externaltools.gnu-tools-for-stm32.12.3.rel1.win32_1.0.100.202403111256/tools/bin/../lib/gcc/arm-none-eabi/12.3.1/../../../../arm-none-eabi/lib/thumb/v7e-m+dp/hard\libc_nano.a(libc_a-fflush.o)
                0x08016418                __sflush_r
 .text._fflush_r
                0x08016520       0x50 C:/ST/STM32CubeIDE_1.14.1/STM32CubeIDE/plugins/com.st.stm32cube.ide.mcu.externaltools.gnu-tools-for-stm32.12.3.rel1.win32_1.0.100.202403111256/tools/bin/../lib/gcc/arm-none-eabi/12.3.1/../../../../arm-none-eabi/lib/thumb/v7e-m+dp/hard\libc_nano.a(libc_a-fflush.o)
                0x08016520                _fflush_r
 .text.__swhatbuf_r
                0x08016570       0x4c C:/ST/STM32CubeIDE_1.14.1/STM32CubeIDE/plugins/com.st.stm32cube.ide.mcu.externaltools.gnu-tools-for-stm32.12.3.rel1.win32_1.0.100.202403111256/tools/bin/../lib/gcc/arm-none-eabi/12.3.1/../../../../arm-none-eabi/lib/thumb/v7e-m+dp/hard\libc_nano.a(libc_a-makebuf.o)
                0x08016570                __swhatbuf_r
 .text.__smakebuf_r
                0x080165bc       0x78 C:/ST/STM32CubeIDE_1.14.1/STM32CubeIDE/plugins/com.st.stm32cube.ide.mcu.externaltools.gnu-tools-for-stm32.12.3.rel1.win32_1.0.100.202403111256/tools/bin/../lib/gcc/arm-none-eabi/12.3.1/../../../../arm-none-eabi/lib/thumb/v7e-m+dp/hard\libc_nano.a(libc_a-makebuf.o)
                0x080165bc                __smakebuf_r