Archive member included to satisfy reference by file (symbol)

C:/ST/STM32CubeIDE_1.14.1/STM32CubeIDE/plugins/com.st.stm32cube.ide.mcu.externaltools.gnu-tools-for-stm32.12.3.rel1.win32_1.0.100.202403111256/tools/bin/../lib/gcc/arm-none-eabi/12.3.1/../../../../arm-none-eabi/lib/thumb/v7e-m+dp/hard\libc_nano.a(libc_a-exit.o)
                              C:/ST/STM32CubeIDE_1.14.1/STM32CubeIDE/plugins/com.st.stm32cube.ide.mcu.externaltools.gnu-tools-for-stm32.12.3.rel1.win32_1.0.100.202403111256/tools/bin/../lib/gcc/arm-none-eabi/12.3.1/../../../../arm-none-eabi/lib/thumb/v7e-m+dp/hard/crt0.o (exit)
C:/ST/STM32CubeIDE_1.14.1/STM32CubeIDE/plugins/com.st.stm32cube.ide.mcu.externaltools.gnu-tools-for-stm32.12.3.rel1.win32_1.0.100.202403111256/tools/bin/../lib/gcc/arm-none-eabi/12.3.1/../../../../arm-none-eabi/lib/thumb/v7e-m+dp/hard\libc_nano.a(libc_a-findfp.o)
                              C:/ST/STM32CubeIDE_1.14.1/STM32CubeIDE/plugins/com.st.stm32cube.ide.mcu.externaltools.gnu-tools-for-stm32.12.3.rel1.win32_1.0.100.202403111256/tools/bin/../lib/gcc/arm-none-eabi/12.3.1/../../../../arm-none-eabi/lib/thumb/v7e-m+dp/hard\libc_nano.a(libc_a-exit.o) (__stdio_exit_handler)
C:/ST/STM32CubeIDE_1.14.1/STM32CubeIDE/plugins/com.st.stm32cube.ide.mcu.externaltools.gnu-tools-for-stm32.12.3.rel1.win32_1.0.100.202403111256/tools/bin/../lib/gcc/arm-none-eabi/12.3.1/../../../../arm-none-eabi/lib/thumb/v7e-m+dp/hard\libc_nano.a(libc_a-fwalk.o)
                              C:/ST/STM32CubeIDE_1.14.1/STM32CubeIDE/plugins/com.st.stm32cube.ide.mcu.externaltools.gnu-tools-for-stm32.12.3.rel1.win32_1.0.100.202403111256/tools/bin/../lib/gcc/arm-none-eabi/12.3.1/../../../../arm-none-eabi/lib/thumb/v7e-m+dp/hard\libc_nano.a(libc_a-findfp.o) (_fwalk_sglue)
C:/ST/STM32CubeIDE_1.14.1/STM32CubeIDE/plugins/com.st.stm32cube.ide.mcu.externaltools.gnu-tools-for-stm32.12.3.rel1.win32_1.0.100.202403111256/tools/bin/../lib/gcc/arm-none-eabi/12.3.1/../../../../arm-none-eabi/lib/thumb/v7e-m+dp/hard\libc_nano.a(libc_a-printf.o)
                              ./Core/Src/main.o (printf)
C:/ST/STM32CubeIDE_1.14.1/STM32CubeIDE/plugins/com.st.stm32cube.ide.mcu.externaltools.gnu-tools-for-stm32.12.3.rel1.win32_1.0.100.202403111256/tools/bin/../lib/gcc/arm-none-eabi/12.3.1/../../../../arm-none-eabi/lib/thumb/v7e-m+dp/hard\libc_nano.a(libc_a-puts.o)
                              ./Core/Src/main.o (puts)
C:/ST/STM32CubeIDE_1.14.1/STM32CubeIDE/plugins/com.st.stm32cube.ide.mcu.externaltools.gnu-tools-for-stm32.12.3.rel1.win32_1.0.100.202403111256/tools/bin/../lib/gcc/arm-none-eabi/12.3.1/../../../../arm-none-eabi/lib/thumb/v7e-m+dp/hard\libc_nano.a(libc_a-sprintf.o)
                              ./Core/Src/main.o (sprintf)
C:/ST/STM32CubeIDE_1.14.1/STM32CubeIDE/plugins/com.st.stm32cube.ide.mcu.externaltools.gnu-tools-for-stm32.12.3.rel1.win32_1.0.100.202403111256/tools/bin/../lib/gcc/arm-none-eabi/12.3.1/../../../../arm-none-eabi/lib/thumb/v7e-m+dp/hard\libc_nano.a(libc_a-sscanf.o)
                              ./Core/Src/total_station_interface.o (sscanf)
C:/ST/STM32CubeIDE_1.14.1/STM32CubeIDE/plugins/com.st.stm32cube.ide.mcu.externaltools.gnu-tools-for-stm32.12.3.rel1.win32_1.0.100.202403111256/tools/bin/../lib/gcc/arm-none-eabi/12.3.1/../../../../arm-none-eabi/lib/thumb/v7e-m+dp/hard\libc_nano.a(libc_a-stdio.o)
                              C:/ST/STM32CubeIDE_1.14.1/STM32CubeIDE/plugins/com.st.stm32cube.ide.mcu.externaltools.gnu-tools-for-stm32.12.3.rel1.win32_1.0.100.202403111256/tools/bin/../lib/gcc/arm-none-eabi/12.3.1/../../../../arm-none-eabi/lib/thumb/v7e-m+dp/hard\libc_nano.a(libc_a-findfp.o) (__sread)
C:/ST/STM32CubeIDE_1.14.1/STM32CubeIDE/plugins/com.st.stm32cube.ide.mcu.externaltools.gnu-tools-for-stm32.12.3.rel1.win32_1.0.100.202403111256/tools/bin/../lib/gcc/arm-none-eabi/12.3.1/../../../../arm-none-eabi/lib/thumb/v7e-m+dp/hard\libc_nano.a(libc_a-wbuf.o)
                              C:/ST/STM32CubeIDE_1.14.1/STM32CubeIDE/plugins/com.st.stm32cube.ide.mcu.externaltools.gnu-tools-for-stm32.12.3.rel1.win32_1.0.100.202403111256/tools/bin/../lib/gcc/arm-none-eabi/12.3.1/../../../../arm-none-eabi/lib/thumb/v7e-m+dp/hard\libc_nano.a(libc_a-puts.o) (__swbuf_r)
C:/ST/STM32CubeIDE_1.14.1/STM32CubeIDE/plugins/com.st.stm32cube.ide.mcu.externaltools.gnu-tools-for-stm32.12.3.rel1.win32_1.0.100.202403111256/tools/bin/../lib/gcc/arm-none-eabi/12.3.1/../../../../arm-none-eabi/lib/thumb/v7e-m+dp/hard\libc_nano.a(libc_a-wsetup.o)
                              C:/ST/STM32CubeIDE_1.14.1/STM32CubeIDE/plugins/com.st.stm32cube.ide.mcu.externaltools.gnu-tools-for-stm32.12.3.rel1.win32_1.0.100.202403111256/tools/bin/../lib/gcc/arm-none-eabi/12.3.1/../../../../arm-none-eabi/lib/thumb/v7e-m+dp/hard\libc_nano.a(libc_a-puts.o) (__swsetup_r)
[...]
Memory Configuration

Name             Origin             Length             Attributes
ITCMRAM          0x00000000         0x00010000         xrw
DTCMRAM          0x20000000         0x00020000         xrw
FLASH            0x08000000         0x00100000         xr
RAM_D1           0x24000000         0x00050000         xrw
RAM_D2           0x30000000         0x00008000         xrw
RAM_D3           0x38000000         0x00004000         xrw
*default*        0x00000000         0xffffffff

Linker script and memory map

LOAD C:/ST/STM32CubeIDE_1.14.1/STM32CubeIDE/plugins/com.st.stm32cube.ide.mcu.externaltools.gnu-tools-for-stm32.12.3.rel1.win32_1.0.100.202403111256/tools/bin/../lib/gcc/arm-none-eabi/12.3.1/thumb/v7e-m+dp/hard/crti.o
LOAD C:/ST/STM32CubeIDE_1.14.1/STM32CubeIDE/plugins/com.st.stm32cube.ide.mcu.externaltools.gnu-tools-for-stm32.12.3.rel1.win32_1.0.100.202403111256/tools/bin/../lib/gcc/arm-none-eabi/12.3.1/thumb/v7e-m+dp/hard/crtbegin.o
LOAD C:/ST/STM32CubeIDE_1.14.1/STM32CubeIDE/plugins/com.st.stm32cube.ide.mcu.externaltools.gnu-tools-for-stm32.12.3.rel1.win32_1.0.100.202403111256/tools/bin/../lib/gcc/arm-none-eabi/12.3.1/../../../../arm-none-eabi/lib/thumb/v7e-m+dp/hard/crt0.o
LOAD ./Core/Src/fatfs_sd_card.o
LOAD ./Core/Src/main.o
LOAD ./Core/Src/nuc_connection.o
LOAD ./Core/Src/stm32h7xx_hal_msp.o
LOAD ./Core/Src/stm32h7xx_it.o
LOAD ./Core/Src/syscalls.o
LOAD ./Core/Src/sysmem.o
LOAD ./Core/Src/system_stm32h7xx.o
LOAD ./Core/Src/total_station_interface.o
LOAD ./Core/Startup/startup_stm32h723zgtx.o
LOAD ./Drivers/STM32H7xx_HAL_Driver/Src/stm32h7xx_hal.o
LOAD ./Drivers/STM32H7xx_HAL_Driver/Src/stm32h7xx_hal_cortex.o
LOAD ./Drivers/STM32H7xx_HAL_Driver/Src/stm32h7xx_hal_dma.o
LOAD ./Drivers/STM32H7xx_HAL_Driver/Src/stm32h7xx_hal_dma_ex.o
LOAD ./Drivers/STM32H7xx_HAL_Driver/Src/stm32h7xx_hal_exti.o
LOAD ./Drivers/STM32H7xx_HAL_Driver/Src/stm32h7xx_hal_flash.o
LOAD ./Drivers/STM32H7xx_HAL_Driver/Src/stm32h7xx_hal_flash_ex.o
LOAD ./Drivers/STM32H7xx_HAL_Driver/Src/stm32h7xx_hal_gpio.o
LOAD ./Drivers/STM32H7xx_HAL_Driver/Src/stm32h7xx_hal_hsem.o
LOAD ./Drivers/STM32H7xx_HAL_Driver/Src/stm32h7xx_hal_i2c.o
LOAD ./Drivers/STM32H7xx_HAL_Driver/Src/stm32h7xx_hal_i2c_ex.o
LOAD ./Drivers/STM32H7xx_HAL_Driver/Src/stm32h7xx_hal_mdma.o
LOAD ./Drivers/STM32H7xx_HAL_Driver/Src/stm32h7xx_hal_pcd.o
LOAD ./Drivers/STM32H7xx_HAL_Driver/Src/stm32h7xx_hal_pcd_ex.o
LOAD ./Drivers/STM32H7xx_HAL_Driver/Src/stm32h7xx_hal_pwr.o
LOAD ./Drivers/STM32H7xx_HAL_Driver/Src/stm32h7xx_hal_pwr_ex.o
LOAD ./Drivers/STM32H7xx_HAL_Driver/Src/stm32h7xx_hal_rcc.o
LOAD ./Drivers/STM32H7xx_HAL_Driver/Src/stm32h7xx_hal_rcc_ex.o
LOAD ./Drivers/STM32H7xx_HAL_Driver/Src/stm32h7xx_hal_spi.o
LOAD ./Drivers/STM32H7xx_HAL_Driver/Src/stm32h7xx_hal_spi_ex.o
LOAD ./Drivers/STM32H7xx_HAL_Driver/Src/stm32h7xx_hal_tim.o
LOAD ./Drivers/STM32H7xx_HAL_Driver/Src/stm32h7xx_hal_tim_ex.o
LOAD ./Drivers/STM32H7xx_HAL_Driver/Src/stm32h7xx_hal_uart.o
LOAD ./Drivers/STM32H7xx_HAL_Driver/Src/stm32h7xx_hal_uart_ex.o
LOAD ./Drivers/STM32H7xx_HAL_Driver/Src/stm32h7xx_ll_usb.o
LOAD ./FATFS/App/fatfs.o
LOAD ./FATFS/Target/user_diskio.o
LOAD ./Middlewares/ST/STM32_USB_Device_Library/Class/CDC/Src/usbd_cdc.o
LOAD ./Middlewares/ST/STM32_USB_Device_Library/Core/Src/usbd_core.o
LOAD ./Middlewares/ST/STM32_USB_Device_Library/Core/Src/usbd_ctlreq.o
LOAD ./Middlewares/ST/STM32_USB_Device_Library/Core/Src/usbd_ioreq.o
LOAD ./Middlewares/Third_Party/FatFs/src/diskio.o
LOAD ./Middlewares/Third_Party/FatFs/src/ff.o
LOAD ./Middlewares/Third_Party/FatFs/src/ff_gen_drv.o
LOAD ./Middlewares/Third_Party/FatFs/src/option/ccsbcs.o
LOAD ./Middlewares/Third_Party/FatFs/src/option/syscall.o
LOAD ./USB_DEVICE/App/usb_device.o
LOAD ./USB_DEVICE/App/usbd_cdc_if.o
LOAD ./USB_DEVICE/App/usbd_desc.o
LOAD ./USB_DEVICE/Target/usbd_conf.o
START GROUP
LOAD C:/ST/STM32CubeIDE_1.14.1/STM32CubeIDE/plugins/com.st.stm32cube.ide.mcu.externaltools.gnu-tools-for-stm32.12.3.rel1.win32_1.0.100.202403111256/tools/bin/../lib/gcc/arm-none-eabi/12.3.1/../../../../arm-none-eabi/lib/thumb/v7e-m+dp/hard\libc_nano.a
LOAD C:/ST/STM32CubeIDE_1.14.1/STM32CubeIDE/plugins/com.st.stm32cube.ide.mcu.externaltools.gnu-tools-for-stm32.12.3.rel1.win32_1.0.100.202403111256/tools/bin/../lib/gcc/arm-none-eabi/12.3.1/../../../../arm-none-eabi/lib/thumb/v7e-m+dp/hard\libm.a
END GROUP
START GROUP
LOAD C:/ST/STM32CubeIDE_1.14.1/STM32CubeIDE/plugins/com.st.stm32cube.ide.mcu.externaltools.gnu-tools-for-stm32.12.3.rel1.win32_1.0.100.202403111256/tools/bin/../lib/gcc/arm-none-eabi/12.3.1/thumb/v7e-m+dp/hard\libgcc.a
LOAD C:/ST/STM32CubeIDE_1.14.1/STM32CubeIDE/plugins/com.st.stm32cube.ide.mcu.externaltools.gnu-tools-for-stm32.12.3.rel1.win32_1.0.100.202403111256/tools/bin/../lib/gcc/arm-none-eabi/12.3.1/../../../../arm-none-eabi/lib/thumb/v7e-m+dp/hard\libc_nano.a
END GROUP
START GROUP
LOAD C:/ST/STM32CubeIDE_1.14.1/STM32CubeIDE/plugins/com.st.stm32cube.ide.mcu.externaltools.gnu-tools-for-stm32.12.3.rel1.win32_1.0.100.202403111256/tools/bin/../lib/gcc/arm-none-eabi/12.3.1/thumb/v7e-m+dp/hard\libgcc.a
LOAD C:/ST/STM32CubeIDE_1.14.1/STM32CubeIDE/plugins/com.st.stm32cube.ide.mcu.externaltools.gnu-tools-for-stm32.12.3.rel1.win32_1.0.100.202403111256/tools/bin/../lib/gcc/arm-none-eabi/12.3.1/../../../../arm-none-eabi/lib/thumb/v7e-m+dp/hard\libc_nano.a
LOAD C:/ST/STM32CubeIDE_1.14.1/STM32CubeIDE/plugins/com.st.stm32cube.ide.mcu.externaltools.gnu-tools-for-stm32.12.3.rel1.win32_1.0.100.202403111256/tools/bin/../lib/gcc/arm-none-eabi/12.3.1/../../../../arm-none-eabi/lib/thumb/v7e-m+dp/hard\libnosys.a
END GROUP
START GROUP
LOAD C:/ST/STM32CubeIDE_1.14.1/STM32CubeIDE/plugins/com.st.stm32cube.ide.mcu.externaltools.gnu-tools-for-stm32.12.3.rel1.win32_1.0.100.202403111256/tools/bin/../lib/gcc/arm-none-eabi/12.3.1/thumb/v7e-m+dp/hard\libgcc.a
LOAD C:/ST/STM32CubeIDE_1.14.1/STM32CubeIDE/plugins/com.st.stm32cube.ide.mcu.externaltools.gnu-tools-for-stm32.12.3.rel1.win32_1.0.100.202403111256/tools/bin/../lib/gcc/arm-none-eabi/12.3.1/../../../../arm-none-eabi/lib/thumb/v7e-m+dp/hard\libc_nano.a
LOAD C:/ST/STM32CubeIDE_1.14.1/STM32CubeIDE/plugins/com.st.stm32cube.ide.mcu.externaltools.gnu-tools-for-stm32.12.3.rel1.win32_1.0.100.202403111256/tools/bin/../lib/gcc/arm-none-eabi/12.3.1/../../../../arm-none-eabi/lib/thumb/v7e-m+dp/hard\libnosys.a
END GROUP
LOAD C:/ST/STM32CubeIDE_1.14.1/STM32CubeIDE/plugins/com.st.stm32cube.ide.mcu.externaltools.gnu-tools-for-stm32.12.3.rel1.win32_1.0.100.202403111256/tools/bin/../lib/gcc/arm-none-eabi/12.3.1/thumb/v7e-m+dp/hard/crtend.o
LOAD C:/ST/STM32CubeIDE_1.14.1/STM32CubeIDE/plugins/com.st.stm32cube.ide.mcu.externaltools.gnu-tools-for-stm32.12.3.rel1.win32_1.0.100.202403111256/tools/bin/../lib/gcc/arm-none-eabi/12.3.1/thumb/v7e-m+dp/hard/crtn.o
                0x24050000                        _estack = (ORIGIN (RAM_D1) + LENGTH (RAM_D1))
                0x00000200                        _Min_Heap_Size = 0x200
                0x00000400                        _Min_Stack_Size = 0x400

.isr_vector     0x08000000      0x2cc
                0x08000000                        . = ALIGN (0x4)
 *(.isr_vector)
 .isr_vector    0x08000000      0x2cc ./Core/Startup/startup_stm32h723zgtx.o
                0x08000000                g_pfnVectors
                0x080002cc                        . = ALIGN (0x4)

.text           0x080002d0    0x167b8
                0x080002d0                        . = ALIGN (0x4)
 *(.text)
 .text          0x080002d0       0x40 C:/ST/STM32CubeIDE_1.14.1/STM32CubeIDE/plugins/com.st.stm32cube.ide.mcu.externaltools.gnu-tools-for-stm32.12.3.rel1.win32_1.0.100.202403111256/tools/bin/../lib/gcc/arm-none-eabi/12.3.1/thumb/v7e-m+dp/hard/crtbegin.o
 .text          0x08000310       0x10 C:/ST/STM32CubeIDE_1.14.1/STM32CubeIDE/plugins/com.st.stm32cube.ide.mcu.externaltools.gnu-tools-for-stm32.12.3.rel1.win32_1.0.100.202403111256/tools/bin/../lib/gcc/arm-none-eabi/12.3.1/../../../../arm-none-eabi/lib/thumb/v7e-m+dp/hard\libc_nano.a(libc_a-strlen.o)
                0x08000310                strlen
 .text          0x08000320       0xa0 C:/ST/STM32CubeIDE_1.14.1/STM32CubeIDE/plugins/com.st.stm32cube.ide.mcu.externaltools.gnu-tools-for-stm32.12.3.rel1.win32_1.0.100.202403111256/tools/bin/../lib/gcc/arm-none-eabi/12.3.1/../../../../arm-none-eabi/lib/thumb/v7e-m+dp/hard\libc_nano.a(libc_a-memchr.o)
                0x08000320                memchr
 .text          0x080003c0       0x30 C:/ST/STM32CubeIDE_1.14.1/STM32CubeIDE/plugins/com.st.stm32cube.ide.mcu.externaltools.gnu-tools-for-stm32.12.3.rel1.win32_1.0.100.202403111256/tools/bin/../lib/gcc/arm-none-eabi/12.3.1/thumb/v7e-m+dp/hard\libgcc.a(_aeabi_uldivmod.o)
                0x080003c0                __aeabi_uldivmod
 .text          0x080003f0      0x2bc C:/ST/STM32CubeIDE_1.14.1/STM32CubeIDE/plugins/com.st.stm32cube.ide.mcu.externaltools.gnu-tools-for-stm32.12.3.rel1.win32_1.0.100.202403111256/tools/bin/../lib/gcc/arm-none-eabi/12.3.1/thumb/v7e-m+dp/hard\libgcc.a(_udivmoddi4.o)
                0x080003f0                __udivmoddi4
 .text          0x080006ac        0x4 C:/ST/STM32CubeIDE_1.14.1/STM32CubeIDE/plugins/com.st.stm32cube.ide.mcu.externaltools.gnu-tools-for-stm32.12.3.rel1.win32_1.0.100.202403111256/tools/bin/../lib/gcc/arm-none-eabi/12.3.1/thumb/v7e-m+dp/hard\libgcc.a(_dvmd_tls.o)
                0x080006ac                __aeabi_idiv0
                0x080006ac                __aeabi_ldiv0
 *(.text*)
 .text.SELECT   0x080006b0       0x20 ./Core/Src/fatfs_sd_card.o
 .text.DESELECT
                0x080006d0       0x20 ./Core/Src/fatfs_sd_card.o
 .text.SPI_TxByte
                0x080006f0       0x34 ./Core/Src/fatfs_sd_card.o
 .text.SPI_TxBuffer
                0x08000724       0x34 ./Core/Src/fatfs_sd_card.o
 .text.SPI_RxByte
                0x08000758       0x38 ./Core/Src/fatfs_sd_card.o
 .text.SPI_RxBytePtr
                0x08000790       0x1c ./Core/Src/fatfs_sd_card.o
 .text.SD_ReadyWait
                0x080007ac       0x34 ./Core/Src/fatfs_sd_card.o
 .text.SD_PowerOn
                0x080007e0       0x84 ./Core/Src/fatfs_sd_card.o
 .text.SD_PowerOff
                0x08000864       0x18 ./Core/Src/fatfs_sd_card.o
 .text.SD_CheckPower
                0x0800087c       0x18 ./Core/Src/fatfs_sd_card.o
 .text.SD_RxDataBlock
                0x08000894       0x5c ./Core/Src/fatfs_sd_card.o
 .text.SD_TxDataBlock
                0x080008f0       0x86 ./Core/Src/fatfs_sd_card.o
 .text.SD_SendCmd
                0x08000976       0xa8 ./Core/Src/fatfs_sd_card.o
 *fill*         0x08000a1e        0x2 
 .text.SD_disk_initialize
                0x08000a20      0x1cc ./Core/Src/fatfs_sd_card.o
                0x08000a20                SD_disk_initialize
 .text.SD_disk_status
                0x08000bec       0x2c ./Core/Src/fatfs_sd_card.o
                0x08000bec                SD_disk_status
 .text.SD_disk_read
                0x08000c18       0xd4 ./Core/Src/fatfs_sd_card.o
                0x08000c18                SD_disk_read
 .text.SD_disk_write
                0x08000cec      0x108 ./Core/Src/fatfs_sd_card.o
                0x08000cec                SD_disk_write
 .text.SD_disk_ioctl
                0x08000df4      0x254 ./Core/Src/fatfs_sd_card.o
                0x08000df4                SD_disk_ioctl
 .text.__NVIC_SystemReset
                0x08001048       0x2c ./Core/Src/main.o
 .text.main     0x08001074      0x464 ./Core/Src/main.o
                0x08001074                main
 .text.SystemClock_Config
                0x080014d8       0xe4 ./Core/Src/main.o
                0x080014d8                SystemClock_Config
 .text.MX_SPI2_Init
                0x080015bc       0xac ./Core/Src/main.o
 .text.MX_TIM16_Init
                0x08001668       0x50 ./Core/Src/main.o
 .text.MX_USART1_UART_Init
                0x080016b8       0x9c ./Core/Src/main.o
 .text.MX_USART3_UART_Init
                0x08001754       0x98 ./Core/Src/main.o
 .text.MX_DMA_Init
                0x080017ec       0x60 ./Core/Src/main.o
 .text.MX_GPIO_Init
                0x0800184c      0x27c ./Core/Src/main.o
 .text.HAL_UARTEx_RxEventCallback
                0x08001ac8       0x64 ./Core/Src/main.o
                0x08001ac8                HAL_UARTEx_RxEventCallback
 .text.handle_complete_packet
                0x08001b2c       0x4c ./Core/Src/main.o
                0x08001b2c                handle_complete_packet
 .text.__io_putchar
                0x08001b78       0x24 ./Core/Src/main.o
                0x08001b78                __io_putchar
 .text.process_init_SD_card
                0x08001b9c       0xf8 ./Core/Src/main.o
                0x08001b9c                process_init_SD_card
 .text.Error_Handler
                0x08001c94        0xc ./Core/Src/main.o
                0x08001c94                Error_Handler
 .text.__NVIC_SystemReset
                0x08001ca0       0x2c ./Core/Src/nuc_connection.o
 .text.get_file_name
                0x08001ccc       0x84 ./Core/Src/nuc_connection.o
                0x08001ccc                get_file_name
 .text.get_nuc_time_stamp
                0x08001d50       0x74 ./Core/Src/nuc_connection.o
                0x08001d50                get_nuc_time_stamp
 .text.send_complete_time_stamp
                0x08001dc4       0x70 ./Core/Src/nuc_connection.o
                0x08001dc4                send_complete_time_stamp
 .text.SD_error_message
                0x08001e34       0x30 ./Core/Src/nuc_connection.o
                0x08001e34                SD_error_message
 .text.HAL_MspInit
                0x08001e64       0x34 ./Core/Src/stm32h7xx_hal_msp.o
                0x08001e64                HAL_MspInit
 .text.HAL_SPI_MspInit
                0x08001e98      0x1a4 ./Core/Src/stm32h7xx_hal_msp.o
                0x08001e98                HAL_SPI_MspInit
 .text.HAL_TIM_Base_MspInit
                0x0800203c       0x50 ./Core/Src/stm32h7xx_hal_msp.o
                0x0800203c                HAL_TIM_Base_MspInit
 .text.HAL_UART_MspInit
                0x0800208c      0x278 ./Core/Src/stm32h7xx_hal_msp.o
                0x0800208c                HAL_UART_MspInit
 .text.NMI_Handler
                0x08002304        0x8 ./Core/Src/stm32h7xx_it.o
                0x08002304                NMI_Handler
 .text.HardFault_Handler
                0x0800230c        0x8 ./Core/Src/stm32h7xx_it.o
                0x0800230c                HardFault_Handler
 .text.MemManage_Handler
                0x08002314        0x8 ./Core/Src/stm32h7xx_it.o
                0x08002314                MemManage_Handler
 .text.BusFault_Handler
                0x0800231c        0x8 ./Core/Src/stm32h7xx_it.o
                0x0800231c                BusFault_Handler
 .text.UsageFault_Handler
                0x08002324        0x8 ./Core/Src/stm32h7xx_it.o
                0x08002324                UsageFault_Handler
 .text.SVC_Handler
                0x0800232c        0xe ./Core/Src/stm32h7xx_it.o
                0x0800232c                SVC_Handler
 .text.DebugMon_Handler
                0x0800233a        0xe ./Core/Src/stm32h7xx_it.o
                0x0800233a                DebugMon_Handler
 .text.PendSV_Handler
                0x08002348        0xe ./Core/Src/stm32h7xx_it.o
                0x08002348                PendSV_Handler
 *fill*         0x08002356        0x2 
 .text.SysTick_Handler
                0x08002358       0x3c ./Core/Src/stm32h7xx_it.o
                0x08002358                SysTick_Handler
 .text.DMA1_Stream0_IRQHandler
                0x08002394       0x14 ./Core/Src/stm32h7xx_it.o
                0x08002394                DMA1_Stream0_IRQHandler
 .text.DMA1_Stream1_IRQHandler
                0x080023a8       0x14 ./Core/Src/stm32h7xx_it.o
                0x080023a8                DMA1_Stream1_IRQHandler
 .text.DMA1_Stream2_IRQHandler
                0x080023bc       0x14 ./Core/Src/stm32h7xx_it.o
                0x080023bc                DMA1_Stream2_IRQHandler
 .text.SPI2_IRQHandler
                0x080023d0       0x14 ./Core/Src/stm32h7xx_it.o
                0x080023d0                SPI2_IRQHandler
 .text.USART1_IRQHandler
                0x080023e4       0x14 ./Core/Src/stm32h7xx_it.o
                0x080023e4                USART1_IRQHandler
 .text.OTG_HS_IRQHandler
                0x080023f8       0x14 ./Core/Src/stm32h7xx_it.o
                0x080023f8                OTG_HS_IRQHandler
 .text.TIM16_IRQHandler
                0x0800240c       0x14 ./Core/Src/stm32h7xx_it.o
                0x0800240c                TIM16_IRQHandler
 .text._read    0x08002420       0x3a ./Core/Src/syscalls.o
                0x08002420                _read
 .text._write   0x0800245a       0x38 ./Core/Src/syscalls.o
                0x0800245a                _write
 .text._close   0x08002492       0x18 ./Core/Src/syscalls.o
                0x08002492                _close
 .text._fstat   0x080024aa       0x20 ./Core/Src/syscalls.o
                0x080024aa                _fstat
 .text._isatty  0x080024ca       0x16 ./Core/Src/syscalls.o
                0x080024ca                _isatty
 .text._lseek   0x080024e0       0x1a ./Core/Src/syscalls.o
                0x080024e0                _lseek
 *fill*         0x080024fa        0x2 
 .text._sbrk    0x080024fc       0x6c ./Core/Src/sysmem.o
                0x080024fc                _sbrk
 .text.SystemInit
                0x08002568       0xf0 ./Core/Src/system_stm32h7xx.o
                0x08002568                SystemInit
 .text.search_prism
                0x08002658       0xe4 ./Core/Src/total_station_interface.o
                0x08002658                search_prism
 .text.start_distance
                0x0800273c       0x80 ./Core/Src/total_station_interface.o
                0x0800273c                start_distance
 .text.get_TS_time_stamp
                0x080027bc       0xe8 ./Core/Src/total_station_interface.o
                0x080027bc                get_TS_time_stamp
 .text.start_measure
                0x080028a4       0xd0 ./Core/Src/total_station_interface.o
                0x080028a4                start_measure
 .text.stop_measure
                0x08002974       0x8c ./Core/Src/total_station_interface.o
                0x08002974                stop_measure
 .text.Reset_Handler
                0x08002a00       0x50 ./Core/Startup/startup_stm32h723zgtx.o
                0x08002a00                Reset_Handler
 .text.Default_Handler
                0x08002a50        0x2 ./Core/Startup/startup_stm32h723zgtx.o
                0x08002a50                RTC_Alarm_IRQHandler
                0x08002a50                EXTI2_IRQHandler
                0x08002a50                TIM8_CC_IRQHandler
                0x08002a50                UART8_IRQHandler
                0x08002a50                SPI4_IRQHandler
                0x08002a50                FDCAN3_IT0_IRQHandler
                0x08002a50                TIM1_CC_IRQHandler
                0x08002a50                BDMA_Channel6_IRQHandler
                0x08002a50                DMA2_Stream5_IRQHandler
                0x08002a50                DMA1_Stream5_IRQHandler
                0x08002a50                CORDIC_IRQHandler
                0x08002a50                BDMA_Channel1_IRQHandler
                0x08002a50                TAMP_STAMP_IRQHandler
                0x08002a50                EXTI3_IRQHandler
                0x08002a50                LPTIM4_IRQHandler
                0x08002a50                TIM8_TRG_COM_TIM14_IRQHandler
                0x08002a50                LPTIM2_IRQHandler
                0x08002a50                DFSDM1_FLT1_IRQHandler
                0x08002a50                DMAMUX2_OVR_IRQHandler
                0x08002a50                TIM8_UP_TIM13_IRQHandler
                0x08002a50                I2C3_ER_IRQHandler
                0x08002a50                DFSDM1_FLT2_IRQHandler
                0x08002a50                I2C5_EV_IRQHandler
                0x08002a50                USART10_IRQHandler
                0x08002a50                MDMA_IRQHandler
                0x08002a50                LPTIM3_IRQHandler
                0x08002a50                HSEM1_IRQHandler
                0x08002a50                EXTI0_IRQHandler
                0x08002a50                I2C2_EV_IRQHandler
                0x08002a50                FPU_IRQHandler
                0x08002a50                OTG_HS_WKUP_IRQHandler
                0x08002a50                FDCAN1_IT1_IRQHandler
                0x08002a50                LTDC_ER_IRQHandler
                0x08002a50                DMA2_Stream2_IRQHandler
                0x08002a50                SPI1_IRQHandler
                0x08002a50                OCTOSPI1_IRQHandler
                0x08002a50                TIM6_DAC_IRQHandler
                0x08002a50                DMA2_Stream3_IRQHandler
                0x08002a50                OCTOSPI2_IRQHandler
                0x08002a50                DFSDM1_FLT3_IRQHandler
                0x08002a50                TIM23_IRQHandler
                0x08002a50                USART6_IRQHandler
                0x08002a50                TIM17_IRQHandler
                0x08002a50                USART3_IRQHandler
                0x08002a50                BDMA_Channel7_IRQHandler
                0x08002a50                LPTIM5_IRQHandler
                0x08002a50                UART5_IRQHandler
                0x08002a50                ADC3_IRQHandler
                0x08002a50                DMA2_Stream0_IRQHandler
                0x08002a50                TIM4_IRQHandler
                0x08002a50                BDMA_Channel2_IRQHandler
                0x08002a50                I2C1_EV_IRQHandler
                0x08002a50                DMA1_Stream6_IRQHandler
                0x08002a50                DMAMUX1_OVR_IRQHandler
                0x08002a50                UART4_IRQHandler
                0x08002a50                BDMA_Channel5_IRQHandler
                0x08002a50                TIM3_IRQHandler
                0x08002a50                RCC_IRQHandler
                0x08002a50                UART9_IRQHandler
                0x08002a50                TIM8_BRK_TIM12_IRQHandler
                0x08002a50                TIM1_TRG_COM_IRQHandler
                0x08002a50                Default_Handler
                0x08002a50                ECC_IRQHandler
                0x08002a50                FMAC_IRQHandler
                0x08002a50                CEC_IRQHandler
                0x08002a50                EXTI15_10_IRQHandler
                0x08002a50                BDMA_Channel0_IRQHandler
                0x08002a50                ADC_IRQHandler
                0x08002a50                I2C5_ER_IRQHandler
                0x08002a50                DMA1_Stream7_IRQHandler
                0x08002a50                SPI5_IRQHandler
                0x08002a50                TIM7_IRQHandler
                0x08002a50                FDCAN3_IT1_IRQHandler
                0x08002a50                SDMMC1_IRQHandler
                0x08002a50                TIM5_IRQHandler
                0x08002a50                DMA2_Stream7_IRQHandler
                0x08002a50                TIM15_IRQHandler
                0x08002a50                PVD_AVD_IRQHandler
                0x08002a50                I2C3_EV_IRQHandler
                0x08002a50                EXTI9_5_IRQHandler
                0x08002a50                RTC_WKUP_IRQHandler
                0x08002a50                LTDC_IRQHandler
                0x08002a50                ETH_WKUP_IRQHandler
                0x08002a50                SPDIF_RX_IRQHandler
                0x08002a50                OTG_HS_EP1_IN_IRQHandler
                0x08002a50                TIM24_IRQHandler
                0x08002a50                CRS_IRQHandler
                0x08002a50                EXTI4_IRQHandler
                0x08002a50                RNG_IRQHandler
                0x08002a50                FDCAN2_IT1_IRQHandler
                0x08002a50                ETH_IRQHandler
                0x08002a50                TIM1_UP_IRQHandler
                0x08002a50                BDMA_Channel4_IRQHandler
                0x08002a50                OTG_HS_EP1_OUT_IRQHandler
                0x08002a50                WWDG_IRQHandler
                0x08002a50                SPI6_IRQHandler
                0x08002a50                MDIOS_IRQHandler
                0x08002a50                I2C4_EV_IRQHandler
                0x08002a50                FDCAN2_IT0_IRQHandler
                0x08002a50                LPUART1_IRQHandler
                0x08002a50                FDCAN1_IT0_IRQHandler
                0x08002a50                TIM2_IRQHandler
                0x08002a50                DMA2D_IRQHandler
                0x08002a50                TIM1_BRK_IRQHandler
                0x08002a50                EXTI1_IRQHandler
                0x08002a50                SDMMC2_IRQHandler
                0x08002a50                BDMA_Channel3_IRQHandler
                0x08002a50                DTS_IRQHandler
                0x08002a50                UART7_IRQHandler
                0x08002a50                MDIOS_WKUP_IRQHandler
                0x08002a50                USART2_IRQHandler
                0x08002a50                DFSDM1_FLT0_IRQHandler
                0x08002a50                SAI4_IRQHandler
                0x08002a50                I2C2_ER_IRQHandler
                0x08002a50                DMA2_Stream1_IRQHandler
                0x08002a50                FLASH_IRQHandler
                0x08002a50                DMA2_Stream4_IRQHandler
                0x08002a50                SPI3_IRQHandler
                0x08002a50                WAKEUP_PIN_IRQHandler
                0x08002a50                DMA1_Stream4_IRQHandler
                0x08002a50                I2C1_ER_IRQHandler
                0x08002a50                FMC_IRQHandler
                0x08002a50                FDCAN_CAL_IRQHandler
                0x08002a50                SWPMI1_IRQHandler
                0x08002a50                COMP1_IRQHandler
                0x08002a50                LPTIM1_IRQHandler
                0x08002a50                DCMI_PSSI_IRQHandler
                0x08002a50                I2C4_ER_IRQHandler
                0x08002a50                DMA2_Stream6_IRQHandler
                0x08002a50                SAI1_IRQHandler
                0x08002a50                DMA1_Stream3_IRQHandler
 *fill*         0x08002a52        0x2 
 .text.HAL_Init
                0x08002a54       0x78 ./Drivers/STM32H7xx_HAL_Driver/Src/stm32h7xx_hal.o
                0x08002a54                HAL_Init
 .text.HAL_InitTick
                0x08002acc       0x6c ./Drivers/STM32H7xx_HAL_Driver/Src/stm32h7xx_hal.o
                0x08002acc                HAL_InitTick
 .text.HAL_IncTick
                0x08002b38       0x28 ./Drivers/STM32H7xx_HAL_Driver/Src/stm32h7xx_hal.o
                0x08002b38                HAL_IncTick
 .text.HAL_GetTick
                0x08002b60       0x18 ./Drivers/STM32H7xx_HAL_Driver/Src/stm32h7xx_hal.o
                0x08002b60                HAL_GetTick
 .text.HAL_Delay
                0x08002b78       0x48 ./Drivers/STM32H7xx_HAL_Driver/Src/stm32h7xx_hal.o
                0x08002b78                HAL_Delay
 .text.__NVIC_SetPriorityGrouping
                0x08002bc0       0x48 ./Drivers/STM32H7xx_HAL_Driver/Src/stm32h7xx_hal_cortex.o
 .text.__NVIC_GetPriorityGrouping
                0x08002c08       0x1c ./Drivers/STM32H7xx_HAL_Driver/Src/stm32h7xx_hal_cortex.o
 .text.__NVIC_EnableIRQ
                0x08002c24       0x3c ./Drivers/STM32H7xx_HAL_Driver/Src/stm32h7xx_hal_cortex.o
 .text.__NVIC_SetPriority
                0x08002c60       0x54 ./Drivers/STM32H7xx_HAL_Driver/Src/stm32h7xx_hal_cortex.o
 .text.NVIC_EncodePriority
                0x08002cb4       0x66 ./Drivers/STM32H7xx_HAL_Driver/Src/stm32h7xx_hal_cortex.o
 *fill*         0x08002d1a        0x2 
 .text.SysTick_Config
                0x08002d1c       0x44 ./Drivers/STM32H7xx_HAL_Driver/Src/stm32h7xx_hal_cortex.o
 .text.HAL_NVIC_SetPriorityGrouping
                0x08002d60       0x16 ./Drivers/STM32H7xx_HAL_Driver/Src/stm32h7xx_hal_cortex.o
                0x08002d60                HAL_NVIC_SetPriorityGrouping
 .text.HAL_NVIC_SetPriority
                0x08002d76       0x34 ./Drivers/STM32H7xx_HAL_Driver/Src/stm32h7xx_hal_cortex.o
                0x08002d76                HAL_NVIC_SetPriority
 .text.HAL_NVIC_EnableIRQ
                0x08002daa       0x1c ./Drivers/STM32H7xx_HAL_Driver/Src/stm32h7xx_hal_cortex.o
                0x08002daa                HAL_NVIC_EnableIRQ
 .text.HAL_SYSTICK_Config
                0x08002dc6       0x18 ./Drivers/STM32H7xx_HAL_Driver/Src/stm32h7xx_hal_cortex.o
                0x08002dc6                HAL_SYSTICK_Config
 *fill*         0x08002dde        0x2 
 .text.HAL_DMA_Init
                0x08002de0      0x6b0 ./Drivers/STM32H7xx_HAL_Driver/Src/stm32h7xx_hal_dma.o
                0x08002de0                HAL_DMA_Init
 .text.HAL_DMA_Abort
                0x08003490      0x63c ./Drivers/STM32H7xx_HAL_Driver/Src/stm32h7xx_hal_dma.o
                0x08003490                HAL_DMA_Abort
 .text.HAL_DMA_Abort_IT
                0x08003acc      0x48c ./Drivers/STM32H7xx_HAL_Driver/Src/stm32h7xx_hal_dma.o
                0x08003acc                HAL_DMA_Abort_IT
 .text.HAL_DMA_IRQHandler
                0x08003f58      0xe54 ./Drivers/STM32H7xx_HAL_Driver/Src/stm32h7xx_hal_dma.o
                0x08003f58                HAL_DMA_IRQHandler
 .text.DMA_CalcBaseAndBitshift
                0x08004dac      0x164 ./Drivers/STM32H7xx_HAL_Driver/Src/stm32h7xx_hal_dma.o
 .text.DMA_CheckFifoParam
                0x08004f10       0xf8 ./Drivers/STM32H7xx_HAL_Driver/Src/stm32h7xx_hal_dma.o
 .text.DMA_CalcDMAMUXChannelBaseAndMask
                0x08005008      0x134 ./Drivers/STM32H7xx_HAL_Driver/Src/stm32h7xx_hal_dma.o
 .text.DMA_CalcDMAMUXRequestGenBaseAndMask
                0x0800513c       0xe8 ./Drivers/STM32H7xx_HAL_Driver/Src/stm32h7xx_hal_dma.o
 .text.HAL_GPIO_Init
                0x08005224      0x350 ./Drivers/STM32H7xx_HAL_Driver/Src/stm32h7xx_hal_gpio.o
                0x08005224                HAL_GPIO_Init
 .text.HAL_GPIO_ReadPin
                0x08005574       0x30 ./Drivers/STM32H7xx_HAL_Driver/Src/stm32h7xx_hal_gpio.o
                0x08005574                HAL_GPIO_ReadPin
 .text.HAL_GPIO_WritePin
                0x080055a4       0x32 ./Drivers/STM32H7xx_HAL_Driver/Src/stm32h7xx_hal_gpio.o
                0x080055a4                HAL_GPIO_WritePin
 .text.HAL_GPIO_TogglePin
                0x080055d6       0x34 ./Drivers/STM32H7xx_HAL_Driver/Src/stm32h7xx_hal_gpio.o
                0x080055d6                HAL_GPIO_TogglePin
 .text.HAL_PCD_Init
                0x0800560a      0x218 ./Drivers/STM32H7xx_HAL_Driver/Src/stm32h7xx_hal_pcd.o
                0x0800560a                HAL_PCD_Init
 .text.HAL_PCD_Start
                0x08005822       0x6a ./Drivers/STM32H7xx_HAL_Driver/Src/stm32h7xx_hal_pcd.o
                0x08005822                HAL_PCD_Start
 .text.HAL_PCD_IRQHandler
                0x0800588c      0x99c ./Drivers/STM32H7xx_HAL_Driver/Src/stm32h7xx_hal_pcd.o
                0x0800588c                HAL_PCD_IRQHandler
 .text.HAL_PCD_SetAddress
                0x08006228       0x48 ./Drivers/STM32H7xx_HAL_Driver/Src/stm32h7xx_hal_pcd.o
                0x08006228                HAL_PCD_SetAddress
 .text.HAL_PCD_EP_Open
                0x08006270       0xd0 ./Drivers/STM32H7xx_HAL_Driver/Src/stm32h7xx_hal_pcd.o
                0x08006270                HAL_PCD_EP_Open
 .text.HAL_PCD_EP_Close
                0x08006340       0x94 ./Drivers/STM32H7xx_HAL_Driver/Src/stm32h7xx_hal_pcd.o
                0x08006340                HAL_PCD_EP_Close
 .text.HAL_PCD_EP_Receive
                0x080063d4       0x76 ./Drivers/STM32H7xx_HAL_Driver/Src/stm32h7xx_hal_pcd.o
                0x080063d4                HAL_PCD_EP_Receive
 .text.HAL_PCD_EP_GetRxCount
                0x0800644a       0x30 ./Drivers/STM32H7xx_HAL_Driver/Src/stm32h7xx_hal_pcd.o
                0x0800644a                HAL_PCD_EP_GetRxCount
 .text.HAL_PCD_EP_Transmit
                0x0800647a       0x74 ./Drivers/STM32H7xx_HAL_Driver/Src/stm32h7xx_hal_pcd.o
                0x0800647a                HAL_PCD_EP_Transmit
 .text.HAL_PCD_EP_SetStall
                0x080064ee       0xc6 ./Drivers/STM32H7xx_HAL_Driver/Src/stm32h7xx_hal_pcd.o
                0x080064ee                HAL_PCD_EP_SetStall
 .text.HAL_PCD_EP_ClrStall
                0x080065b4       0xac ./Drivers/STM32H7xx_HAL_Driver/Src/stm32h7xx_hal_pcd.o
                0x080065b4                HAL_PCD_EP_ClrStall
 .text.HAL_PCD_EP_Abort
                0x08006660       0x62 ./Drivers/STM32H7xx_HAL_Driver/Src/stm32h7xx_hal_pcd.o
                0x08006660                HAL_PCD_EP_Abort
 .text.PCD_WriteEmptyTxFifo
                0x080066c2      0x118 ./Drivers/STM32H7xx_HAL_Driver/Src/stm32h7xx_hal_pcd.o
 *fill*         0x080067da        0x2 
 .text.PCD_EP_OutXfrComplete_int
                0x080067dc      0x1d0 ./Drivers/STM32H7xx_HAL_Driver/Src/stm32h7xx_hal_pcd.o
 .text.PCD_EP_OutSetupPacket_int
                0x080069ac       0x8c ./Drivers/STM32H7xx_HAL_Driver/Src/stm32h7xx_hal_pcd.o
 .text.HAL_PCDEx_SetTxFiFo
                0x08006a38       0x8e ./Drivers/STM32H7xx_HAL_Driver/Src/stm32h7xx_hal_pcd_ex.o
                0x08006a38                HAL_PCDEx_SetTxFiFo
 .text.HAL_PCDEx_SetRxFiFo
                0x08006ac6       0x22 ./Drivers/STM32H7xx_HAL_Driver/Src/stm32h7xx_hal_pcd_ex.o
                0x08006ac6                HAL_PCDEx_SetRxFiFo
 .text.HAL_PCDEx_ActivateLPM
                0x08006ae8       0x48 ./Drivers/STM32H7xx_HAL_Driver/Src/stm32h7xx_hal_pcd_ex.o
                0x08006ae8                HAL_PCDEx_ActivateLPM
 .text.HAL_PCDEx_LPM_Callback
                0x08006b30       0x18 ./Drivers/STM32H7xx_HAL_Driver/Src/stm32h7xx_hal_pcd_ex.o
                0x08006b30                HAL_PCDEx_LPM_Callback
 .text.HAL_PWREx_ConfigSupply
                0x08006b48       0x74 ./Drivers/STM32H7xx_HAL_Driver/Src/stm32h7xx_hal_pwr_ex.o
                0x08006b48                HAL_PWREx_ConfigSupply
 .text.HAL_PWREx_EnableUSBVoltageDetector
                0x08006bbc       0x20 ./Drivers/STM32H7xx_HAL_Driver/Src/stm32h7xx_hal_pwr_ex.o
                0x08006bbc                HAL_PWREx_EnableUSBVoltageDetector
 .text.HAL_RCC_OscConfig
                0x08006bdc      0x7b4 ./Drivers/STM32H7xx_HAL_Driver/Src/stm32h7xx_hal_rcc.o
                0x08006bdc                HAL_RCC_OscConfig
 .text.HAL_RCC_ClockConfig
                0x08007390      0x36c ./Drivers/STM32H7xx_HAL_Driver/Src/stm32h7xx_hal_rcc.o
                0x08007390                HAL_RCC_ClockConfig
 .text.HAL_RCC_GetSysClockFreq
                0x080076fc      0x2f4 ./Drivers/STM32H7xx_HAL_Driver/Src/stm32h7xx_hal_rcc.o
                0x080076fc                HAL_RCC_GetSysClockFreq
 .text.HAL_RCC_GetHCLKFreq
                0x080079f0       0x60 ./Drivers/STM32H7xx_HAL_Driver/Src/stm32h7xx_hal_rcc.o
                0x080079f0                HAL_RCC_GetHCLKFreq
 .text.HAL_RCC_GetPCLK1Freq
                0x08007a50       0x2c ./Drivers/STM32H7xx_HAL_Driver/Src/stm32h7xx_hal_rcc.o
                0x08007a50                HAL_RCC_GetPCLK1Freq
 .text.HAL_RCC_GetPCLK2Freq
                0x08007a7c       0x2c ./Drivers/STM32H7xx_HAL_Driver/Src/stm32h7xx_hal_rcc.o
                0x08007a7c                HAL_RCC_GetPCLK2Freq
 .text.HAL_RCCEx_PeriphCLKConfig
                0x08007aa8     0x1340 ./Drivers/STM32H7xx_HAL_Driver/Src/stm32h7xx_hal_rcc_ex.o
                0x08007aa8                HAL_RCCEx_PeriphCLKConfig
 .text.HAL_RCCEx_GetD3PCLK1Freq
                0x08008de8       0x2c ./Drivers/STM32H7xx_HAL_Driver/Src/stm32h7xx_hal_rcc_ex.o
                0x08008de8                HAL_RCCEx_GetD3PCLK1Freq
 .text.HAL_RCCEx_GetPLL2ClockFreq
                0x08008e14      0x2a8 ./Drivers/STM32H7xx_HAL_Driver/Src/stm32h7xx_hal_rcc_ex.o
                0x08008e14                HAL_RCCEx_GetPLL2ClockFreq
 .text.HAL_RCCEx_GetPLL3ClockFreq
                0x080090bc      0x2a8 ./Drivers/STM32H7xx_HAL_Driver/Src/stm32h7xx_hal_rcc_ex.o
                0x080090bc                HAL_RCCEx_GetPLL3ClockFreq
 .text.RCCEx_PLL2_Config
                0x08009364      0x164 ./Drivers/STM32H7xx_HAL_Driver/Src/stm32h7xx_hal_rcc_ex.o
 .text.RCCEx_PLL3_Config
                0x080094c8      0x164 ./Drivers/STM32H7xx_HAL_Driver/Src/stm32h7xx_hal_rcc_ex.o
 .text.HAL_SPI_Init
                0x0800962c      0x248 ./Drivers/STM32H7xx_HAL_Driver/Src/stm32h7xx_hal_spi.o
                0x0800962c                HAL_SPI_Init
 .text.HAL_SPI_Transmit
                0x08009874      0x3dc ./Drivers/STM32H7xx_HAL_Driver/Src/stm32h7xx_hal_spi.o
                0x08009874                HAL_SPI_Transmit
 .text.HAL_SPI_TransmitReceive
                0x08009c50      0x674 ./Drivers/STM32H7xx_HAL_Driver/Src/stm32h7xx_hal_spi.o
                0x08009c50                HAL_SPI_TransmitReceive
 .text.HAL_SPI_IRQHandler
                0x0800a2c4      0x39c ./Drivers/STM32H7xx_HAL_Driver/Src/stm32h7xx_hal_spi.o
                0x0800a2c4                HAL_SPI_IRQHandler
 .text.HAL_SPI_TxCpltCallback
                0x0800a660       0x14 ./Drivers/STM32H7xx_HAL_Driver/Src/stm32h7xx_hal_spi.o
                0x0800a660                HAL_SPI_TxCpltCallback
 .text.HAL_SPI_RxCpltCallback
                0x0800a674       0x14 ./Drivers/STM32H7xx_HAL_Driver/Src/stm32h7xx_hal_spi.o
                0x0800a674                HAL_SPI_RxCpltCallback
 .text.HAL_SPI_TxRxCpltCallback
                0x0800a688       0x14 ./Drivers/STM32H7xx_HAL_Driver/Src/stm32h7xx_hal_spi.o
                0x0800a688                HAL_SPI_TxRxCpltCallback
 .text.HAL_SPI_ErrorCallback
                0x0800a69c       0x14 ./Drivers/STM32H7xx_HAL_Driver/Src/stm32h7xx_hal_spi.o
                0x0800a69c                HAL_SPI_ErrorCallback
 .text.HAL_SPI_SuspendCallback
                0x0800a6b0       0x14 ./Drivers/STM32H7xx_HAL_Driver/Src/stm32h7xx_hal_spi.o
                0x0800a6b0                HAL_SPI_SuspendCallback
 .text.SPI_DMAAbortOnError
                0x0800a6c4       0x34 ./Drivers/STM32H7xx_HAL_Driver/Src/stm32h7xx_hal_spi.o
 .text.SPI_CloseTransfer
                0x0800a6f8      0x140 ./Drivers/STM32H7xx_HAL_Driver/Src/stm32h7xx_hal_spi.o
 .text.SPI_WaitOnFlagUntilTimeout
                0x0800a838       0x5c ./Drivers/STM32H7xx_HAL_Driver/Src/stm32h7xx_hal_spi.o
 .text.SPI_GetPacketSize
                0x0800a894       0x36 ./Drivers/STM32H7xx_HAL_Driver/Src/stm32h7xx_hal_spi.o
 .text.HAL_TIM_Base_Init
                0x0800a8ca       0xae ./Drivers/STM32H7xx_HAL_Driver/Src/stm32h7xx_hal_tim.o
                0x0800a8ca                HAL_TIM_Base_Init
 .text.HAL_TIM_Base_Start
                0x0800a978       0xfc ./Drivers/STM32H7xx_HAL_Driver/Src/stm32h7xx_hal_tim.o
                0x0800a978                HAL_TIM_Base_Start
 .text.HAL_TIM_IRQHandler
                0x0800aa74      0x20e ./Drivers/STM32H7xx_HAL_Driver/Src/stm32h7xx_hal_tim.o
                0x0800aa74                HAL_TIM_IRQHandler
 .text.HAL_TIM_PeriodElapsedCallback
                0x0800ac82       0x14 ./Drivers/STM32H7xx_HAL_Driver/Src/stm32h7xx_hal_tim.o
                0x0800ac82                HAL_TIM_PeriodElapsedCallback
 .text.HAL_TIM_OC_DelayElapsedCallback
                0x0800ac96       0x14 ./Drivers/STM32H7xx_HAL_Driver/Src/stm32h7xx_hal_tim.o
                0x0800ac96                HAL_TIM_OC_DelayElapsedCallback
 .text.HAL_TIM_IC_CaptureCallback
                0x0800acaa       0x14 ./Drivers/STM32H7xx_HAL_Driver/Src/stm32h7xx_hal_tim.o
                0x0800acaa                HAL_TIM_IC_CaptureCallback
 .text.HAL_TIM_PWM_PulseFinishedCallback
                0x0800acbe       0x14 ./Drivers/STM32H7xx_HAL_Driver/Src/stm32h7xx_hal_tim.o
                0x0800acbe                HAL_TIM_PWM_PulseFinishedCallback
 .text.HAL_TIM_TriggerCallback
                0x0800acd2       0x14 ./Drivers/STM32H7xx_HAL_Driver/Src/stm32h7xx_hal_tim.o
                0x0800acd2                HAL_TIM_TriggerCallback
 *fill*         0x0800ace6        0x2 
 .text.TIM_Base_SetConfig
                0x0800ace8      0x164 ./Drivers/STM32H7xx_HAL_Driver/Src/stm32h7xx_hal_tim.o
                0x0800ace8                TIM_Base_SetConfig
 .text.HAL_TIMEx_CommutCallback
                0x0800ae4c       0x14 ./Drivers/STM32H7xx_HAL_Driver/Src/stm32h7xx_hal_tim_ex.o
                0x0800ae4c                HAL_TIMEx_CommutCallback
 .text.HAL_TIMEx_BreakCallback
                0x0800ae60       0x14 ./Drivers/STM32H7xx_HAL_Driver/Src/stm32h7xx_hal_tim_ex.o
                0x0800ae60                HAL_TIMEx_BreakCallback
 .text.HAL_TIMEx_Break2Callback
                0x0800ae74       0x14 ./Drivers/STM32H7xx_HAL_Driver/Src/stm32h7xx_hal_tim_ex.o
                0x0800ae74                HAL_TIMEx_Break2Callback
 .text.HAL_UART_Init
                0x0800ae88       0xa0 ./Drivers/STM32H7xx_HAL_Driver/Src/stm32h7xx_hal_uart.o
                0x0800ae88                HAL_UART_Init
 .text.HAL_UART_Transmit
                0x0800af28      0x11c ./Drivers/STM32H7xx_HAL_Driver/Src/stm32h7xx_hal_uart.o
                0x0800af28                HAL_UART_Transmit
 .text.HAL_UART_Receive
                0x0800b044      0x190 ./Drivers/STM32H7xx_HAL_Driver/Src/stm32h7xx_hal_uart.o
                0x0800b044                HAL_UART_Receive
 .text.HAL_UART_IRQHandler
                0x0800b1d4      0x774 ./Drivers/STM32H7xx_HAL_Driver/Src/stm32h7xx_hal_uart.o
                0x0800b1d4                HAL_UART_IRQHandler
 .text.HAL_UART_TxCpltCallback
                0x0800b948       0x14 ./Drivers/STM32H7xx_HAL_Driver/Src/stm32h7xx_hal_uart.o
                0x0800b948                HAL_UART_TxCpltCallback
 .text.HAL_UART_RxCpltCallback
                0x0800b95c       0x14 ./Drivers/STM32H7xx_HAL_Driver/Src/stm32h7xx_hal_uart.o
                0x0800b95c                HAL_UART_RxCpltCallback
 .text.HAL_UART_ErrorCallback
                0x0800b970       0x14 ./Drivers/STM32H7xx_HAL_Driver/Src/stm32h7xx_hal_uart.o
                0x0800b970                HAL_UART_ErrorCallback
 .text.UART_SetConfig
                0x0800b984      0xcd8 ./Drivers/STM32H7xx_HAL_Driver/Src/stm32h7xx_hal_uart.o
                0x0800b984                UART_SetConfig
 .text.UART_AdvFeatureConfig
                0x0800c65c      0x144 ./Drivers/STM32H7xx_HAL_Driver/Src/stm32h7xx_hal_uart.o
                0x0800c65c                UART_AdvFeatureConfig
 .text.UART_CheckIdleState
                0x0800c7a0      0x154 ./Drivers/STM32H7xx_HAL_Driver/Src/stm32h7xx_hal_uart.o
                0x0800c7a0                UART_CheckIdleState
 .text.UART_WaitOnFlagUntilTimeout
                0x0800c8f4       0xda ./Drivers/STM32H7xx_HAL_Driver/Src/stm32h7xx_hal_uart.o
                0x0800c8f4                UART_WaitOnFlagUntilTimeout
 *fill*         0x0800c9ce        0x2 
 .text.UART_Start_Receive_IT
                0x0800c9d0      0x244 ./Drivers/STM32H7xx_HAL_Driver/Src/stm32h7xx_hal_uart.o
                0x0800c9d0                UART_Start_Receive_IT
 .text.UART_EndRxTransfer
                0x0800cc14       0xcc ./Drivers/STM32H7xx_HAL_Driver/Src/stm32h7xx_hal_uart.o
 .text.UART_DMAAbortOnError
                0x0800cce0       0x2c ./Drivers/STM32H7xx_HAL_Driver/Src/stm32h7xx_hal_uart.o
 .text.UART_EndTransmit_IT
                0x0800cd0c       0x56 ./Drivers/STM32H7xx_HAL_Driver/Src/stm32h7xx_hal_uart.o
 *fill*         0x0800cd62        0x2 
 .text.UART_RxISR_8BIT
                0x0800cd64      0x1b8 ./Drivers/STM32H7xx_HAL_Driver/Src/stm32h7xx_hal_uart.o
 .text.UART_RxISR_16BIT
                0x0800cf1c      0x1b8 ./Drivers/STM32H7xx_HAL_Driver/Src/stm32h7xx_hal_uart.o
 .text.UART_RxISR_8BIT_FIFOEN
                0x0800d0d4      0x360 ./Drivers/STM32H7xx_HAL_Driver/Src/stm32h7xx_hal_uart.o
 .text.UART_RxISR_16BIT_FIFOEN
                0x0800d434      0x368 ./Drivers/STM32H7xx_HAL_Driver/Src/stm32h7xx_hal_uart.o
 .text.HAL_UARTEx_WakeupCallback
                0x0800d79c       0x14 ./Drivers/STM32H7xx_HAL_Driver/Src/stm32h7xx_hal_uart_ex.o
                0x0800d79c                HAL_UARTEx_WakeupCallback
 .text.HAL_UARTEx_RxFifoFullCallback
                0x0800d7b0       0x14 ./Drivers/STM32H7xx_HAL_Driver/Src/stm32h7xx_hal_uart_ex.o
                0x0800d7b0                HAL_UARTEx_RxFifoFullCallback
 .text.HAL_UARTEx_TxFifoEmptyCallback
                0x0800d7c4       0x14 ./Drivers/STM32H7xx_HAL_Driver/Src/stm32h7xx_hal_uart_ex.o
                0x0800d7c4                HAL_UARTEx_TxFifoEmptyCallback
 .text.HAL_UARTEx_DisableFifoMode
                0x0800d7d8       0x72 ./Drivers/STM32H7xx_HAL_Driver/Src/stm32h7xx_hal_uart_ex.o
                0x0800d7d8                HAL_UARTEx_DisableFifoMode
 .text.HAL_UARTEx_SetTxFifoThreshold
                0x0800d84a       0x7c ./Drivers/STM32H7xx_HAL_Driver/Src/stm32h7xx_hal_uart_ex.o
                0x0800d84a                HAL_UARTEx_SetTxFifoThreshold
 .text.HAL_UARTEx_SetRxFifoThreshold
                0x0800d8c6       0x7c ./Drivers/STM32H7xx_HAL_Driver/Src/stm32h7xx_hal_uart_ex.o
                0x0800d8c6                HAL_UARTEx_SetRxFifoThreshold
 .text.HAL_UARTEx_ReceiveToIdle_IT
                0x0800d942       0xa0 ./Drivers/STM32H7xx_HAL_Driver/Src/stm32h7xx_hal_uart_ex.o
                0x0800d942                HAL_UARTEx_ReceiveToIdle_IT
 *fill*         0x0800d9e2        0x2 
 .text.UARTEx_SetNbDataToProcess
                0x0800d9e4       0x9c ./Drivers/STM32H7xx_HAL_Driver/Src/stm32h7xx_hal_uart_ex.o
 .text.USB_CoreInit
                0x0800da80       0xe4 ./Drivers/STM32H7xx_HAL_Driver/Src/stm32h7xx_ll_usb.o
                0x0800da80                USB_CoreInit
 .text.USB_SetTurnaroundTime
                0x0800db64      0x144 ./Drivers/STM32H7xx_HAL_Driver/Src/stm32h7xx_ll_usb.o
                0x0800db64                USB_SetTurnaroundTime
 .text.USB_EnableGlobalInt
                0x0800dca8       0x22 ./Drivers/STM32H7xx_HAL_Driver/Src/stm32h7xx_ll_usb.o
                0x0800dca8                USB_EnableGlobalInt
 .text.USB_DisableGlobalInt
                0x0800dcca       0x22 ./Drivers/STM32H7xx_HAL_Driver/Src/stm32h7xx_ll_usb.o
                0x0800dcca                USB_DisableGlobalInt
 .text.USB_SetCurrentMode
                0x0800dcec       0x98 ./Drivers/STM32H7xx_HAL_Driver/Src/stm32h7xx_ll_usb.o
                0x0800dcec                USB_SetCurrentMode
 .text.USB_DevInit
                0x0800dd84      0x2bc ./Drivers/STM32H7xx_HAL_Driver/Src/stm32h7xx_ll_usb.o
                0x0800dd84                USB_DevInit
 .text.USB_FlushTxFifo
                0x0800e040       0x64 ./Drivers/STM32H7xx_HAL_Driver/Src/stm32h7xx_ll_usb.o
                0x0800e040                USB_FlushTxFifo
 .text.USB_FlushRxFifo
                0x0800e0a4       0x5c ./Drivers/STM32H7xx_HAL_Driver/Src/stm32h7xx_ll_usb.o
                0x0800e0a4                USB_FlushRxFifo
 .text.USB_SetDevSpeed
                0x0800e100       0x32 ./Drivers/STM32H7xx_HAL_Driver/Src/stm32h7xx_ll_usb.o
                0x0800e100                USB_SetDevSpeed
 .text.USB_GetDevSpeed
                0x0800e132       0x4a ./Drivers/STM32H7xx_HAL_Driver/Src/stm32h7xx_ll_usb.o
                0x0800e132                USB_GetDevSpeed
 .text.USB_ActivateEndpoint
                0x0800e17c      0x110 ./Drivers/STM32H7xx_HAL_Driver/Src/stm32h7xx_ll_usb.o
                0x0800e17c                USB_ActivateEndpoint
 .text.USB_DeactivateEndpoint
                0x0800e28c      0x1b8 ./Drivers/STM32H7xx_HAL_Driver/Src/stm32h7xx_ll_usb.o
                0x0800e28c                USB_DeactivateEndpoint
 .text.USB_EPStartXfer
                0x0800e444      0x540 ./Drivers/STM32H7xx_HAL_Driver/Src/stm32h7xx_ll_usb.o
                0x0800e444                USB_EPStartXfer
 .text.USB_EPStopXfer
                0x0800e984      0x154 ./Drivers/STM32H7xx_HAL_Driver/Src/stm32h7xx_ll_usb.o
                0x0800e984                USB_EPStopXfer
 .text.USB_WritePacket
                0x0800ead8       0x7c ./Drivers/STM32H7xx_HAL_Driver/Src/stm32h7xx_ll_usb.o
                0x0800ead8                USB_WritePacket
 .text.USB_ReadPacket
                0x0800eb54       0xb0 ./Drivers/STM32H7xx_HAL_Driver/Src/stm32h7xx_ll_usb.o
                0x0800eb54                USB_ReadPacket
 .text.USB_EPSetStall
                0x0800ec04       0xdc ./Drivers/STM32H7xx_HAL_Driver/Src/stm32h7xx_ll_usb.o
                0x0800ec04                USB_EPSetStall
 .text.USB_EPClearStall
                0x0800ece0       0xcc ./Drivers/STM32H7xx_HAL_Driver/Src/stm32h7xx_ll_usb.o
                0x0800ece0                USB_EPClearStall
 .text.USB_SetDevAddress
                0x0800edac       0x4c ./Drivers/STM32H7xx_HAL_Driver/Src/stm32h7xx_ll_usb.o
                0x0800edac                USB_SetDevAddress
 .text.USB_DevConnect
                0x0800edf8       0x42 ./Drivers/STM32H7xx_HAL_Driver/Src/stm32h7xx_ll_usb.o
                0x0800edf8                USB_DevConnect
 .text.USB_DevDisconnect
                0x0800ee3a       0x42 ./Drivers/STM32H7xx_HAL_Driver/Src/stm32h7xx_ll_usb.o
                0x0800ee3a                USB_DevDisconnect
 .text.USB_ReadInterrupts
                0x0800ee7c       0x26 ./Drivers/STM32H7xx_HAL_Driver/Src/stm32h7xx_ll_usb.o
                0x0800ee7c                USB_ReadInterrupts
 .text.USB_ReadDevAllOutEpInterrupt
                0x0800eea2       0x34 ./Drivers/STM32H7xx_HAL_Driver/Src/stm32h7xx_ll_usb.o
                0x0800eea2                USB_ReadDevAllOutEpInterrupt
 .text.USB_ReadDevAllInEpInterrupt
                0x0800eed6       0x34 ./Drivers/STM32H7xx_HAL_Driver/Src/stm32h7xx_ll_usb.o
                0x0800eed6                USB_ReadDevAllInEpInterrupt
 .text.USB_ReadDevOutEPInterrupt
                0x0800ef0a       0x3c ./Drivers/STM32H7xx_HAL_Driver/Src/stm32h7xx_ll_usb.o
                0x0800ef0a                USB_ReadDevOutEPInterrupt
 .text.USB_ReadDevInEPInterrupt
                0x0800ef46       0x5c ./Drivers/STM32H7xx_HAL_Driver/Src/stm32h7xx_ll_usb.o
                0x0800ef46                USB_ReadDevInEPInterrupt
 .text.USB_GetMode
                0x0800efa2       0x1c ./Drivers/STM32H7xx_HAL_Driver/Src/stm32h7xx_ll_usb.o
                0x0800efa2                USB_GetMode
 *fill*         0x0800efbe        0x2 
 .text.USB_ActivateSetup
                0x0800efc0       0x48 ./Drivers/STM32H7xx_HAL_Driver/Src/stm32h7xx_ll_usb.o
                0x0800efc0                USB_ActivateSetup
 .text.USB_EP0_OutStart
                0x0800f008       0xbc ./Drivers/STM32H7xx_HAL_Driver/Src/stm32h7xx_ll_usb.o
                0x0800f008                USB_EP0_OutStart
 .text.USB_CoreReset
                0x0800f0c4       0x62 ./Drivers/STM32H7xx_HAL_Driver/Src/stm32h7xx_ll_usb.o
 *fill*         0x0800f126        0x2 
 .text.MX_FATFS_Init
                0x0800f128       0x24 ./FATFS/App/fatfs.o
                0x0800f128                MX_FATFS_Init
 .text.get_fattime
                0x0800f14c       0x10 ./FATFS/App/fatfs.o
                0x0800f14c                get_fattime
 .text.USER_initialize
                0x0800f15c       0x1c ./FATFS/Target/user_diskio.o
                0x0800f15c                USER_initialize
 .text.USER_status
                0x0800f178       0x1c ./FATFS/Target/user_diskio.o
                0x0800f178                USER_status
 .text.USER_read
                0x0800f194       0x26 ./FATFS/Target/user_diskio.o
                0x0800f194                USER_read
 .text.USER_write
                0x0800f1ba       0x26 ./FATFS/Target/user_diskio.o
                0x0800f1ba                USER_write
 .text.USER_ioctl
                0x0800f1e0       0x26 ./FATFS/Target/user_diskio.o
                0x0800f1e0                USER_ioctl
 *fill*         0x0800f206        0x2 
 .text.USBD_CDC_Init
                0x0800f208      0x1f0 ./Middlewares/ST/STM32_USB_Device_Library/Class/CDC/Src/usbd_cdc.o
 .text.USBD_CDC_DeInit
                0x0800f3f8      0x104 ./Middlewares/ST/STM32_USB_Device_Library/Class/CDC/Src/usbd_cdc.o
 .text.USBD_CDC_Setup
                0x0800f4fc      0x1b8 ./Middlewares/ST/STM32_USB_Device_Library/Class/CDC/Src/usbd_cdc.o
 .text.USBD_CDC_DataIn
                0x0800f6b4       0xfe ./Middlewares/ST/STM32_USB_Device_Library/Class/CDC/Src/usbd_cdc.o
 .text.USBD_CDC_DataOut
                0x0800f7b2       0x70 ./Middlewares/ST/STM32_USB_Device_Library/Class/CDC/Src/usbd_cdc.o
 .text.USBD_CDC_EP0_RxReady
                0x0800f822       0x74 ./Middlewares/ST/STM32_USB_Device_Library/Class/CDC/Src/usbd_cdc.o
 *fill*         0x0800f896        0x2 
 .text.USBD_CDC_GetFSCfgDesc
                0x0800f898       0x70 ./Middlewares/ST/STM32_USB_Device_Library/Class/CDC/Src/usbd_cdc.o
 .text.USBD_CDC_GetHSCfgDesc
                0x0800f908       0x70 ./Middlewares/ST/STM32_USB_Device_Library/Class/CDC/Src/usbd_cdc.o
 .text.USBD_CDC_GetOtherSpeedCfgDesc
                0x0800f978       0x70 ./Middlewares/ST/STM32_USB_Device_Library/Class/CDC/Src/usbd_cdc.o
 .text.USBD_CDC_GetDeviceQualifierDescriptor
                0x0800f9e8       0x20 ./Middlewares/ST/STM32_USB_Device_Library/Class/CDC/Src/usbd_cdc.o
                0x0800f9e8                USBD_CDC_GetDeviceQualifierDescriptor
 .text.USBD_CDC_RegisterInterface
                0x0800fa08       0x34 ./Middlewares/ST/STM32_USB_Device_Library/Class/CDC/Src/usbd_cdc.o
                0x0800fa08                USBD_CDC_RegisterInterface
 .text.USBD_CDC_SetTxBuffer
                0x0800fa3c       0x44 ./Middlewares/ST/STM32_USB_Device_Library/Class/CDC/Src/usbd_cdc.o
                0x0800fa3c                USBD_CDC_SetTxBuffer
 .text.USBD_CDC_SetRxBuffer
                0x0800fa80       0x3a ./Middlewares/ST/STM32_USB_Device_Library/Class/CDC/Src/usbd_cdc.o
                0x0800fa80                USBD_CDC_SetRxBuffer
 *fill*         0x0800faba        0x2 
 .text.USBD_CDC_TransmitPacket
                0x0800fabc       0x80 ./Middlewares/ST/STM32_USB_Device_Library/Class/CDC/Src/usbd_cdc.o
                0x0800fabc                USBD_CDC_TransmitPacket
 .text.USBD_CDC_ReceivePacket
                0x0800fb3c       0x6c ./Middlewares/ST/STM32_USB_Device_Library/Class/CDC/Src/usbd_cdc.o
                0x0800fb3c                USBD_CDC_ReceivePacket
 .text.USBD_Init
                0x0800fba8       0x60 ./Middlewares/ST/STM32_USB_Device_Library/Core/Src/usbd_core.o
                0x0800fba8                USBD_Init
 .text.USBD_RegisterClass
                0x0800fc08       0x6c ./Middlewares/ST/STM32_USB_Device_Library/Core/Src/usbd_core.o
                0x0800fc08                USBD_RegisterClass
 .text.USBD_Start
                0x0800fc74       0x18 ./Middlewares/ST/STM32_USB_Device_Library/Core/Src/usbd_core.o
                0x0800fc74                USBD_Start
 .text.USBD_RunTestMode
                0x0800fc8c       0x16 ./Middlewares/ST/STM32_USB_Device_Library/Core/Src/usbd_core.o
                0x0800fc8c                USBD_RunTestMode
 .text.USBD_SetClassConfig
                0x0800fca2       0x38 ./Middlewares/ST/STM32_USB_Device_Library/Core/Src/usbd_core.o
                0x0800fca2                USBD_SetClassConfig
 .text.USBD_ClrClassConfig
                0x0800fcda       0x34 ./Middlewares/ST/STM32_USB_Device_Library/Core/Src/usbd_core.o
                0x0800fcda                USBD_ClrClassConfig
 .text.USBD_LL_SetupStage
                0x0800fd0e       0xaa ./Middlewares/ST/STM32_USB_Device_Library/Core/Src/usbd_core.o
                0x0800fd0e                USBD_LL_SetupStage
 .text.USBD_LL_DataOutStage
                0x0800fdb8      0x166 ./Middlewares/ST/STM32_USB_Device_Library/Core/Src/usbd_core.o
                0x0800fdb8                USBD_LL_DataOutStage
 .text.USBD_LL_DataInStage
                0x0800ff1e      0x164 ./Middlewares/ST/STM32_USB_Device_Library/Core/Src/usbd_core.o
                0x0800ff1e                USBD_LL_DataInStage
 .text.USBD_LL_Reset
                0x08010082       0xa4 ./Middlewares/ST/STM32_USB_Device_Library/Core/Src/usbd_core.o
                0x08010082                USBD_LL_Reset
 .text.USBD_LL_SetSpeed
                0x08010126       0x20 ./Middlewares/ST/STM32_USB_Device_Library/Core/Src/usbd_core.o
                0x08010126                USBD_LL_SetSpeed
 .text.USBD_LL_Suspend
                0x08010146       0x38 ./Middlewares/ST/STM32_USB_Device_Library/Core/Src/usbd_core.o
                0x08010146                USBD_LL_Suspend
 .text.USBD_LL_Resume
                0x0801017e       0x30 ./Middlewares/ST/STM32_USB_Device_Library/Core/Src/usbd_core.o
                0x0801017e                USBD_LL_Resume
 .text.USBD_LL_SOF
                0x080101ae       0x40 ./Middlewares/ST/STM32_USB_Device_Library/Core/Src/usbd_core.o
                0x080101ae                USBD_LL_SOF
 .text.USBD_LL_IsoINIncomplete
                0x080101ee       0x64 ./Middlewares/ST/STM32_USB_Device_Library/Core/Src/usbd_core.o
                0x080101ee                USBD_LL_IsoINIncomplete
 .text.USBD_LL_IsoOUTIncomplete
                0x08010252       0x64 ./Middlewares/ST/STM32_USB_Device_Library/Core/Src/usbd_core.o
                0x08010252                USBD_LL_IsoOUTIncomplete
 .text.USBD_LL_DevConnected
                0x080102b6       0x16 ./Middlewares/ST/STM32_USB_Device_Library/Core/Src/usbd_core.o
                0x080102b6                USBD_LL_DevConnected
 .text.USBD_LL_DevDisconnected
                0x080102cc       0x46 ./Middlewares/ST/STM32_USB_Device_Library/Core/Src/usbd_core.o
                0x080102cc                USBD_LL_DevDisconnected
 .text.USBD_CoreFindIF
                0x08010312       0x1a ./Middlewares/ST/STM32_USB_Device_Library/Core/Src/usbd_core.o
                0x08010312                USBD_CoreFindIF
 .text.USBD_CoreFindEP
                0x0801032c       0x1a ./Middlewares/ST/STM32_USB_Device_Library/Core/Src/usbd_core.o
                0x0801032c                USBD_CoreFindEP
 .text.USBD_GetEpDesc
                0x08010346       0x70 ./Middlewares/ST/STM32_USB_Device_Library/Core/Src/usbd_core.o
                0x08010346                USBD_GetEpDesc
 .text.USBD_GetNextDesc
                0x080103b6       0x38 ./Middlewares/ST/STM32_USB_Device_Library/Core/Src/usbd_core.o
                0x080103b6                USBD_GetNextDesc
 .text.SWAPBYTE
                0x080103ee       0x3c ./Middlewares/ST/STM32_USB_Device_Library/Core/Src/usbd_ctlreq.o
 *fill*         0x0801042a        0x2 
 .text.USBD_StdDevReq
                0x0801042c       0xe4 ./Middlewares/ST/STM32_USB_Device_Library/Core/Src/usbd_ctlreq.o
                0x0801042c                USBD_StdDevReq
 .text.USBD_StdItfReq
                0x08010510       0xd8 ./Middlewares/ST/STM32_USB_Device_Library/Core/Src/usbd_ctlreq.o
                0x08010510                USBD_StdItfReq
 .text.USBD_StdEPReq
                0x080105e8      0x33a ./Middlewares/ST/STM32_USB_Device_Library/Core/Src/usbd_ctlreq.o
                0x080105e8                USBD_StdEPReq
 *fill*         0x08010922        0x2 
 .text.USBD_GetDescriptor
                0x08010924      0x328 ./Middlewares/ST/STM32_USB_Device_Library/Core/Src/usbd_ctlreq.o
 .text.USBD_SetAddress
                0x08010c4c       0x88 ./Middlewares/ST/STM32_USB_Device_Library/Core/Src/usbd_ctlreq.o
 .text.USBD_SetConfig
                0x08010cd4      0x154 ./Middlewares/ST/STM32_USB_Device_Library/Core/Src/usbd_ctlreq.o
 .text.USBD_GetConfig
                0x08010e28       0x6c ./Middlewares/ST/STM32_USB_Device_Library/Core/Src/usbd_ctlreq.o
 .text.USBD_GetStatus
                0x08010e94       0x68 ./Middlewares/ST/STM32_USB_Device_Library/Core/Src/usbd_ctlreq.o
 .text.USBD_SetFeature
                0x08010efc       0x52 ./Middlewares/ST/STM32_USB_Device_Library/Core/Src/usbd_ctlreq.o
 .text.USBD_ClrFeature
                0x08010f4e       0x44 ./Middlewares/ST/STM32_USB_Device_Library/Core/Src/usbd_ctlreq.o
 .text.USBD_ParseSetupRequest
                0x08010f92       0x74 ./Middlewares/ST/STM32_USB_Device_Library/Core/Src/usbd_ctlreq.o
                0x08010f92                USBD_ParseSetupRequest
 .text.USBD_CtlError
                0x08011006       0x22 ./Middlewares/ST/STM32_USB_Device_Library/Core/Src/usbd_ctlreq.o
                0x08011006                USBD_CtlError
 .text.USBD_GetString
                0x08011028       0xa4 ./Middlewares/ST/STM32_USB_Device_Library/Core/Src/usbd_ctlreq.o
                0x08011028                USBD_GetString
 .text.USBD_GetLen
                0x080110cc       0x34 ./Middlewares/ST/STM32_USB_Device_Library/Core/Src/usbd_ctlreq.o
 .text.USBD_CtlSendData
                0x08011100       0x36 ./Middlewares/ST/STM32_USB_Device_Library/Core/Src/usbd_ioreq.o
                0x08011100                USBD_CtlSendData
 .text.USBD_CtlContinueSendData
                0x08011136       0x22 ./Middlewares/ST/STM32_USB_Device_Library/Core/Src/usbd_ioreq.o
                0x08011136                USBD_CtlContinueSendData
 .text.USBD_CtlPrepareRx
                0x08011158       0x3a ./Middlewares/ST/STM32_USB_Device_Library/Core/Src/usbd_ioreq.o
                0x08011158                USBD_CtlPrepareRx
 .text.USBD_CtlContinueRx
                0x08011192       0x22 ./Middlewares/ST/STM32_USB_Device_Library/Core/Src/usbd_ioreq.o
                0x08011192                USBD_CtlContinueRx
 .text.USBD_CtlSendStatus
                0x080111b4       0x26 ./Middlewares/ST/STM32_USB_Device_Library/Core/Src/usbd_ioreq.o
                0x080111b4                USBD_CtlSendStatus
 .text.USBD_CtlReceiveStatus
                0x080111da       0x26 ./Middlewares/ST/STM32_USB_Device_Library/Core/Src/usbd_ioreq.o
                0x080111da                USBD_CtlReceiveStatus
 .text.disk_status
                0x08011200       0x34 ./Middlewares/Third_Party/FatFs/src/diskio.o
                0x08011200                disk_status
 .text.disk_initialize
                0x08011234       0x50 ./Middlewares/Third_Party/FatFs/src/diskio.o
                0x08011234                disk_initialize
 .text.disk_read
                0x08011284       0x40 ./Middlewares/Third_Party/FatFs/src/diskio.o
                0x08011284                disk_read
 .text.disk_write
                0x080112c4       0x40 ./Middlewares/Third_Party/FatFs/src/diskio.o
                0x080112c4                disk_write
 .text.disk_ioctl
                0x08011304       0x3c ./Middlewares/Third_Party/FatFs/src/diskio.o
                0x08011304                disk_ioctl
 .text.ld_word  0x08011340       0x30 ./Middlewares/Third_Party/FatFs/src/ff.o
 .text.ld_dword
                0x08011370       0x46 ./Middlewares/Third_Party/FatFs/src/ff.o
 .text.st_word  0x080113b6       0x36 ./Middlewares/Third_Party/FatFs/src/ff.o
 .text.st_dword
                0x080113ec       0x58 ./Middlewares/Third_Party/FatFs/src/ff.o
 .text.mem_cpy  0x08011444       0x42 ./Middlewares/Third_Party/FatFs/src/ff.o
 .text.mem_set  0x08011486       0x36 ./Middlewares/Third_Party/FatFs/src/ff.o
 .text.mem_cmp  0x080114bc       0x4e ./Middlewares/Third_Party/FatFs/src/ff.o
 .text.chk_chr  0x0801150a       0x36 ./Middlewares/Third_Party/FatFs/src/ff.o
 .text.chk_lock
                0x08011540       0xb8 ./Middlewares/Third_Party/FatFs/src/ff.o
 .text.enq_lock
                0x080115f8       0x44 ./Middlewares/Third_Party/FatFs/src/ff.o
 .text.inc_lock
                0x0801163c      0x11c ./Middlewares/Third_Party/FatFs/src/ff.o
 .text.dec_lock
                0x08011758       0x78 ./Middlewares/Third_Party/FatFs/src/ff.o
 .text.clear_lock
                0x080117d0       0x48 ./Middlewares/Third_Party/FatFs/src/ff.o
 .text.sync_window
                0x08011818       0x88 ./Middlewares/Third_Party/FatFs/src/ff.o
 .text.move_window
                0x080118a0       0x5a ./Middlewares/Third_Party/FatFs/src/ff.o
 *fill*         0x080118fa        0x2 
 .text.sync_fs  0x080118fc       0xe0 ./Middlewares/Third_Party/FatFs/src/ff.o
 .text.clust2sect
                0x080119dc       0x3e ./Middlewares/Third_Party/FatFs/src/ff.o
 .text.get_fat  0x08011a1a      0x1a6 ./Middlewares/Third_Party/FatFs/src/ff.o
 .text.put_fat  0x08011bc0      0x234 ./Middlewares/Third_Party/FatFs/src/ff.o
 .text.remove_chain
                0x08011df4       0xca ./Middlewares/Third_Party/FatFs/src/ff.o
 .text.create_chain
                0x08011ebe      0x130 ./Middlewares/Third_Party/FatFs/src/ff.o
 .text.clmt_clust
                0x08011fee       0x70 ./Middlewares/Third_Party/FatFs/src/ff.o
 .text.dir_sdi  0x0801205e      0x112 ./Middlewares/Third_Party/FatFs/src/ff.o
 .text.dir_next
                0x08012170      0x1ac ./Middlewares/Third_Party/FatFs/src/ff.o
 .text.dir_alloc
                0x0801231c       0x8e ./Middlewares/Third_Party/FatFs/src/ff.o
 .text.ld_clust
                0x080123aa       0x3e ./Middlewares/Third_Party/FatFs/src/ff.o
 .text.st_clust
                0x080123e8       0x40 ./Middlewares/Third_Party/FatFs/src/ff.o
 .text.cmp_lfn  0x08012428       0xe0 ./Middlewares/Third_Party/FatFs/src/ff.o
 .text.put_lfn  0x08012508       0xd0 ./Middlewares/Third_Party/FatFs/src/ff.o
 .text.gen_numname
                0x080125d8      0x11c ./Middlewares/Third_Party/FatFs/src/ff.o
 .text.sum_sfn  0x080126f4       0x42 ./Middlewares/Third_Party/FatFs/src/ff.o
 .text.dir_find
                0x08012736      0x180 ./Middlewares/Third_Party/FatFs/src/ff.o
 *fill*         0x080128b6        0x2 
 .text.dir_register
                0x080128b8      0x1f0 ./Middlewares/Third_Party/FatFs/src/ff.o
 .text.create_name
                0x08012aa8      0x370 ./Middlewares/Third_Party/FatFs/src/ff.o
 .text.follow_path
                0x08012e18       0xec ./Middlewares/Third_Party/FatFs/src/ff.o
 .text.get_ldnumber
                0x08012f04       0x88 ./Middlewares/Third_Party/FatFs/src/ff.o
 .text.check_fs
                0x08012f8c       0xac ./Middlewares/Third_Party/FatFs/src/ff.o
 .text.find_volume
                0x08013038      0x50c ./Middlewares/Third_Party/FatFs/src/ff.o
 .text.validate
                0x08013544       0x6a ./Middlewares/Third_Party/FatFs/src/ff.o
 *fill*         0x080135ae        0x2 
 .text.f_mount  0x080135b0       0x8c ./Middlewares/Third_Party/FatFs/src/ff.o
                0x080135b0                f_mount
 .text.f_open   0x0801363c      0x390 ./Middlewares/Third_Party/FatFs/src/ff.o
                0x0801363c                f_open
 .text.f_write  0x080139cc      0x328 ./Middlewares/Third_Party/FatFs/src/ff.o
                0x080139cc                f_write
 .text.f_sync   0x08013cf4       0xfc ./Middlewares/Third_Party/FatFs/src/ff.o
                0x08013cf4                f_sync
 .text.f_close  0x08013df0       0x54 ./Middlewares/Third_Party/FatFs/src/ff.o
                0x08013df0                f_close
 .text.f_getfree
                0x08013e44      0x16a ./Middlewares/Third_Party/FatFs/src/ff.o
                0x08013e44                f_getfree
 .text.putc_bfd
                0x08013fae       0x7a ./Middlewares/Third_Party/FatFs/src/ff.o
 .text.putc_flush
                0x08014028       0x4a ./Middlewares/Third_Party/FatFs/src/ff.o
 .text.putc_init
                0x08014072       0x2a ./Middlewares/Third_Party/FatFs/src/ff.o
 .text.f_puts   0x0801409c       0x48 ./Middlewares/Third_Party/FatFs/src/ff.o
                0x0801409c                f_puts
 .text.FATFS_LinkDriverEx
                0x080140e4       0x98 ./Middlewares/Third_Party/FatFs/src/ff_gen_drv.o
                0x080140e4                FATFS_LinkDriverEx
 .text.FATFS_LinkDriver
                0x0801417c       0x1e ./Middlewares/Third_Party/FatFs/src/ff_gen_drv.o
                0x0801417c                FATFS_LinkDriver
 *fill*         0x0801419a        0x2 
 .text.ff_convert
                0x0801419c       0x78 ./Middlewares/Third_Party/FatFs/src/option/ccsbcs.o
                0x0801419c                ff_convert
 .text.ff_wtoupper
                0x08014214      0x114 ./Middlewares/Third_Party/FatFs/src/option/ccsbcs.o
                0x08014214                ff_wtoupper
 .text.MX_USB_DEVICE_Init
                0x08014328       0x64 ./USB_DEVICE/App/usb_device.o
                0x08014328                MX_USB_DEVICE_Init
 .text.CDC_Init_HS
                0x0801438c       0x28 ./USB_DEVICE/App/usbd_cdc_if.o
 .text.CDC_DeInit_HS
                0x080143b4       0x10 ./USB_DEVICE/App/usbd_cdc_if.o
 .text.CDC_Control_HS
                0x080143c4       0xbc ./USB_DEVICE/App/usbd_cdc_if.o
 .text.CDC_Receive_HS
                0x08014480       0x3c ./USB_DEVICE/App/usbd_cdc_if.o
 .text.CDC_Transmit_HS
                0x080144bc       0x4c ./USB_DEVICE/App/usbd_cdc_if.o
                0x080144bc                CDC_Transmit_HS
 .text.CDC_TransmitCplt_HS
                0x08014508       0x22 ./USB_DEVICE/App/usbd_cdc_if.o
 *fill*         0x0801452a        0x2 
 .text.USBD_HS_DeviceDescriptor
                0x0801452c       0x24 ./USB_DEVICE/App/usbd_desc.o
                0x0801452c                USBD_HS_DeviceDescriptor
 .text.USBD_HS_LangIDStrDescriptor
                0x08014550       0x24 ./USB_DEVICE/App/usbd_desc.o
                0x08014550                USBD_HS_LangIDStrDescriptor
 .text.USBD_HS_ProductStrDescriptor
                0x08014574       0x3c ./USB_DEVICE/App/usbd_desc.o
                0x08014574                USBD_HS_ProductStrDescriptor
 .text.USBD_HS_ManufacturerStrDescriptor
                0x080145b0       0x28 ./USB_DEVICE/App/usbd_desc.o
                0x080145b0                USBD_HS_ManufacturerStrDescriptor
 .text.USBD_HS_SerialStrDescriptor
                0x080145d8       0xc0 ./USB_DEVICE/App/usbd_desc.o
                0x080145d8                USBD_HS_SerialStrDescriptor
 .text.USBD_HS_ConfigStrDescriptor
                0x08014698       0x3c ./USB_DEVICE/App/usbd_desc.o
                0x08014698                USBD_HS_ConfigStrDescriptor
 .text.USBD_HS_InterfaceStrDescriptor
                0x080146d4       0x3c ./USB_DEVICE/App/usbd_desc.o
                0x080146d4                USBD_HS_InterfaceStrDescriptor
 .text.Get_SerialNum
                0x08014710       0x38 ./USB_DEVICE/App/usbd_desc.o
 .text.IntToUnicode
                0x08014748       0x7e ./USB_DEVICE/App/usbd_desc.o
 *fill*         0x080147c6        0x2 
 .text.HAL_PCD_MspInit
                0x080147c8       0xe8 ./USB_DEVICE/Target/usbd_conf.o
                0x080147c8                HAL_PCD_MspInit
 .text.HAL_PCD_SetupStageCallback
                0x080148b0       0x24 ./USB_DEVICE/Target/usbd_conf.o
                0x080148b0                HAL_PCD_SetupStageCallback
 .text.HAL_PCD_DataOutStageCallback
                0x080148d4       0x36 ./USB_DEVICE/Target/usbd_conf.o
                0x080148d4                HAL_PCD_DataOutStageCallback
 .text.HAL_PCD_DataInStageCallback
                0x0801490a       0x34 ./USB_DEVICE/Target/usbd_conf.o
                0x0801490a                HAL_PCD_DataInStageCallback
 .text.HAL_PCD_SOFCallback
                0x0801493e       0x1c ./USB_DEVICE/Target/usbd_conf.o
                0x0801493e                HAL_PCD_SOFCallback
 .text.HAL_PCD_ResetCallback
                0x0801495a       0x50 ./USB_DEVICE/Target/usbd_conf.o
                0x0801495a                HAL_PCD_ResetCallback
 *fill*         0x080149aa        0x2 
 .text.HAL_PCD_SuspendCallback
                0x080149ac       0x4c ./USB_DEVICE/Target/usbd_conf.o
                0x080149ac                HAL_PCD_SuspendCallback
 .text.HAL_PCD_ResumeCallback
                0x080149f8       0x1c ./USB_DEVICE/Target/usbd_conf.o
                0x080149f8                HAL_PCD_ResumeCallback
 .text.HAL_PCD_ISOOUTIncompleteCallback
                0x08014a14       0x24 ./USB_DEVICE/Target/usbd_conf.o
                0x08014a14                HAL_PCD_ISOOUTIncompleteCallback
 .text.HAL_PCD_ISOINIncompleteCallback
                0x08014a38       0x24 ./USB_DEVICE/Target/usbd_conf.o
                0x08014a38                HAL_PCD_ISOINIncompleteCallback
 .text.HAL_PCD_ConnectCallback
                0x08014a5c       0x1c ./USB_DEVICE/Target/usbd_conf.o
                0x08014a5c                HAL_PCD_ConnectCallback
 .text.HAL_PCD_DisconnectCallback
                0x08014a78       0x1c ./USB_DEVICE/Target/usbd_conf.o
                0x08014a78                HAL_PCD_DisconnectCallback
 .text.USBD_LL_Init
                0x08014a94       0xa4 ./USB_DEVICE/Target/usbd_conf.o
                0x08014a94                USBD_LL_Init
 .text.USBD_LL_Start
                0x08014b38       0x36 ./USB_DEVICE/Target/usbd_conf.o
                0x08014b38                USBD_LL_Start
 .text.USBD_LL_OpenEP
                0x08014b6e       0x4c ./USB_DEVICE/Target/usbd_conf.o
                0x08014b6e                USBD_LL_OpenEP
 .text.USBD_LL_CloseEP
                0x08014bba       0x3e ./USB_DEVICE/Target/usbd_conf.o
                0x08014bba                USBD_LL_CloseEP
 .text.USBD_LL_StallEP
                0x08014bf8       0x3e ./USB_DEVICE/Target/usbd_conf.o
                0x08014bf8                USBD_LL_StallEP
 .text.USBD_LL_ClearStallEP
                0x08014c36       0x3e ./USB_DEVICE/Target/usbd_conf.o
                0x08014c36                USBD_LL_ClearStallEP
 .text.USBD_LL_IsStallEP
                0x08014c74       0x58 ./USB_DEVICE/Target/usbd_conf.o
                0x08014c74                USBD_LL_IsStallEP
 .text.USBD_LL_SetUSBAddress
                0x08014ccc       0x3e ./USB_DEVICE/Target/usbd_conf.o
                0x08014ccc                USBD_LL_SetUSBAddress
 .text.USBD_LL_Transmit
                0x08014d0a       0x42 ./USB_DEVICE/Target/usbd_conf.o
                0x08014d0a                USBD_LL_Transmit
 .text.USBD_LL_PrepareReceive
                0x08014d4c       0x42 ./USB_DEVICE/Target/usbd_conf.o
                0x08014d4c                USBD_LL_PrepareReceive
 .text.USBD_LL_GetRxDataSize
                0x08014d8e       0x26 ./USB_DEVICE/Target/usbd_conf.o
                0x08014d8e                USBD_LL_GetRxDataSize
 .text.USBD_static_malloc
                0x08014db4       0x1c ./USB_DEVICE/Target/usbd_conf.o
                0x08014db4                USBD_static_malloc
 .text.USBD_static_free
                0x08014dd0       0x14 ./USB_DEVICE/Target/usbd_conf.o
                0x08014dd0                USBD_static_free
 .text.USBD_Get_USB_Status
                0x08014de4       0x58 ./USB_DEVICE/Target/usbd_conf.o
                0x08014de4                USBD_Get_USB_Status
 .text.std      0x08014e3c       0x6c C:/ST/STM32CubeIDE_1.14.1/STM32CubeIDE/plugins/com.st.stm32cube.ide.mcu.externaltools.gnu-tools-for-stm32.12.3.rel1.win32_1.0.100.202403111256/tools/bin/../lib/gcc/arm-none-eabi/12.3.1/../../../../arm-none-eabi/lib/thumb/v7e-m+dp/hard\libc_nano.a(libc_a-findfp.o)
 .text.stdio_exit_handler
                0x08014ea8       0x18 C:/ST/STM32CubeIDE_1.14.1/STM32CubeIDE/plugins/com.st.stm32cube.ide.mcu.externaltools.gnu-tools-for-stm32.12.3.rel1.win32_1.0.100.202403111256/tools/bin/../lib/gcc/arm-none-eabi/12.3.1/../../../../arm-none-eabi/lib/thumb/v7e-m+dp/hard\libc_nano.a(libc_a-findfp.o)
 .text.cleanup_stdio
                0x08014ec0       0x40 C:/ST/STM32CubeIDE_1.14.1/STM32CubeIDE/plugins/com.st.stm32cube.ide.mcu.externaltools.gnu-tools-for-stm32.12.3.rel1.win32_1.0.100.202403111256/tools/bin/../lib/gcc/arm-none-eabi/12.3.1/../../../../arm-none-eabi/lib/thumb/v7e-m+dp/hard\libc_nano.a(libc_a-findfp.o)
 .text.global_stdio_init.part.0
                0x08014f00       0x3c C:/ST/STM32CubeIDE_1.14.1/STM32CubeIDE/plugins/com.st.stm32cube.ide.mcu.externaltools.gnu-tools-for-stm32.12.3.rel1.win32_1.0.100.202403111256/tools/bin/../lib/gcc/arm-none-eabi/12.3.1/../../../../arm-none-eabi/lib/thumb/v7e-m+dp/hard\libc_nano.a(libc_a-findfp.o)
 .text.__sfp_lock_acquire
                0x08014f3c        0xc C:/ST/STM32CubeIDE_1.14.1/STM32CubeIDE/plugins/com.st.stm32cube.ide.mcu.externaltools.gnu-tools-for-stm32.12.3.rel1.win32_1.0.100.202403111256/tools/bin/../lib/gcc/arm-none-eabi/12.3.1/../../../../arm-none-eabi/lib/thumb/v7e-m+dp/hard\libc_nano.a(libc_a-findfp.o)
                0x08014f3c                __sfp_lock_acquire
 .text.__sfp_lock_release
                0x08014f48        0xc C:/ST/STM32CubeIDE_1.14.1/STM32CubeIDE/plugins/com.st.stm32cube.ide.mcu.externaltools.gnu-tools-for-stm32.12.3.rel1.win32_1.0.100.202403111256/tools/bin/../lib/gcc/arm-none-eabi/12.3.1/../../../../arm-none-eabi/lib/thumb/v7e-m+dp/hard\libc_nano.a(libc_a-findfp.o)
                0x08014f48                __sfp_lock_release
 .text.__sinit  0x08014f54       0x30 C:/ST/STM32CubeIDE_1.14.1/STM32CubeIDE/plugins/com.st.stm32cube.ide.mcu.externaltools.gnu-tools-for-stm32.12.3.rel1.win32_1.0.100.202403111256/tools/bin/../lib/gcc/arm-none-eabi/12.3.1/../../../../arm-none-eabi/lib/thumb/v7e-m+dp/hard\libc_nano.a(libc_a-findfp.o)
                0x08014f54                __sinit
 .text._fwalk_sglue
                0x08014f84       0x3c C:/ST/STM32CubeIDE_1.14.1/STM32CubeIDE/plugins/com.st.stm32cube.ide.mcu.externaltools.gnu-tools-for-stm32.12.3.rel1.win32_1.0.100.202403111256/tools/bin/../lib/gcc/arm-none-eabi/12.3.1/../../../../arm-none-eabi/lib/thumb/v7e-m+dp/hard\libc_nano.a(libc_a-fwalk.o)
                0x08014f84                _fwalk_sglue
 .text.printf   0x08014fc0       0x24 C:/ST/STM32CubeIDE_1.14.1/STM32CubeIDE/plugins/com.st.stm32cube.ide.mcu.externaltools.gnu-tools-for-stm32.12.3.rel1.win32_1.0.100.202403111256/tools/bin/../lib/gcc/arm-none-eabi/12.3.1/../../../../arm-none-eabi/lib/thumb/v7e-m+dp/hard\libc_nano.a(libc_a-printf.o)
                0x08014fc0                iprintf
                0x08014fc0                printf
 .text._puts_r  0x08014fe4       0xaa C:/ST/STM32CubeIDE_1.14.1/STM32CubeIDE/plugins/com.st.stm32cube.ide.mcu.externaltools.gnu-tools-for-stm32.12.3.rel1.win32_1.0.100.202403111256/tools/bin/../lib/gcc/arm-none-eabi/12.3.1/../../../../arm-none-eabi/lib/thumb/v7e-m+dp/hard\libc_nano.a(libc_a-puts.o)
                0x08014fe4                _puts_r
 *fill*         0x0801508e        0x2 
 .text.puts     0x08015090       0x10 C:/ST/STM32CubeIDE_1.14.1/STM32CubeIDE/plugins/com.st.stm32cube.ide.mcu.externaltools.gnu-tools-for-stm32.12.3.rel1.win32_1.0.100.202403111256/tools/bin/../lib/gcc/arm-none-eabi/12.3.1/../../../../arm-none-eabi/lib/thumb/v7e-m+dp/hard\libc_nano.a(libc_a-puts.o)
                0x08015090                puts
 .text.sprintf  0x080150a0       0x40 C:/ST/STM32CubeIDE_1.14.1/STM32CubeIDE/plugins/com.st.stm32cube.ide.mcu.externaltools.gnu-tools-for-stm32.12.3.rel1.win32_1.0.100.202403111256/tools/bin/../lib/gcc/arm-none-eabi/12.3.1/../../../../arm-none-eabi/lib/thumb/v7e-m+dp/hard\libc_nano.a(libc_a-sprintf.o)
                0x080150a0                siprintf
                0x080150a0                sprintf
 .text.sscanf   0x080150e0       0x54 C:/ST/STM32CubeIDE_1.14.1/STM32CubeIDE/plugins/com.st.stm32cube.ide.mcu.externaltools.gnu-tools-for-stm32.12.3.rel1.win32_1.0.100.202403111256/tools/bin/../lib/gcc/arm-none-eabi/12.3.1/../../../../arm-none-eabi/lib/thumb/v7e-m+dp/hard\libc_nano.a(libc_a-sscanf.o)
                0x080150e0                siscanf
                0x080150e0                sscanf
 .text.__sread  0x08015134       0x22 C:/ST/STM32CubeIDE_1.14.1/STM32CubeIDE/plugins/com.st.stm32cube.ide.mcu.externaltools.gnu-tools-for-stm32.12.3.rel1.win32_1.0.100.202403111256/tools/bin/../lib/gcc/arm-none-eabi/12.3.1/../../../../arm-none-eabi/lib/thumb/v7e-m+dp/hard\libc_nano.a(libc_a-stdio.o)
                0x08015134                __sread
 .text.__seofread
                0x08015156        0x4 C:/ST/STM32CubeIDE_1.14.1/STM32CubeIDE/plugins/com.st.stm32cube.ide.mcu.externaltools.gnu-tools-for-stm32.12.3.rel1.win32_1.0.100.202403111256/tools/bin/../lib/gcc/arm-none-eabi/12.3.1/../../../../arm-none-eabi/lib/thumb/v7e-m+dp/hard\libc_nano.a(libc_a-stdio.o)
                0x08015156                __seofread
 .text.__swrite
                0x0801515a       0x38 C:/ST/STM32CubeIDE_1.14.1/STM32CubeIDE/plugins/com.st.stm32cube.ide.mcu.externaltools.gnu-tools-for-stm32.12.3.rel1.win32_1.0.100.202403111256/tools/bin/../lib/gcc/arm-none-eabi/12.3.1/../../../../arm-none-eabi/lib/thumb/v7e-m+dp/hard\libc_nano.a(libc_a-stdio.o)
                0x0801515a                __swrite
 .text.__sseek  0x08015192       0x24 C:/ST/STM32CubeIDE_1.14.1/STM32CubeIDE/plugins/com.st.stm32cube.ide.mcu.externaltools.gnu-tools-for-stm32.12.3.rel1.win32_1.0.100.202403111256/tools/bin/../lib/gcc/arm-none-eabi/12.3.1/../../../../arm-none-eabi/lib/thumb/v7e-m+dp/hard\libc_nano.a(libc_a-stdio.o)
                0x08015192                __sseek
 .text.__sclose
                0x080151b6        0x8 C:/ST/STM32CubeIDE_1.14.1/STM32CubeIDE/plugins/com.st.stm32cube.ide.mcu.externaltools.gnu-tools-for-stm32.12.3.rel1.win32_1.0.100.202403111256/tools/bin/../lib/gcc/arm-none-eabi/12.3.1/../../../../arm-none-eabi/lib/thumb/v7e-m+dp/hard\libc_nano.a(libc_a-stdio.o)
                0x080151b6                __sclose
 .text.__swbuf_r
                0x080151be       0x7c C:/ST/STM32CubeIDE_1.14.1/STM32CubeIDE/plugins/com.st.stm32cube.ide.mcu.externaltools.gnu-tools-for-stm32.12.3.rel1.win32_1.0.100.202403111256/tools/bin/../lib/gcc/arm-none-eabi/12.3.1/../../../../arm-none-eabi/lib/thumb/v7e-m+dp/hard\libc_nano.a(libc_a-wbuf.o)
                0x080151be                __swbuf_r
 *fill*         0x0801523a        0x2 
 .text.__swsetup_r
                0x0801523c       0xac C:/ST/STM32CubeIDE_1.14.1/STM32CubeIDE/plugins/com.st.stm32cube.ide.mcu.externaltools.gnu-tools-for-stm32.12.3.rel1.win32_1.0.100.202403111256/tools/bin/../lib/gcc/arm-none-eabi/12.3.1/../../../../arm-none-eabi/lib/thumb/v7e-m+dp/hard\libc_nano.a(libc_a-wsetup.o)
                0x0801523c                __swsetup_r
 .text.memset   0x080152e8       0x10 C:/ST/STM32CubeIDE_1.14.1/STM32CubeIDE/plugins/com.st.stm32cube.ide.mcu.externaltools.gnu-tools-for-stm32.12.3.rel1.win32_1.0.100.202403111256/tools/bin/../lib/gcc/arm-none-eabi/12.3.1/../../../../arm-none-eabi/lib/thumb/v7e-m+dp/hard\libc_nano.a(libc_a-memset.o)
                0x080152e8                memset
 .text.strcat   0x080152f8       0x1e C:/ST/STM32CubeIDE_1.14.1/STM32CubeIDE/plugins/com.st.stm32cube.ide.mcu.externaltools.gnu-tools-for-stm32.12.3.rel1.win32_1.0.100.202403111256/tools/bin/../lib/gcc/arm-none-eabi/12.3.1/../../../../arm-none-eabi/lib/thumb/v7e-m+dp/hard\libc_nano.a(libc_a-strcat.o)
                0x080152f8                strcat
 *fill*         0x08015316        0x2 
 .text._close_r
                0x08015318       0x20 C:/ST/STM32CubeIDE_1.14.1/STM32CubeIDE/plugins/com.st.stm32cube.ide.mcu.externaltools.gnu-tools-for-stm32.12.3.rel1.win32_1.0.100.202403111256/tools/bin/../lib/gcc/arm-none-eabi/12.3.1/../../../../arm-none-eabi/lib/thumb/v7e-m+dp/hard\libc_nano.a(libc_a-closer.o)
                0x08015318                _close_r
 .text._lseek_r
                0x08015338       0x24 C:/ST/STM32CubeIDE_1.14.1/STM32CubeIDE/plugins/com.st.stm32cube.ide.mcu.externaltools.gnu-tools-for-stm32.12.3.rel1.win32_1.0.100.202403111256/tools/bin/../lib/gcc/arm-none-eabi/12.3.1/../../../../arm-none-eabi/lib/thumb/v7e-m+dp/hard\libc_nano.a(libc_a-lseekr.o)
                0x08015338                _lseek_r
 .text._read_r  0x0801535c       0x24 C:/ST/STM32CubeIDE_1.14.1/STM32CubeIDE/plugins/com.st.stm32cube.ide.mcu.externaltools.gnu-tools-for-stm32.12.3.rel1.win32_1.0.100.202403111256/tools/bin/../lib/gcc/arm-none-eabi/12.3.1/../../../../arm-none-eabi/lib/thumb/v7e-m+dp/hard\libc_nano.a(libc_a-readr.o)
                0x0801535c                _read_r
 .text._write_r
                0x08015380       0x24 C:/ST/STM32CubeIDE_1.14.1/STM32CubeIDE/plugins/com.st.stm32cube.ide.mcu.externaltools.gnu-tools-for-stm32.12.3.rel1.win32_1.0.100.202403111256/tools/bin/../lib/gcc/arm-none-eabi/12.3.1/../../../../arm-none-eabi/lib/thumb/v7e-m+dp/hard\libc_nano.a(libc_a-writer.o)
                0x08015380                _write_r
 .text.__errno  0x080153a4        0xc C:/ST/STM32CubeIDE_1.14.1/STM32CubeIDE/plugins/com.st.stm32cube.ide.mcu.externaltools.gnu-tools-for-stm32.12.3.rel1.win32_1.0.100.202403111256/tools/bin/../lib/gcc/arm-none-eabi/12.3.1/../../../../arm-none-eabi/lib/thumb/v7e-m+dp/hard\libc_nano.a(libc_a-errno.o)
                0x080153a4                __errno
 .text.__libc_init_array
                0x080153b0       0x48 C:/ST/STM32CubeIDE_1.14.1/STM32CubeIDE/plugins/com.st.stm32cube.ide.mcu.externaltools.gnu-tools-for-stm32.12.3.rel1.win32_1.0.100.202403111256/tools/bin/../lib/gcc/arm-none-eabi/12.3.1/../../../../arm-none-eabi/lib/thumb/v7e-m+dp/hard\libc_nano.a(libc_a-init.o)
                0x080153b0                __libc_init_array
 .text.__retarget_lock_init_recursive
                0x080153f8        0x2 C:/ST/STM32CubeIDE_1.14.1/STM32CubeIDE/plugins/com.st.stm32cube.ide.mcu.externaltools.gnu-tools-for-stm32.12.3.rel1.win32_1.0.100.202403111256/tools/bin/../lib/gcc/arm-none-eabi/12.3.1/../../../../arm-none-eabi/lib/thumb/v7e-m+dp/hard\libc_nano.a(libc_a-lock.o)
                0x080153f8                __retarget_lock_init_recursive
 .text.__retarget_lock_acquire_recursive
                0x080153fa        0x2 C:/ST/STM32CubeIDE_1.14.1/STM32CubeIDE/plugins/com.st.stm32cube.ide.mcu.externaltools.gnu-tools-for-stm32.12.3.rel1.win32_1.0.100.202403111256/tools/bin/../lib/gcc/arm-none-eabi/12.3.1/../../../../arm-none-eabi/lib/thumb/v7e-m+dp/hard\libc_nano.a(libc_a-lock.o)
                0x080153fa                __retarget_lock_acquire_recursive
 .text.__retarget_lock_release_recursive
                0x080153fc        0x2 C:/ST/STM32CubeIDE_1.14.1/STM32CubeIDE/plugins/com.st.stm32cube.ide.mcu.externaltools.gnu-tools-for-stm32.12.3.rel1.win32_1.0.100.202403111256/tools/bin/../lib/gcc/arm-none-eabi/12.3.1/../../../../arm-none-eabi/lib/thumb/v7e-m+dp/hard\libc_nano.a(libc_a-lock.o)
                0x080153fc                __retarget_lock_release_recursive
 .text.memcpy   0x080153fe       0x1c C:/ST/STM32CubeIDE_1.14.1/STM32CubeIDE/plugins/com.st.stm32cube.ide.mcu.externaltools.gnu-tools-for-stm32.12.3.rel1.win32_1.0.100.202403111256/tools/bin/../lib/gcc/arm-none-eabi/12.3.1/../../../../arm-none-eabi/lib/thumb/v7e-m+dp/hard\libc_nano.a(libc_a-memcpy-stub.o)
                0x080153fe                memcpy
 *fill*         0x0801541a        0x2 
 .text._free_r  0x0801541c       0x94 C:/ST/STM32CubeIDE_1.14.1/STM32CubeIDE/plugins/com.st.stm32cube.ide.mcu.externaltools.gnu-tools-for-stm32.12.3.rel1.win32_1.0.100.202403111256/tools/bin/../lib/gcc/arm-none-eabi/12.3.1/../../../../arm-none-eabi/lib/thumb/v7e-m+dp/hard\libc_nano.a(libc_a-freer.o)
                0x0801541c                _free_r
 .text.sbrk_aligned
                0x080154b0       0x44 C:/ST/STM32CubeIDE_1.14.1/STM32CubeIDE/plugins/com.st.stm32cube.ide.mcu.externaltools.gnu-tools-for-stm32.12.3.rel1.win32_1.0.100.202403111256/tools/bin/../lib/gcc/arm-none-eabi/12.3.1/../../../../arm-none-eabi/lib/thumb/v7e-m+dp/hard\libc_nano.a(libc_a-mallocr.o)
 .text._malloc_r
                0x080154f4      0x100 C:/ST/STM32CubeIDE_1.14.1/STM32CubeIDE/plugins/com.st.stm32cube.ide.mcu.externaltools.gnu-tools-for-stm32.12.3.rel1.win32_1.0.100.202403111256/tools/bin/../lib/gcc/arm-none-eabi/12.3.1/../../../../arm-none-eabi/lib/thumb/v7e-m+dp/hard\libc_nano.a(libc_a-mallocr.o)
                0x080154f4                _malloc_r
 .text.__malloc_lock
                0x080155f4        0xc C:/ST/STM32CubeIDE_1.14.1/STM32CubeIDE/plugins/com.st.stm32cube.ide.mcu.externaltools.gnu-tools-for-stm32.12.3.rel1.win32_1.0.100.202403111256/tools/bin/../lib/gcc/arm-none-eabi/12.3.1/../../../../arm-none-eabi/lib/thumb/v7e-m+dp/hard\libc_nano.a(libc_a-mlock.o)
                0x080155f4                __malloc_lock
 .text.__malloc_unlock
                0x08015600        0xc C:/ST/STM32CubeIDE_1.14.1/STM32CubeIDE/plugins/com.st.stm32cube.ide.mcu.externaltools.gnu-tools-for-stm32.12.3.rel1.win32_1.0.100.202403111256/tools/bin/../lib/gcc/arm-none-eabi/12.3.1/../../../../arm-none-eabi/lib/thumb/v7e-m+dp/hard\libc_nano.a(libc_a-mlock.o)
                0x08015600                __malloc_unlock
 .text.__ssputs_r
                0x0801560c       0xb6 C:/ST/STM32CubeIDE_1.14.1/STM32CubeIDE/plugins/com.st.stm32cube.ide.mcu.externaltools.gnu-tools-for-stm32.12.3.rel1.win32_1.0.100.202403111256/tools/bin/../lib/gcc/arm-none-eabi/12.3.1/../../../../arm-none-eabi/lib/thumb/v7e-m+dp/hard\libc_nano.a(libc_a-nano-svfprintf.o)
                0x0801560c                __ssputs_r
 *fill*         0x080156c2        0x2 
 .text._svfprintf_r
                0x080156c4      0x1f8 C:/ST/STM32CubeIDE_1.14.1/STM32CubeIDE/plugins/com.st.stm32cube.ide.mcu.externaltools.gnu-tools-for-stm32.12.3.rel1.win32_1.0.100.202403111256/tools/bin/../lib/gcc/arm-none-eabi/12.3.1/../../../../arm-none-eabi/lib/thumb/v7e-m+dp/hard\libc_nano.a(libc_a-nano-svfprintf.o)
                0x080156c4                _svfiprintf_r
                0x080156c4                _svfprintf_r
 .text._sungetc_r
                0x080158bc       0x76 C:/ST/STM32CubeIDE_1.14.1/STM32CubeIDE/plugins/com.st.stm32cube.ide.mcu.externaltools.gnu-tools-for-stm32.12.3.rel1.win32_1.0.100.202403111256/tools/bin/../lib/gcc/arm-none-eabi/12.3.1/../../../../arm-none-eabi/lib/thumb/v7e-m+dp/hard\libc_nano.a(libc_a-nano-svfscanf.o)
                0x080158bc                _sungetc_r
 .text.__ssrefill_r
                0x08015932       0x3a C:/ST/STM32CubeIDE_1.14.1/STM32CubeIDE/plugins/com.st.stm32cube.ide.mcu.externaltools.gnu-tools-for-stm32.12.3.rel1.win32_1.0.100.202403111256/tools/bin/../lib/gcc/arm-none-eabi/12.3.1/../../../../arm-none-eabi/lib/thumb/v7e-m+dp/hard\libc_nano.a(libc_a-nano-svfscanf.o)
                0x08015932                __ssrefill_r
 .text.__ssvfscanf_r
                0x0801596c      0x2e8 C:/ST/STM32CubeIDE_1.14.1/STM32CubeIDE/plugins/com.st.stm32cube.ide.mcu.externaltools.gnu-tools-for-stm32.12.3.rel1.win32_1.0.100.202403111256/tools/bin/../lib/gcc/arm-none-eabi/12.3.1/../../../../arm-none-eabi/lib/thumb/v7e-m+dp/hard\libc_nano.a(libc_a-nano-svfscanf.o)
                0x0801596c                __ssvfiscanf_r
                0x0801596c                __ssvfscanf_r
 .text.__sfputc_r
                0x08015c54       0x2e C:/ST/STM32CubeIDE_1.14.1/STM32CubeIDE/plugins/com.st.stm32cube.ide.mcu.externaltools.gnu-tools-for-stm32.12.3.rel1.win32_1.0.100.202403111256/tools/bin/../lib/gcc/arm-none-eabi/12.3.1/../../../../arm-none-eabi/lib/thumb/v7e-m+dp/hard\libc_nano.a(libc_a-nano-vfprintf.o)
 .text.__sfputs_r
                0x08015c82       0x24 C:/ST/STM32CubeIDE_1.14.1/STM32CubeIDE/plugins/com.st.stm32cube.ide.mcu.externaltools.gnu-tools-for-stm32.12.3.rel1.win32_1.0.100.202403111256/tools/bin/../lib/gcc/arm-none-eabi/12.3.1/../../../../arm-none-eabi/lib/thumb/v7e-m+dp/hard\libc_nano.a(libc_a-nano-vfprintf.o)
                0x08015c82                __sfputs_r
 *fill*         0x08015ca6        0x2 
 .text._vfprintf_r
                0x08015ca8      0x230 C:/ST/STM32CubeIDE_1.14.1/STM32CubeIDE/plugins/com.st.stm32cube.ide.mcu.externaltools.gnu-tools-for-stm32.12.3.rel1.win32_1.0.100.202403111256/tools/bin/../lib/gcc/arm-none-eabi/12.3.1/../../../../arm-none-eabi/lib/thumb/v7e-m+dp/hard\libc_nano.a(libc_a-nano-vfprintf.o)
                0x08015ca8                _vfprintf_r
                0x08015ca8                _vfiprintf_r
 .text._printf_common
                0x08015ed8       0xda C:/ST/STM32CubeIDE_1.14.1/STM32CubeIDE/plugins/com.st.stm32cube.ide.mcu.externaltools.gnu-tools-for-stm32.12.3.rel1.win32_1.0.100.202403111256/tools/bin/../lib/gcc/arm-none-eabi/12.3.1/../../../../arm-none-eabi/lib/thumb/v7e-m+dp/hard\libc_nano.a(libc_a-nano-vfprintf_i.o)
                0x08015ed8                _printf_common
 *fill*         0x08015fb2        0x2 
 .text._printf_i
                0x08015fb4      0x240 C:/ST/STM32CubeIDE_1.14.1/STM32CubeIDE/plugins/com.st.stm32cube.ide.mcu.externaltools.gnu-tools-for-stm32.12.3.rel1.win32_1.0.100.202403111256/tools/bin/../lib/gcc/arm-none-eabi/12.3.1/../../../../arm-none-eabi/lib/thumb/v7e-m+dp/hard\libc_nano.a(libc_a-nano-vfprintf_i.o)
                0x08015fb4                _printf_i
 .text._scanf_chars
                0x080161f4       0xb4 C:/ST/STM32CubeIDE_1.14.1/STM32CubeIDE/plugins/com.st.stm32cube.ide.mcu.externaltools.gnu-tools-for-stm32.12.3.rel1.win32_1.0.100.202403111256/tools/bin/../lib/gcc/arm-none-eabi/12.3.1/../../../../arm-none-eabi/lib/thumb/v7e-m+dp/hard\libc_nano.a(libc_a-nano-vfscanf_i.o)
                0x080161f4                _scanf_chars
 .text._scanf_i
                0x080162a8      0x1e8 C:/ST/STM32CubeIDE_1.14.1/STM32CubeIDE/plugins/com.st.stm32cube.ide.mcu.externaltools.gnu-tools-for-stm32.12.3.rel1.win32_1.0.100.202403111256/tools/bin/../lib/gcc/arm-none-eabi/12.3.1/../../../../arm-none-eabi/lib/thumb/v7e-m+dp/hard\libc_nano.a(libc_a-nano-vfscanf_i.o)
                0x080162a8                _scanf_i
 .text.__sflush_r
                0x08016490      0x108 C:/ST/STM32CubeIDE_1.14.1/STM32CubeIDE/plugins/com.st.stm32cube.ide.mcu.externaltools.gnu-tools-for-stm32.12.3.rel1.win32_1.0.100.202403111256/tools/bin/../lib/gcc/arm-none-eabi/12.3.1/../../../../arm-none-eabi/lib/thumb/v7e-m+dp/hard\libc_nano.a(libc_a-fflush.o)
                0x08016490                __sflush_r
 .text._fflush_r
                0x08016598       0x50 C:/ST/STM32CubeIDE_1.14.1/STM32CubeIDE/plugins/com.st.stm32cube.ide.mcu.externaltools.gnu-tools-for-stm32.12.3.rel1.win32_1.0.100.202403111256/tools/bin/../lib/gcc/arm-none-eabi/12.3.1/../../../../arm-none-eabi/lib/thumb/v7e-m+dp/hard\libc_nano.a(libc_a-fflush.o)
                0x08016598                _fflush_r
 .text.__swhatbuf_r
                0x080165e8       0x4c C:/ST/STM32CubeIDE_1.14.1/STM32CubeIDE/plugins/com.st.stm32cube.ide.mcu.externaltools.gnu-tools-for-stm32.12.3.rel1.win32_1.0.100.202403111256/tools/bin/../lib/gcc/arm-none-eabi/12.3.1/../../../../arm-none-eabi/lib/thumb/v7e-m+dp/hard\libc_nano.a(libc_a-makebuf.o)
                0x080165e8                __swhatbuf_r
 .text.__smakebuf_r