2024-06-26 16:33:51,155 [INFO] Activator:176 - 


2024-06-26 16:33:51,165 [INFO] Activator:177 - !SESSION log4j initialized
2024-06-26 16:33:55,855 [INFO] LogOutputStream:77 - [STDOUT_REDIRECT] 
2024-06-26 16:33:58,814 [INFO] ApplicationProperties:184 - Using Application install path: C:\ST\STM32CubeIDE_1.14.1\STM32CubeIDE\plugins\com.st.stm32cube.common.mx_6.11.1.202404110753
2024-06-26 16:33:58,833 [INFO] DbMcusXml:78 - Set database path to: C:\ST\STM32CubeIDE_1.14.1\STM32CubeIDE\plugins\com.st.stm32cube.common.mx_6.11.1.202404110753\\db\/mcu/
2024-06-26 16:33:58,833 [INFO] ApiDb:274 - Set plugin database path to: C:\ST\STM32CubeIDE_1.14.1\STM32CubeIDE\plugins\com.st.stm32cube.common.mx_6.11.1.202404110753\\db\/plugins/boardmanager/
2024-06-26 16:33:58,834 [WARN] ApiDb:259 - Overriding images path with different value:  => C:\ST\STM32CubeIDE_1.14.1\STM32CubeIDE\plugins\com.st.stm32cube.common.mx_6.11.1.202404110753\\db\/plugins/mcufinder/images/
2024-06-26 16:33:58,854 [INFO] ApiDb:250 - Set database path to: C:\Users\andre\.stmcufinder\plugins\mcufinder//mcu/
2024-06-26 16:33:58,855 [INFO] DbMcusAds:125 - Set database path to: C:\Users\andre\.stmcufinder\plugins\mcufinder//mcu/
2024-06-26 16:33:58,857 [INFO] CrossReferenceDbSqlite:203 - Set database path to: C:\Users\andre\.stmcufinder\plugins\mcufinder//mcu/cs/
2024-06-26 16:33:58,970 [INFO] RulesReader:64 - Compatibility file has been processed (297 Rules)
2024-06-26 16:33:59,046 [INFO] DbMcusXml:78 - Set database path to: C:\ST\STM32CubeIDE_1.14.1\STM32CubeIDE\plugins\com.st.stm32cube.common.mx_6.11.1.202404110753\\db\/mcu/
2024-06-26 16:33:59,046 [INFO] ApiDb:274 - Set plugin database path to: C:\ST\STM32CubeIDE_1.14.1\STM32CubeIDE\plugins\com.st.stm32cube.common.mx_6.11.1.202404110753\\db\/plugins/boardmanager/
2024-06-26 16:33:59,046 [INFO] ApiDb:261 - Set plugin images path to: C:\ST\STM32CubeIDE_1.14.1\STM32CubeIDE\plugins\com.st.stm32cube.common.mx_6.11.1.202404110753\\db\/plugins/mcufinder/images/
2024-06-26 16:33:59,047 [WARN] DbFile:41 - Overriding database path with different value: C:\Users\andre\.stmcufinder\plugins\mcufinder/ => C:\Users\andre\.stmcufinder\plugins\mcufinder
2024-06-26 16:33:59,047 [INFO] ApiDb:250 - Set database path to: C:\Users\andre\.stmcufinder\plugins\mcufinder//mcu/
2024-06-26 16:33:59,047 [WARN] DbFile:41 - Overriding database path with different value: C:\Users\andre\.stmcufinder\plugins\mcufinder/ => C:\Users\andre\.stmcufinder\plugins\mcufinder
2024-06-26 16:33:59,047 [INFO] DbMcusAds:125 - Set database path to: C:\Users\andre\.stmcufinder\plugins\mcufinder//mcu/
2024-06-26 16:33:59,047 [WARN] DbFile:41 - Overriding database path with different value: C:\Users\andre\.stmcufinder\plugins\mcufinder/ => C:\Users\andre\.stmcufinder\plugins\mcufinder
2024-06-26 16:33:59,047 [WARN] DbFile:41 - Overriding database path with different value: C:\Users\andre\.stmcufinder\plugins\mcufinder/ => C:\Users\andre\.stmcufinder\plugins\mcufinder
2024-06-26 16:33:59,047 [INFO] CrossReferenceDbSqlite:203 - Set database path to: C:\Users\andre\.stmcufinder\plugins\mcufinder//mcu/cs/
2024-06-26 16:33:59,121 [INFO] MainPanel:264 - HeapMemory: 268435456
2024-06-26 16:33:59,204 [INFO] DbMcusXml:78 - Set database path to: C:\ST\STM32CubeIDE_1.14.1\STM32CubeIDE\plugins\com.st.stm32cube.common.mx_6.11.1.202404110753\\db\/mcu/
2024-06-26 16:33:59,205 [INFO] ApiDb:274 - Set plugin database path to: C:\ST\STM32CubeIDE_1.14.1\STM32CubeIDE\plugins\com.st.stm32cube.common.mx_6.11.1.202404110753\\db\/plugins/boardmanager/
2024-06-26 16:33:59,205 [INFO] ApiDb:261 - Set plugin images path to: C:\ST\STM32CubeIDE_1.14.1\STM32CubeIDE\plugins\com.st.stm32cube.common.mx_6.11.1.202404110753\\db\/plugins/mcufinder/images/
2024-06-26 16:33:59,205 [WARN] DbFile:41 - Overriding database path with different value: C:\Users\andre\.stmcufinder\plugins\mcufinder/ => C:\Users\andre\.stmcufinder\plugins\mcufinder
2024-06-26 16:33:59,205 [INFO] ApiDb:250 - Set database path to: C:\Users\andre\.stmcufinder\plugins\mcufinder//mcu/
2024-06-26 16:33:59,205 [WARN] DbFile:41 - Overriding database path with different value: C:\Users\andre\.stmcufinder\plugins\mcufinder/ => C:\Users\andre\.stmcufinder\plugins\mcufinder
2024-06-26 16:33:59,205 [INFO] DbMcusAds:125 - Set database path to: C:\Users\andre\.stmcufinder\plugins\mcufinder//mcu/
2024-06-26 16:33:59,205 [WARN] DbFile:41 - Overriding database path with different value: C:\Users\andre\.stmcufinder\plugins\mcufinder/ => C:\Users\andre\.stmcufinder\plugins\mcufinder
2024-06-26 16:33:59,205 [WARN] DbFile:41 - Overriding database path with different value: C:\Users\andre\.stmcufinder\plugins\mcufinder/ => C:\Users\andre\.stmcufinder\plugins\mcufinder
2024-06-26 16:33:59,205 [INFO] CrossReferenceDbSqlite:203 - Set database path to: C:\Users\andre\.stmcufinder\plugins\mcufinder//mcu/cs/
2024-06-26 16:33:59,220 [INFO] ApplicationProperties:184 - Using Application install path: C:\ST\STM32CubeIDE_1.14.1\STM32CubeIDE\plugins\com.st.stm32cube.common.mx_6.11.1.202404110753
2024-06-26 16:33:59,221 [INFO] PluginManage:196 - Search for loadable plugins [exclusion list=, ]
2024-06-26 16:33:59,222 [INFO] PluginManage:310 - Check plugin analytics
2024-06-26 16:33:59,381 [INFO] AnalyticsPlugin:253 - Accepted Software Licenses: STM32CubeMX.6.10.0,STM32CubeMX.6.11.1
2024-06-26 16:33:59,381 [INFO] AnalyticsPlugin:255 - Accepted CMSIS Pack Licenses: STMicroelectronics.X-CUBE-AZRTOS-H7.3.2.0
2024-06-26 16:33:59,381 [INFO] AnalyticsPlugin:257 - Accepted Firmware Licenses: FW.H7.1.11.0
2024-06-26 16:33:59,383 [INFO] PluginManage:359 - Loaded plugin analytics (category:tool,tabindex:-1)
2024-06-26 16:33:59,383 [INFO] PluginManage:310 - Check plugin cadmodel
2024-06-26 16:33:59,423 [INFO] CADModel:105 - Init CAD model plugin
2024-06-26 16:33:59,424 [INFO] PluginManage:359 - Loaded plugin cadmodel (category:power,tabindex:5)
2024-06-26 16:33:59,424 [INFO] PluginManage:310 - Check plugin clock
2024-06-26 16:33:59,442 [INFO] PluginManage:359 - Loaded plugin clock (category:base,tabindex:2)
2024-06-26 16:33:59,442 [INFO] PluginManage:310 - Check plugin ddr
2024-06-26 16:33:59,445 [INFO] PluginManage:359 - Loaded plugin ddr (category:tool,tabindex:6)
2024-06-26 16:33:59,445 [INFO] PluginManage:310 - Check plugin filemanager
2024-06-26 16:33:59,576 [INFO] PluginManage:359 - Loaded plugin filemanager (category:base,tabindex:10)
2024-06-26 16:33:59,576 [INFO] PluginManage:310 - Check plugin ipmanager
2024-06-26 16:33:59,584 [INFO] PluginManage:359 - Loaded plugin ipmanager (category:base,tabindex:5)
2024-06-26 16:33:59,584 [INFO] PluginManage:310 - Check plugin lpbam
2024-06-26 16:33:59,600 [INFO] PluginManage:359 - Loaded plugin lpbam (category:base,tabindex:0)
2024-06-26 16:33:59,600 [INFO] PluginManage:310 - Check plugin memorymap
2024-06-26 16:33:59,617 [INFO] PluginManage:359 - Loaded plugin memorymap (category:base,tabindex:4)
2024-06-26 16:33:59,617 [INFO] PluginManage:310 - Check plugin pinoutandconfiguration
2024-06-26 16:33:59,630 [INFO] PluginManage:359 - Loaded plugin pinoutandconfiguration (category:base,tabindex:1)
2024-06-26 16:33:59,630 [INFO] PluginManage:310 - Check plugin pinoutconfig
2024-06-26 16:33:59,721 [WARN] SupportedApi:132 - Cannot load RTOS API schema: s4s-elt-must-match.1: The content of 'definitions' must match (annotation?, (simpleType | complexType)?, (unique | key | keyref)*)). A problem was found starting at: attribute.
2024-06-26 16:33:59,842 [INFO] PluginManage:359 - Loaded plugin pinoutconfig (category:base,tabindex:0)
2024-06-26 16:33:59,842 [INFO] PluginManage:310 - Check plugin power
2024-06-26 16:33:59,861 [INFO] PluginManage:359 - Loaded plugin power (category:power,tabindex:4)
2024-06-26 16:33:59,861 [INFO] PluginManage:310 - Check plugin projectmanager
2024-06-26 16:33:59,876 [INFO] PluginManage:359 - Loaded plugin projectmanager (category:projectmanager,tabindex:3)
2024-06-26 16:33:59,876 [INFO] PluginManage:310 - Check plugin thirdparty
2024-06-26 16:34:00,129 [INFO] PluginManage:359 - Loaded plugin thirdparty (category:base,tabindex:-1)
2024-06-26 16:34:00,129 [WARN] IntegrityCheckThread:84 - waiting for thirdparty lock release [integrity check]
2024-06-26 16:34:00,129 [INFO] IntegrityCheckThread:86 - entering critical section [integrity check]
2024-06-26 16:34:00,129 [INFO] PluginManage:310 - Check plugin tools
2024-06-26 16:34:00,129 [INFO] ThirdPartyUpdaterWithRetryManager:70 - Updater plugin not ready yet. [1/15]
2024-06-26 16:34:00,156 [INFO] PluginManage:359 - Loaded plugin tools (category:base,tabindex:7)
2024-06-26 16:34:00,156 [INFO] PluginManage:310 - Check plugin tutovideos
2024-06-26 16:34:00,340 [INFO] PluginManage:359 - Loaded plugin tutovideos (category:base,tabindex:-1)
2024-06-26 16:34:00,340 [INFO] PluginManage:310 - Check plugin updater
2024-06-26 16:34:00,351 [INFO] PluginManage:359 - Loaded plugin updater (category:base,tabindex:12)
2024-06-26 16:34:00,351 [INFO] PluginManage:310 - Check plugin userauth
2024-06-26 16:34:00,356 [INFO] UserAuth:114 - Init User Auth plugin
2024-06-26 16:34:00,356 [INFO] PluginManage:359 - Loaded plugin userauth (category:base,tabindex:14)
2024-06-26 16:34:00,356 [INFO] PluginManage:283 - PluginManage : Loaded plugins [17]
2024-06-26 16:34:00,563 [INFO] PinOutPanel:1561 - setPackage(No Configuration,No Configuration)
2024-06-26 16:34:00,628 [INFO] CADModel:165 - CPN selected for project level
2024-06-26 16:34:00,628 [INFO] CADModel:114 - Register for checkConnection events
2024-06-26 16:34:00,650 [INFO] IPUIPlugin:80 - create IPUIPlugin
2024-06-26 16:34:00,650 [INFO] PluginManager:220 - loadIPPluginJar : add adc
2024-06-26 16:34:00,678 [INFO] IPUIPlugin:80 - create IPUIPlugin
2024-06-26 16:34:00,678 [INFO] PluginManager:220 - loadIPPluginJar : add aes
2024-06-26 16:34:00,708 [INFO] IPUIPlugin:80 - create IPUIPlugin
2024-06-26 16:34:00,708 [INFO] PluginManager:220 - loadIPPluginJar : add can
2024-06-26 16:34:00,726 [INFO] IPUIPlugin:80 - create IPUIPlugin
2024-06-26 16:34:00,726 [INFO] PluginManager:220 - loadIPPluginJar : add comp
2024-06-26 16:34:00,751 [INFO] IPUIPlugin:80 - create IPUIPlugin
2024-06-26 16:34:00,751 [INFO] PluginManager:220 - loadIPPluginJar : add cryp
2024-06-26 16:34:00,773 [INFO] IPUIPlugin:80 - create IPUIPlugin
2024-06-26 16:34:00,773 [INFO] PluginManager:220 - loadIPPluginJar : add dfsdm
2024-06-26 16:34:00,784 [INFO] IPUIPlugin:80 - create IPUIPlugin
2024-06-26 16:34:00,784 [INFO] PluginManager:220 - loadIPPluginJar : add dma
2024-06-26 16:34:00,817 [INFO] IPUIPlugin:80 - create IPUIPlugin
2024-06-26 16:34:00,818 [INFO] PluginManager:220 - loadIPPluginJar : add dma3
2024-06-26 16:34:00,852 [INFO] IPUIPlugin:80 - create IPUIPlugin
2024-06-26 16:34:00,852 [INFO] PluginManager:220 - loadIPPluginJar : add extmemmanager
2024-06-26 16:34:00,868 [INFO] IPUIPlugin:80 - create IPUIPlugin
2024-06-26 16:34:00,868 [INFO] PluginManager:220 - loadIPPluginJar : add fatfs
2024-06-26 16:34:00,909 [INFO] IPUIPlugin:80 - create IPUIPlugin
2024-06-26 16:34:00,910 [INFO] PluginManager:220 - loadIPPluginJar : add fmc
2024-06-26 16:34:00,922 [INFO] IPUIPlugin:80 - create IPUIPlugin
2024-06-26 16:34:00,923 [INFO] PluginManager:220 - loadIPPluginJar : add freertos
2024-06-26 16:34:00,938 [INFO] IPUIPlugin:80 - create IPUIPlugin
2024-06-26 16:34:00,939 [INFO] PluginManager:220 - loadIPPluginJar : add genericplugin
2024-06-26 16:34:01,006 [INFO] IPUIPlugin:80 - create IPUIPlugin
2024-06-26 16:34:01,007 [INFO] PluginManager:220 - loadIPPluginJar : add gfxmmu
2024-06-26 16:34:01,106 [INFO] IPUIPlugin:80 - create IPUIPlugin
2024-06-26 16:34:01,106 [INFO] PluginManager:220 - loadIPPluginJar : add gic
2024-06-26 16:34:01,117 [INFO] IPUIPlugin:80 - create IPUIPlugin
2024-06-26 16:34:01,117 [INFO] PluginManager:220 - loadIPPluginJar : add gpio
2024-06-26 16:34:01,187 [INFO] IPUIPlugin:80 - create IPUIPlugin
2024-06-26 16:34:01,187 [INFO] PluginManager:220 - loadIPPluginJar : add gtzc
2024-06-26 16:34:01,211 [INFO] IPUIPlugin:80 - create IPUIPlugin
2024-06-26 16:34:01,211 [INFO] PluginManager:220 - loadIPPluginJar : add hash
2024-06-26 16:34:01,253 [INFO] IPUIPlugin:80 - create IPUIPlugin
2024-06-26 16:34:01,253 [INFO] PluginManager:220 - loadIPPluginJar : add i2c
2024-06-26 16:34:01,281 [INFO] IPUIPlugin:80 - create IPUIPlugin
2024-06-26 16:34:01,281 [INFO] PluginManager:220 - loadIPPluginJar : add i2s
2024-06-26 16:34:01,312 [INFO] IPUIPlugin:80 - create IPUIPlugin
2024-06-26 16:34:01,312 [INFO] PluginManager:220 - loadIPPluginJar : add i3c
2024-06-26 16:34:01,392 [INFO] IPUIPlugin:80 - create IPUIPlugin
2024-06-26 16:34:01,392 [INFO] PluginManager:220 - loadIPPluginJar : add ipddr
2024-06-26 16:34:01,462 [INFO] IPUIPlugin:80 - create IPUIPlugin
2024-06-26 16:34:01,462 [INFO] PluginManager:220 - loadIPPluginJar : add linkedlist
2024-06-26 16:34:01,489 [INFO] IPUIPlugin:80 - create IPUIPlugin
2024-06-26 16:34:01,489 [INFO] PluginManager:220 - loadIPPluginJar : add lorawan
2024-06-26 16:34:01,517 [INFO] IPUIPlugin:80 - create IPUIPlugin
2024-06-26 16:34:01,517 [INFO] PluginManager:220 - loadIPPluginJar : add ltdc
2024-06-26 16:34:01,528 [INFO] IPUIPlugin:80 - create IPUIPlugin
2024-06-26 16:34:01,528 [INFO] PluginManager:220 - loadIPPluginJar : add mdma
2024-06-26 16:34:01,539 [INFO] IPUIPlugin:80 - create IPUIPlugin
2024-06-26 16:34:01,539 [INFO] PluginManager:220 - loadIPPluginJar : add nvic
2024-06-26 16:34:01,566 [INFO] IPUIPlugin:80 - create IPUIPlugin
2024-06-26 16:34:01,566 [INFO] PluginManager:220 - loadIPPluginJar : add opamp
2024-06-26 16:34:01,612 [INFO] IPUIPlugin:80 - create IPUIPlugin
2024-06-26 16:34:01,612 [INFO] PluginManager:220 - loadIPPluginJar : add openamp
2024-06-26 16:34:01,647 [INFO] IPUIPlugin:80 - create IPUIPlugin
2024-06-26 16:34:01,647 [INFO] PluginManager:220 - loadIPPluginJar : add pdm2pcm
2024-06-26 16:34:01,660 [INFO] IPUIPlugin:80 - create IPUIPlugin
2024-06-26 16:34:01,661 [INFO] PluginManager:220 - loadIPPluginJar : add plateformsettings
2024-06-26 16:34:01,681 [INFO] IPUIPlugin:80 - create IPUIPlugin
2024-06-26 16:34:01,681 [INFO] PluginManager:220 - loadIPPluginJar : add quadspi
2024-06-26 16:34:01,691 [INFO] IPUIPlugin:80 - create IPUIPlugin
2024-06-26 16:34:01,691 [INFO] PluginManager:220 - loadIPPluginJar : add resmgrutility
2024-06-26 16:34:01,733 [INFO] IPUIPlugin:80 - create IPUIPlugin
2024-06-26 16:34:01,733 [INFO] PluginManager:220 - loadIPPluginJar : add sai
2024-06-26 16:34:01,763 [INFO] IPUIPlugin:80 - create IPUIPlugin
2024-06-26 16:34:01,763 [INFO] PluginManager:220 - loadIPPluginJar : add spi
2024-06-26 16:34:01,819 [INFO] IPUIPlugin:80 - create IPUIPlugin
2024-06-26 16:34:01,819 [INFO] PluginManager:220 - loadIPPluginJar : add stm32_wpan
2024-06-26 16:34:01,837 [INFO] IPUIPlugin:80 - create IPUIPlugin
2024-06-26 16:34:01,837 [INFO] PluginManager:220 - loadIPPluginJar : add tim
2024-06-26 16:34:01,883 [INFO] IPUIPlugin:80 - create IPUIPlugin
2024-06-26 16:34:01,883 [INFO] PluginManager:220 - loadIPPluginJar : add touchsensing
2024-06-26 16:34:01,901 [INFO] IPUIPlugin:80 - create IPUIPlugin
2024-06-26 16:34:01,901 [INFO] PluginManager:220 - loadIPPluginJar : add tracer_emb
2024-06-26 16:34:01,919 [INFO] IPUIPlugin:80 - create IPUIPlugin
2024-06-26 16:34:01,919 [INFO] PluginManager:220 - loadIPPluginJar : add ts
2024-06-26 16:34:01,936 [INFO] IPUIPlugin:80 - create IPUIPlugin
2024-06-26 16:34:01,937 [INFO] PluginManager:220 - loadIPPluginJar : add tsc
2024-06-26 16:34:01,953 [INFO] IPUIPlugin:80 - create IPUIPlugin
2024-06-26 16:34:01,954 [INFO] PluginManager:220 - loadIPPluginJar : add ucpd
2024-06-26 16:34:01,987 [INFO] IPUIPlugin:80 - create IPUIPlugin
2024-06-26 16:34:01,987 [INFO] PluginManager:220 - loadIPPluginJar : add usart
2024-06-26 16:34:02,019 [INFO] IPUIPlugin:80 - create IPUIPlugin
2024-06-26 16:34:02,019 [INFO] PluginManager:220 - loadIPPluginJar : add usbx
2024-06-26 16:34:02,135 [INFO] CADModel:165 - CPN selected for project level
2024-06-26 16:34:02,135 [INFO] CADModel:114 - Register for checkConnection events
2024-06-26 16:34:02,136 [FATAL] Updater:308 - Updater called before beeing initialized
2024-06-26 16:34:02,136 [ERROR] CADModel:125 - Updater not yet initialized, retry later 
2024-06-26 16:34:02,252 [INFO] CADModel:165 - CPN selected for project level
2024-06-26 16:34:02,252 [INFO] CADModel:114 - Register for checkConnection events
2024-06-26 16:34:02,252 [FATAL] Updater:308 - Updater called before beeing initialized
2024-06-26 16:34:02,252 [ERROR] CADModel:125 - Updater not yet initialized, retry later 
2024-06-26 16:34:02,254 [FATAL] Updater:308 - Updater called before beeing initialized
2024-06-26 16:34:02,348 [FATAL] Updater:308 - Updater called before beeing initialized
2024-06-26 16:34:02,356 [INFO] DbMcusAds:53 - JSON generation date=Thu May 16 11:22:00 CEST 2024 (1715851320852)
2024-06-26 16:34:02,357 [FATAL] Updater:308 - Updater called before beeing initialized
2024-06-26 16:34:02,391 [WARN] DetailPanel:346 - Failed to get advertising image, set to default
2024-06-26 16:34:02,488 [FATAL] Updater:308 - Updater called before beeing initialized
2024-06-26 16:34:02,490 [FATAL] Updater:308 - Updater called before beeing initialized
2024-06-26 16:34:02,490 [FATAL] Updater:308 - Updater called before beeing initialized
2024-06-26 16:34:02,490 [WARN] DetailPanel:346 - Failed to get advertising image, set to default
2024-06-26 16:34:02,491 [FATAL] Updater:308 - Updater called before beeing initialized
2024-06-26 16:34:02,546 [ERROR] Updater:1120 - MainUpdater not yet initialized. External WinMGr cannot be set.
2024-06-26 16:34:02,556 [INFO] Updater:1056 - Updater Version found : 6.11.1
2024-06-26 16:34:02,573 [INFO] ApplicationProperties:184 - Using Application install path: C:\ST\STM32CubeIDE_1.14.1\STM32CubeIDE\plugins\com.st.stm32cube.common.mx_6.11.1.202404110753
2024-06-26 16:34:03,131 [INFO] ThirdPartyUpdaterWithRetryManager:70 - Updater plugin not ready yet. [2/15]
2024-06-26 16:34:04,147 [ERROR] LogOutputStream:75 - [STDERR_REDIRECT] Jun 26, 2024 4:34:04 PM java.util.prefs.WindowsPreferences <init>
2024-06-26 16:34:04,148 [ERROR] LogOutputStream:75 - [STDERR_REDIRECT] WARNING: Could not open/create prefs root node Software\JavaSoft\Prefs at root 0xffffffff80000002. Windows RegCreateKeyEx(...) returned error code 5.
2024-06-26 16:34:04,149 [ERROR] LogOutputStream:75 - [STDERR_REDIRECT] 
2024-06-26 16:34:04,858 [INFO] MainUpdater:2873 - connection check result : 10
2024-06-26 16:34:04,858 [INFO] MainUpdater:3567 - Updater definition file requires update
2024-06-26 16:34:04,858 [INFO] MainUpdater:290 - Updater Check For Update Now.
2024-06-26 16:34:04,859 [INFO] MicroXplorer:498 - Change Database Version : DB.6.0.111
2024-06-26 16:34:04,872 [INFO] McuFinderGlobals:63 - Set McuFinder mode to 2 (CubeIDE integrated)
2024-06-26 16:34:04,882 [INFO] UserAuth:415 - Internet connection configuration mode: 1
2024-06-26 16:34:04,899 [INFO] JxBrowserEngine:152 - Initiate JxBrowser Engine with user profile folder
2024-06-26 16:34:04,967 [INFO] ServerAccessManage:473 - Download File updaters.zip
2024-06-26 16:34:05,029 [INFO] FileExtend:240 - Unzip File : updaters.zip
2024-06-26 16:34:05,029 [INFO] FileExtend:255 - Standard Zip Deflate
2024-06-26 16:34:05,300 [INFO] ServerAccessManage:473 - Download File PacksControlFlags.xml
2024-06-26 16:34:05,381 [INFO] ServerAccessManage:473 - Download File cubemx.pidx
2024-06-26 16:34:06,133 [WARN] MainUpdater:1194 - Updater busy. Cannot search thirdparties
2024-06-26 16:34:06,133 [INFO] ThirdPartyUpdaterWithRetryManager:96 - Updater plugin is busy. [1/15]
2024-06-26 16:34:06,423 [INFO] ServerAccessManage:473 - Download File STMicroelectronics.X-CUBE-TOUCHGFX.pdsc
2024-06-26 16:34:07,452 [INFO] ServerAccessManage:473 - Download File wolfSSL.I-CUBE-wolfMQTT.pdsc
2024-06-26 16:34:08,317 [ERROR] ServerAccessManage:1089 - Problem, file not found on Server
2024-06-26 16:34:08,498 [WARN] PackLoader:240 - Cannot read IP mode file for STMicroelectronics.X-CUBE-TOUCHGFX.4.24.0
2024-06-26 16:34:08,502 [WARN] PackLoader:240 - Cannot read IP mode file for wolfSSL.I-CUBE-wolfMQTT.1.19.0
2024-06-26 16:34:08,502 [INFO] PopulateThirdPartyThread:66 - Ending populate Thread
2024-06-26 16:34:08,504 [INFO] ThirdParty:1030 - CMSIS Pack Vendor :wolfSSL I-CUBE-wolfMQTT 1.19.0
2024-06-26 16:34:08,504 [INFO] ThirdParty:1030 - CMSIS Pack Vendor :STMicroelectronics X-CUBE-TOUCHGFX 4.24.0
2024-06-26 16:34:08,504 [INFO] LoadServerUpdatesThread:375 - End of LoadServerUpdate Thread
2024-06-26 16:34:08,628 [INFO] CheckServerUpdateThread:120 - End of CheckServer Thread
2024-06-26 16:34:09,430 [WARN] PackLoader:240 - Cannot read IP mode file for STMicroelectronics.FP-SNS-MOTENVWB1.1.4.0
2024-06-26 16:34:09,451 [WARN] PackLoader:240 - Cannot read IP mode file for STMicroelectronics.X-CUBE-SMBUS.2.1.0
2024-06-26 16:34:09,465 [WARN] PackLoader:240 - Cannot read IP mode file for STMicroelectronics.X-CUBE-TOUCHGFX.4.23.1
2024-06-26 16:34:09,479 [WARN] PackLoader:240 - Cannot read IP mode file for STMicroelectronics.X-CUBE-TOUCHGFX.4.23.0
2024-06-26 16:34:09,494 [WARN] PackLoader:240 - Cannot read IP mode file for STMicroelectronics.X-CUBE-TOUCHGFX.4.23.2
2024-06-26 16:34:09,524 [INFO] WebApp:161 - Instantiating new browser for Auth
2024-06-26 16:34:09,553 [WARN] PackLoader:240 - Cannot read IP mode file for STMicroelectronics.X-CUBE-AZRTOS-F7.1.1.0
2024-06-26 16:34:09,596 [WARN] PackLoader:240 - Cannot read IP mode file for STMicroelectronics.FP-SNS-MOTENV1.4.3.2
2024-06-26 16:34:09,609 [WARN] PackLoader:240 - Cannot read IP mode file for STMicroelectronics.FP-SNS-FLIGHT1.5.0.2
2024-06-26 16:34:09,636 [WARN] PackLoader:240 - Cannot read IP mode file for STMicroelectronics.X-CUBE-DISPLAY.3.0.0
2024-06-26 16:34:09,669 [WARN] PackLoader:240 - Cannot read IP mode file for STMicroelectronics.X-CUBE-BLE1.7.0.0
2024-06-26 16:34:09,697 [WARN] PackLoader:240 - Cannot read IP mode file for emotas.I-CUBE-CANOPEN.1.3.0
2024-06-26 16:34:09,729 [WARN] PackLoader:240 - Cannot read IP mode file for STMicroelectronics.X-CUBE-BLEMGR.3.1.0
2024-06-26 16:34:09,748 [WARN] PackLoader:240 - Cannot read IP mode file for STMicroelectronics.FP-SNS-SMARTAG2.1.2.0
2024-06-26 16:34:09,773 [INFO] LogOutputStream:77 - [STDOUT_REDIRECT] 1 : Invalid condition id : UX_CORESTACK_Condition cause : null
2024-06-26 16:34:09,774 [INFO] LogOutputStream:77 - [STDOUT_REDIRECT] 1 : Invalid condition id : UX_CORESTACK_Condition cause : null
2024-06-26 16:34:09,775 [INFO] LogOutputStream:77 - [STDOUT_REDIRECT] 1 : Invalid condition id : UX_CORESTACK_Condition cause : null
2024-06-26 16:34:09,776 [INFO] LogOutputStream:77 - [STDOUT_REDIRECT] 1 : Invalid condition id : UX_CORESTACK_Condition cause : null
2024-06-26 16:34:09,776 [INFO] LogOutputStream:77 - [STDOUT_REDIRECT] 1 : Invalid condition id : UX_CORESTACK_Condition cause : null
2024-06-26 16:34:09,779 [WARN] PackLoader:240 - Cannot read IP mode file for STMicroelectronics.X-CUBE-AZRTOS-WL.2.0.0
2024-06-26 16:34:09,793 [WARN] PackLoader:240 - Cannot read IP mode file for STMicroelectronics.FP-SNS-MOTENV1.5.0.0
2024-06-26 16:34:09,799 [WARN] PackLoader:240 - Cannot read IP mode file for wolfSSL.I-CUBE-wolfMQTT.1.19.0
2024-06-26 16:34:09,814 [WARN] PackLoader:240 - Cannot read IP mode file for WES.I-CUBE-Cesium.1.3.0
2024-06-26 16:34:09,827 [WARN] PackLoader:240 - Cannot read IP mode file for STMicroelectronics.X-CUBE-BLE2.3.3.0
2024-06-26 16:34:09,841 [WARN] PackLoader:240 - Cannot read IP mode file for STMicroelectronics.X-CUBE-TCPP.4.1.0
2024-06-26 16:34:09,858 [WARN] PackLoader:240 - Cannot read IP mode file for STMicroelectronics.X-CUBE-ALGOBUILD.1.3.0
2024-06-26 16:34:09,897 [WARN] PackLoader:240 - Cannot read IP mode file for STMicroelectronics.X-CUBE-AZRTOS-G0.1.1.0
2024-06-26 16:34:09,916 [WARN] PackLoader:240 - Cannot read IP mode file for STMicroelectronics.X-CUBE-SAFEA1.1.2.2
2024-06-26 16:34:09,929 [WARN] PackLoader:240 - Cannot read IP mode file for STMicroelectronics.X-CUBE-NFC4.3.0.0
2024-06-26 16:34:09,933 [WARN] PackLoader:240 - Cannot read IP mode file for wolfSSL.I-CUBE-wolfMQTT.1.18.0
2024-06-26 16:34:09,937 [WARN] PackLoader:240 - Cannot read IP mode file for STMicroelectronics.FP-ATR-SIGFOX1.3.2.0
2024-06-26 16:34:09,950 [WARN] PackLoader:240 - Cannot read IP mode file for STMicroelectronics.X-CUBE-EEPRMA1.5.1.0
2024-06-26 16:34:09,989 [WARN] PackLoader:240 - Cannot read IP mode file for SEGGER.I-CUBE-embOS.1.3.1
2024-06-26 16:34:10,049 [WARN] PackLoader:240 - Cannot read IP mode file for STMicroelectronics.X-CUBE-ALGOBUILD.1.4.0
2024-06-26 16:34:10,066 [WARN] PackLoader:240 - Cannot read IP mode file for STMicroelectronics.X-CUBE-GNSS1.6.0.0
2024-06-26 16:34:10,095 [WARN] PackLoader:240 - Cannot read IP mode file for STMicroelectronics.X-CUBE-AZRTOS-F4.1.1.0
2024-06-26 16:34:10,117 [WARN] PackLoader:240 - Cannot read IP mode file for STMicroelectronics.X-CUBE-FREERTOS.1.2.0
2024-06-26 16:34:10,132 [WARN] PackLoader:240 - Cannot read IP mode file for wolfSSL.I-CUBE-wolfSSL.5.6.6
2024-06-26 16:34:10,169 [WARN] PackLoader:240 - Cannot read IP mode file for STMicroelectronics.X-CUBE-AZRTOS-L5.2.0.0
2024-06-26 16:34:10,191 [WARN] PackLoader:240 - Cannot read IP mode file for STMicroelectronics.X-CUBE-NFC6.3.1.0
2024-06-26 16:34:10,221 [WARN] PackLoader:240 - Cannot read IP mode file for ITTIA_DB.I-CUBE-ITTIADB.8.8.0
2024-06-26 16:34:10,239 [WARN] PackLoader:240 - Cannot read IP mode file for STMicroelectronics.X-CUBE-AI.9.0.0
2024-06-26 16:34:10,255 [WARN] PackLoader:240 - Cannot read IP mode file for STMicroelectronics.X-CUBE-NFC7.1.0.1
2024-06-26 16:34:10,279 [WARN] PackLoader:240 - Cannot read IP mode file for STMicroelectronics.X-CUBE-NFC6.3.0.0
2024-06-26 16:34:10,294 [WARN] PackLoader:240 - Cannot read IP mode file for STMicroelectronics.X-CUBE-AI.8.1.0
2024-06-26 16:34:10,333 [WARN] ConditionMgr:438 - getConditionDescription Invalid condition id : LAN8742 Phy interface Condition cause : null
2024-06-26 16:34:10,334 [WARN] PackLoader:240 - Cannot read IP mode file for STMicroelectronics.X-CUBE-AZRTOS-L4.2.0.0
2024-06-26 16:34:10,335 [WARN] ConditionMgr:1039 - genDependencies : Invalid condition id : LAN8742 Phy interface Condition cause : null
2024-06-26 16:34:10,336 [WARN] ConditionMgr:1039 - genDependencies : Invalid condition id : LAN8742 Phy interface Condition cause : null
2024-06-26 16:34:10,336 [WARN] ConditionMgr:1039 - genDependencies : Invalid condition id : LAN8742 Phy interface Condition cause : null
2024-06-26 16:34:10,355 [WARN] PackLoader:240 - Cannot read IP mode file for STMicroelectronics.X-CUBE-SFXS2LP1.4.0.0
2024-06-26 16:34:10,385 [WARN] ConditionMgr:438 - getConditionDescription Invalid condition id : UX DEVICE CLASS RTOS Condition cause : null
2024-06-26 16:34:10,385 [WARN] ConditionMgr:438 - getConditionDescription Invalid condition id : UX DEVICE CLASS RTOS Condition cause : null
2024-06-26 16:34:10,387 [WARN] PackLoader:240 - Cannot read IP mode file for STMicroelectronics.X-CUBE-AZRTOS-WB.2.0.0
2024-06-26 16:34:10,388 [WARN] ConditionMgr:1039 - genDependencies : Invalid condition id : UX DEVICE CLASS RTOS Condition cause : null
2024-06-26 16:34:10,388 [WARN] ConditionMgr:1039 - genDependencies : Invalid condition id : UX DEVICE CLASS RTOS Condition cause : null
2024-06-26 16:34:10,388 [WARN] ConditionMgr:1039 - genDependencies : Invalid condition id : UX DEVICE CLASS RTOS Condition cause : null
2024-06-26 16:34:10,389 [WARN] ConditionMgr:1039 - genDependencies : Invalid condition id : UX DEVICE CLASS RTOS Condition cause : null
2024-06-26 16:34:10,389 [WARN] ConditionMgr:1039 - genDependencies : Invalid condition id : UX DEVICE CLASS RTOS Condition cause : null
2024-06-26 16:34:10,414 [WARN] PackLoader:240 - Cannot read IP mode file for STMicroelectronics.X-CUBE-SUBG2.5.0.0
2024-06-26 16:34:10,444 [WARN] PackLoader:240 - Cannot read IP mode file for STMicroelectronics.X-CUBE-AZRTOS-G4.2.0.0
2024-06-26 16:34:10,448 [INFO] WebApp:779 - Register for checkConnection events
2024-06-26 16:34:10,449 [INFO] WebApp:414 - Apply proxy settings
2024-06-26 16:34:10,449 [INFO] WebApp:499 - Chromium requires no authentication
2024-06-26 16:34:10,458 [INFO] WebApp:442 - Direct internet connection detected
2024-06-26 16:34:10,467 [WARN] PackLoader:240 - Cannot read IP mode file for Infineon.AIROC-Wi-Fi-Bluetooth-STM32.1.5.1
2024-06-26 16:34:10,485 [WARN] PackLoader:240 - Cannot read IP mode file for STMicroelectronics.FP-SNS-MOTENVWB1.1.3.1
2024-06-26 16:34:10,500 [WARN] PackLoader:240 - Cannot read IP mode file for STMicroelectronics.X-CUBE-ISPU.2.0.0
2024-06-26 16:34:10,513 [WARN] PackLoader:240 - Cannot read IP mode file for STMicroelectronics.X-CUBE-ALS.1.0.2
2024-06-26 16:34:10,559 [WARN] PackLoader:240 - Cannot read IP mode file for STMicroelectronics.X-CUBE-MEMS1.10.0.0
2024-06-26 16:34:10,708 [WARN] PackLoader:240 - Cannot read IP mode file for STMicroelectronics.X-CUBE-FREERTOS.1.1.0
2024-06-26 16:34:10,711 [WARN] PackLoader:240 - Cannot read IP mode file for STMicroelectronics.X-CUBE-TOUCHGFX.4.24.0
2024-06-26 16:34:10,726 [WARN] PackLoader:240 - Cannot read IP mode file for portGmbH.I-Cube-SoM-uGOAL.1.1.0
2024-06-26 16:34:10,737 [WARN] PackLoader:240 - Cannot read IP mode file for STMicroelectronics.X-CUBE-ALS.1.0.1
2024-06-26 16:34:10,738 [INFO] WebApp:192 - Starting web application
2024-06-26 16:34:10,739 [INFO] WebApp:544 - Web application path used C:\ST\STM32CubeIDE_1.14.1\STM32CubeIDE\plugins\com.st.stm32cube.common.mx_6.11.1.202404110753\db\plugins\mcufinder\reactClient1\index.html
2024-06-26 16:34:10,768 [WARN] PackLoader:240 - Cannot read IP mode file for STMicroelectronics.X-CUBE-AZRTOS-H7RS.1.0.0
2024-06-26 16:34:10,777 [WARN] PackLoader:240 - Cannot read IP mode file for STMicroelectronics.FP-ATR-ASTRA1.2.0.0
2024-06-26 16:34:10,797 [WARN] PackLoader:240 - Cannot read IP mode file for STMicroelectronics.X-CUBE-TOF1.3.4.1
2024-06-26 16:34:10,842 [WARN] PackLoader:240 - Cannot read IP mode file for STMicroelectronics.X-CUBE-AZRTOS-H7.3.2.0
2024-06-26 16:34:11,024 [INFO] ThirdParty:978 - Integrity check success = true
2024-06-26 16:34:11,024 [INFO] IntegrityCheckThread:100 - exiting critical section [integrity check]
2024-06-26 16:34:11,024 [INFO] IntegrityCheckThread:103 - End integrity checks thread
2024-06-26 18:33:35,406 [ERROR] LogOutputStream:75 - [STDERR_REDIRECT] 
2024-06-26 18:33:35,408 [ERROR] LogOutputStream:75 - [STDERR_REDIRECT] 
