2024-07-26 10:28:26,436 [INFO] Activator:176 - 


2024-07-26 10:28:26,441 [INFO] Activator:177 - !SESSION log4j initialized
2024-07-26 10:28:32,149 [INFO] LogOutputStream:77 - [STDOUT_REDIRECT] 
2024-07-26 10:28:35,465 [INFO] ApplicationProperties:184 - Using Application install path: C:\ST\STM32CubeIDE_1.14.1\STM32CubeIDE\plugins\com.st.stm32cube.common.mx_6.11.1.202404110753
2024-07-26 10:28:35,485 [INFO] DbMcusXml:78 - Set database path to: C:\ST\STM32CubeIDE_1.14.1\STM32CubeIDE\plugins\com.st.stm32cube.common.mx_6.11.1.202404110753\\db\/mcu/
2024-07-26 10:28:35,485 [INFO] ApiDb:274 - Set plugin database path to: C:\ST\STM32CubeIDE_1.14.1\STM32CubeIDE\plugins\com.st.stm32cube.common.mx_6.11.1.202404110753\\db\/plugins/boardmanager/
2024-07-26 10:28:35,486 [WARN] ApiDb:259 - Overriding images path with different value:  => C:\ST\STM32CubeIDE_1.14.1\STM32CubeIDE\plugins\com.st.stm32cube.common.mx_6.11.1.202404110753\\db\/plugins/mcufinder/images/
2024-07-26 10:28:35,501 [INFO] ApiDb:250 - Set database path to: C:\Users\andre\.stmcufinder\plugins\mcufinder//mcu/
2024-07-26 10:28:35,502 [INFO] DbMcusAds:125 - Set database path to: C:\Users\andre\.stmcufinder\plugins\mcufinder//mcu/
2024-07-26 10:28:35,504 [INFO] CrossReferenceDbSqlite:203 - Set database path to: C:\Users\andre\.stmcufinder\plugins\mcufinder//mcu/cs/
2024-07-26 10:28:35,638 [INFO] RulesReader:64 - Compatibility file has been processed (297 Rules)
2024-07-26 10:28:35,730 [INFO] DbMcusXml:78 - Set database path to: C:\ST\STM32CubeIDE_1.14.1\STM32CubeIDE\plugins\com.st.stm32cube.common.mx_6.11.1.202404110753\\db\/mcu/
2024-07-26 10:28:35,730 [INFO] ApiDb:274 - Set plugin database path to: C:\ST\STM32CubeIDE_1.14.1\STM32CubeIDE\plugins\com.st.stm32cube.common.mx_6.11.1.202404110753\\db\/plugins/boardmanager/
2024-07-26 10:28:35,730 [INFO] ApiDb:261 - Set plugin images path to: C:\ST\STM32CubeIDE_1.14.1\STM32CubeIDE\plugins\com.st.stm32cube.common.mx_6.11.1.202404110753\\db\/plugins/mcufinder/images/
2024-07-26 10:28:35,731 [WARN] DbFile:41 - Overriding database path with different value: C:\Users\andre\.stmcufinder\plugins\mcufinder/ => C:\Users\andre\.stmcufinder\plugins\mcufinder
2024-07-26 10:28:35,731 [INFO] ApiDb:250 - Set database path to: C:\Users\andre\.stmcufinder\plugins\mcufinder//mcu/
2024-07-26 10:28:35,731 [WARN] DbFile:41 - Overriding database path with different value: C:\Users\andre\.stmcufinder\plugins\mcufinder/ => C:\Users\andre\.stmcufinder\plugins\mcufinder
2024-07-26 10:28:35,731 [INFO] DbMcusAds:125 - Set database path to: C:\Users\andre\.stmcufinder\plugins\mcufinder//mcu/
2024-07-26 10:28:35,731 [WARN] DbFile:41 - Overriding database path with different value: C:\Users\andre\.stmcufinder\plugins\mcufinder/ => C:\Users\andre\.stmcufinder\plugins\mcufinder
2024-07-26 10:28:35,731 [WARN] DbFile:41 - Overriding database path with different value: C:\Users\andre\.stmcufinder\plugins\mcufinder/ => C:\Users\andre\.stmcufinder\plugins\mcufinder
2024-07-26 10:28:35,731 [INFO] CrossReferenceDbSqlite:203 - Set database path to: C:\Users\andre\.stmcufinder\plugins\mcufinder//mcu/cs/
2024-07-26 10:28:35,808 [INFO] MainPanel:264 - HeapMemory: 268435456
2024-07-26 10:28:35,920 [INFO] DbMcusXml:78 - Set database path to: C:\ST\STM32CubeIDE_1.14.1\STM32CubeIDE\plugins\com.st.stm32cube.common.mx_6.11.1.202404110753\\db\/mcu/
2024-07-26 10:28:35,920 [INFO] ApiDb:274 - Set plugin database path to: C:\ST\STM32CubeIDE_1.14.1\STM32CubeIDE\plugins\com.st.stm32cube.common.mx_6.11.1.202404110753\\db\/plugins/boardmanager/
2024-07-26 10:28:35,920 [INFO] ApiDb:261 - Set plugin images path to: C:\ST\STM32CubeIDE_1.14.1\STM32CubeIDE\plugins\com.st.stm32cube.common.mx_6.11.1.202404110753\\db\/plugins/mcufinder/images/
2024-07-26 10:28:35,920 [WARN] DbFile:41 - Overriding database path with different value: C:\Users\andre\.stmcufinder\plugins\mcufinder/ => C:\Users\andre\.stmcufinder\plugins\mcufinder
2024-07-26 10:28:35,920 [INFO] ApiDb:250 - Set database path to: C:\Users\andre\.stmcufinder\plugins\mcufinder//mcu/
2024-07-26 10:28:35,920 [WARN] DbFile:41 - Overriding database path with different value: C:\Users\andre\.stmcufinder\plugins\mcufinder/ => C:\Users\andre\.stmcufinder\plugins\mcufinder
2024-07-26 10:28:35,921 [INFO] DbMcusAds:125 - Set database path to: C:\Users\andre\.stmcufinder\plugins\mcufinder//mcu/
2024-07-26 10:28:35,921 [WARN] DbFile:41 - Overriding database path with different value: C:\Users\andre\.stmcufinder\plugins\mcufinder/ => C:\Users\andre\.stmcufinder\plugins\mcufinder
2024-07-26 10:28:35,921 [WARN] DbFile:41 - Overriding database path with different value: C:\Users\andre\.stmcufinder\plugins\mcufinder/ => C:\Users\andre\.stmcufinder\plugins\mcufinder
2024-07-26 10:28:35,921 [INFO] CrossReferenceDbSqlite:203 - Set database path to: C:\Users\andre\.stmcufinder\plugins\mcufinder//mcu/cs/
2024-07-26 10:28:35,938 [INFO] ApplicationProperties:184 - Using Application install path: C:\ST\STM32CubeIDE_1.14.1\STM32CubeIDE\plugins\com.st.stm32cube.common.mx_6.11.1.202404110753
2024-07-26 10:28:35,940 [INFO] PluginManage:196 - Search for loadable plugins [exclusion list=, ]
2024-07-26 10:28:35,941 [INFO] PluginManage:310 - Check plugin analytics
2024-07-26 10:28:36,139 [INFO] AnalyticsPlugin:253 - Accepted Software Licenses: STM32CubeMX.6.10.0,STM32CubeMX.6.11.1
2024-07-26 10:28:36,139 [INFO] AnalyticsPlugin:255 - Accepted CMSIS Pack Licenses: STMicroelectronics.X-CUBE-AZRTOS-H7.3.2.0
2024-07-26 10:28:36,140 [INFO] AnalyticsPlugin:257 - Accepted Firmware Licenses: FW.H7.1.11.0
2024-07-26 10:28:36,142 [INFO] PluginManage:359 - Loaded plugin analytics (category:tool,tabindex:-1)
2024-07-26 10:28:36,142 [INFO] PluginManage:310 - Check plugin cadmodel
2024-07-26 10:28:36,192 [INFO] CADModel:105 - Init CAD model plugin
2024-07-26 10:28:36,192 [INFO] PluginManage:359 - Loaded plugin cadmodel (category:power,tabindex:5)
2024-07-26 10:28:36,192 [INFO] PluginManage:310 - Check plugin clock
2024-07-26 10:28:36,212 [INFO] PluginManage:359 - Loaded plugin clock (category:base,tabindex:2)
2024-07-26 10:28:36,212 [INFO] PluginManage:310 - Check plugin ddr
2024-07-26 10:28:36,215 [INFO] PluginManage:359 - Loaded plugin ddr (category:tool,tabindex:6)
2024-07-26 10:28:36,215 [INFO] PluginManage:310 - Check plugin filemanager
2024-07-26 10:28:36,368 [INFO] PluginManage:359 - Loaded plugin filemanager (category:base,tabindex:10)
2024-07-26 10:28:36,369 [INFO] PluginManage:310 - Check plugin ipmanager
2024-07-26 10:28:36,378 [INFO] PluginManage:359 - Loaded plugin ipmanager (category:base,tabindex:5)
2024-07-26 10:28:36,378 [INFO] PluginManage:310 - Check plugin lpbam
2024-07-26 10:28:36,396 [INFO] PluginManage:359 - Loaded plugin lpbam (category:base,tabindex:0)
2024-07-26 10:28:36,396 [INFO] PluginManage:310 - Check plugin memorymap
2024-07-26 10:28:36,419 [INFO] PluginManage:359 - Loaded plugin memorymap (category:base,tabindex:4)
2024-07-26 10:28:36,419 [INFO] PluginManage:310 - Check plugin pinoutandconfiguration
2024-07-26 10:28:36,436 [INFO] PluginManage:359 - Loaded plugin pinoutandconfiguration (category:base,tabindex:1)
2024-07-26 10:28:36,436 [INFO] PluginManage:310 - Check plugin pinoutconfig
2024-07-26 10:28:36,534 [WARN] SupportedApi:132 - Cannot load RTOS API schema: s4s-elt-must-match.1: The content of 'definitions' must match (annotation?, (simpleType | complexType)?, (unique | key | keyref)*)). A problem was found starting at: attribute.
2024-07-26 10:28:36,676 [INFO] PluginManage:359 - Loaded plugin pinoutconfig (category:base,tabindex:0)
2024-07-26 10:28:36,676 [INFO] PluginManage:310 - Check plugin power
2024-07-26 10:28:36,699 [INFO] PluginManage:359 - Loaded plugin power (category:power,tabindex:4)
2024-07-26 10:28:36,699 [INFO] PluginManage:310 - Check plugin projectmanager
2024-07-26 10:28:36,729 [INFO] PluginManage:359 - Loaded plugin projectmanager (category:projectmanager,tabindex:3)
2024-07-26 10:28:36,729 [INFO] PluginManage:310 - Check plugin thirdparty
2024-07-26 10:28:37,047 [INFO] PluginManage:359 - Loaded plugin thirdparty (category:base,tabindex:-1)
2024-07-26 10:28:37,048 [INFO] PluginManage:310 - Check plugin tools
2024-07-26 10:28:37,047 [WARN] IntegrityCheckThread:84 - waiting for thirdparty lock release [integrity check]
2024-07-26 10:28:37,048 [INFO] IntegrityCheckThread:86 - entering critical section [integrity check]
2024-07-26 10:28:37,048 [INFO] ThirdPartyUpdaterWithRetryManager:70 - Updater plugin not ready yet. [1/15]
2024-07-26 10:28:37,081 [INFO] PluginManage:359 - Loaded plugin tools (category:base,tabindex:7)
2024-07-26 10:28:37,081 [INFO] PluginManage:310 - Check plugin tutovideos
2024-07-26 10:28:37,262 [INFO] PluginManage:359 - Loaded plugin tutovideos (category:base,tabindex:-1)
2024-07-26 10:28:37,262 [INFO] PluginManage:310 - Check plugin updater
2024-07-26 10:28:37,274 [INFO] PluginManage:359 - Loaded plugin updater (category:base,tabindex:12)
2024-07-26 10:28:37,275 [INFO] PluginManage:310 - Check plugin userauth
2024-07-26 10:28:37,280 [INFO] UserAuth:114 - Init User Auth plugin
2024-07-26 10:28:37,280 [INFO] PluginManage:359 - Loaded plugin userauth (category:base,tabindex:14)
2024-07-26 10:28:37,281 [INFO] PluginManage:283 - PluginManage : Loaded plugins [17]
2024-07-26 10:28:37,500 [INFO] PinOutPanel:1561 - setPackage(No Configuration,No Configuration)
2024-07-26 10:28:37,576 [INFO] CADModel:165 - CPN selected for project level
2024-07-26 10:28:37,577 [INFO] CADModel:114 - Register for checkConnection events
2024-07-26 10:28:37,604 [INFO] IPUIPlugin:80 - create IPUIPlugin
2024-07-26 10:28:37,604 [INFO] PluginManager:220 - loadIPPluginJar : add adc
2024-07-26 10:28:37,636 [INFO] IPUIPlugin:80 - create IPUIPlugin
2024-07-26 10:28:37,636 [INFO] PluginManager:220 - loadIPPluginJar : add aes
2024-07-26 10:28:37,672 [INFO] IPUIPlugin:80 - create IPUIPlugin
2024-07-26 10:28:37,672 [INFO] PluginManager:220 - loadIPPluginJar : add can
2024-07-26 10:28:37,693 [INFO] IPUIPlugin:80 - create IPUIPlugin
2024-07-26 10:28:37,694 [INFO] PluginManager:220 - loadIPPluginJar : add comp
2024-07-26 10:28:37,726 [INFO] IPUIPlugin:80 - create IPUIPlugin
2024-07-26 10:28:37,726 [INFO] PluginManager:220 - loadIPPluginJar : add cryp
2024-07-26 10:28:37,753 [INFO] IPUIPlugin:80 - create IPUIPlugin
2024-07-26 10:28:37,753 [INFO] PluginManager:220 - loadIPPluginJar : add dfsdm
2024-07-26 10:28:37,767 [INFO] IPUIPlugin:80 - create IPUIPlugin
2024-07-26 10:28:37,768 [INFO] PluginManager:220 - loadIPPluginJar : add dma
2024-07-26 10:28:37,806 [INFO] IPUIPlugin:80 - create IPUIPlugin
2024-07-26 10:28:37,807 [INFO] PluginManager:220 - loadIPPluginJar : add dma3
2024-07-26 10:28:37,845 [INFO] IPUIPlugin:80 - create IPUIPlugin
2024-07-26 10:28:37,845 [INFO] PluginManager:220 - loadIPPluginJar : add extmemmanager
2024-07-26 10:28:37,864 [INFO] IPUIPlugin:80 - create IPUIPlugin
2024-07-26 10:28:37,864 [INFO] PluginManager:220 - loadIPPluginJar : add fatfs
2024-07-26 10:28:37,907 [INFO] IPUIPlugin:80 - create IPUIPlugin
2024-07-26 10:28:37,907 [INFO] PluginManager:220 - loadIPPluginJar : add fmc
2024-07-26 10:28:37,921 [INFO] IPUIPlugin:80 - create IPUIPlugin
2024-07-26 10:28:37,922 [INFO] PluginManager:220 - loadIPPluginJar : add freertos
2024-07-26 10:28:37,942 [INFO] IPUIPlugin:80 - create IPUIPlugin
2024-07-26 10:28:37,942 [INFO] PluginManager:220 - loadIPPluginJar : add genericplugin
2024-07-26 10:28:38,020 [INFO] IPUIPlugin:80 - create IPUIPlugin
2024-07-26 10:28:38,021 [INFO] PluginManager:220 - loadIPPluginJar : add gfxmmu
2024-07-26 10:28:38,134 [INFO] IPUIPlugin:80 - create IPUIPlugin
2024-07-26 10:28:38,134 [INFO] PluginManager:220 - loadIPPluginJar : add gic
2024-07-26 10:28:38,147 [INFO] IPUIPlugin:80 - create IPUIPlugin
2024-07-26 10:28:38,147 [INFO] PluginManager:220 - loadIPPluginJar : add gpio
2024-07-26 10:28:38,229 [INFO] IPUIPlugin:80 - create IPUIPlugin
2024-07-26 10:28:38,229 [INFO] PluginManager:220 - loadIPPluginJar : add gtzc
2024-07-26 10:28:38,259 [INFO] IPUIPlugin:80 - create IPUIPlugin
2024-07-26 10:28:38,259 [INFO] PluginManager:220 - loadIPPluginJar : add hash
2024-07-26 10:28:38,305 [INFO] IPUIPlugin:80 - create IPUIPlugin
2024-07-26 10:28:38,305 [INFO] PluginManager:220 - loadIPPluginJar : add i2c
2024-07-26 10:28:38,339 [INFO] IPUIPlugin:80 - create IPUIPlugin
2024-07-26 10:28:38,340 [INFO] PluginManager:220 - loadIPPluginJar : add i2s
2024-07-26 10:28:38,375 [INFO] IPUIPlugin:80 - create IPUIPlugin
2024-07-26 10:28:38,375 [INFO] PluginManager:220 - loadIPPluginJar : add i3c
2024-07-26 10:28:38,463 [INFO] IPUIPlugin:80 - create IPUIPlugin
2024-07-26 10:28:38,463 [INFO] PluginManager:220 - loadIPPluginJar : add ipddr
2024-07-26 10:28:38,545 [INFO] IPUIPlugin:80 - create IPUIPlugin
2024-07-26 10:28:38,545 [INFO] PluginManager:220 - loadIPPluginJar : add linkedlist
2024-07-26 10:28:38,578 [INFO] IPUIPlugin:80 - create IPUIPlugin
2024-07-26 10:28:38,579 [INFO] PluginManager:220 - loadIPPluginJar : add lorawan
2024-07-26 10:28:38,611 [INFO] IPUIPlugin:80 - create IPUIPlugin
2024-07-26 10:28:38,611 [INFO] PluginManager:220 - loadIPPluginJar : add ltdc
2024-07-26 10:28:38,626 [INFO] IPUIPlugin:80 - create IPUIPlugin
2024-07-26 10:28:38,626 [INFO] PluginManager:220 - loadIPPluginJar : add mdma
2024-07-26 10:28:38,637 [INFO] IPUIPlugin:80 - create IPUIPlugin
2024-07-26 10:28:38,638 [INFO] PluginManager:220 - loadIPPluginJar : add nvic
2024-07-26 10:28:38,670 [INFO] IPUIPlugin:80 - create IPUIPlugin
2024-07-26 10:28:38,670 [INFO] PluginManager:220 - loadIPPluginJar : add opamp
2024-07-26 10:28:38,722 [INFO] IPUIPlugin:80 - create IPUIPlugin
2024-07-26 10:28:38,722 [INFO] PluginManager:220 - loadIPPluginJar : add openamp
2024-07-26 10:28:38,759 [INFO] IPUIPlugin:80 - create IPUIPlugin
2024-07-26 10:28:38,759 [INFO] PluginManager:220 - loadIPPluginJar : add pdm2pcm
2024-07-26 10:28:38,774 [INFO] IPUIPlugin:80 - create IPUIPlugin
2024-07-26 10:28:38,776 [INFO] PluginManager:220 - loadIPPluginJar : add plateformsettings
2024-07-26 10:28:38,796 [INFO] IPUIPlugin:80 - create IPUIPlugin
2024-07-26 10:28:38,796 [INFO] PluginManager:220 - loadIPPluginJar : add quadspi
2024-07-26 10:28:38,809 [INFO] IPUIPlugin:80 - create IPUIPlugin
2024-07-26 10:28:38,809 [INFO] PluginManager:220 - loadIPPluginJar : add resmgrutility
2024-07-26 10:28:38,850 [INFO] IPUIPlugin:80 - create IPUIPlugin
2024-07-26 10:28:38,850 [INFO] PluginManager:220 - loadIPPluginJar : add sai
2024-07-26 10:28:38,882 [INFO] IPUIPlugin:80 - create IPUIPlugin
2024-07-26 10:28:38,882 [INFO] PluginManager:220 - loadIPPluginJar : add spi
2024-07-26 10:28:38,940 [INFO] IPUIPlugin:80 - create IPUIPlugin
2024-07-26 10:28:38,941 [INFO] PluginManager:220 - loadIPPluginJar : add stm32_wpan
2024-07-26 10:28:38,962 [INFO] IPUIPlugin:80 - create IPUIPlugin
2024-07-26 10:28:38,962 [INFO] PluginManager:220 - loadIPPluginJar : add tim
2024-07-26 10:28:39,016 [INFO] IPUIPlugin:80 - create IPUIPlugin
2024-07-26 10:28:39,017 [INFO] PluginManager:220 - loadIPPluginJar : add touchsensing
2024-07-26 10:28:39,037 [INFO] IPUIPlugin:80 - create IPUIPlugin
2024-07-26 10:28:39,037 [INFO] PluginManager:220 - loadIPPluginJar : add tracer_emb
2024-07-26 10:28:39,058 [INFO] IPUIPlugin:80 - create IPUIPlugin
2024-07-26 10:28:39,058 [INFO] PluginManager:220 - loadIPPluginJar : add ts
2024-07-26 10:28:39,080 [INFO] IPUIPlugin:80 - create IPUIPlugin
2024-07-26 10:28:39,080 [INFO] PluginManager:220 - loadIPPluginJar : add tsc
2024-07-26 10:28:39,100 [INFO] IPUIPlugin:80 - create IPUIPlugin
2024-07-26 10:28:39,100 [INFO] PluginManager:220 - loadIPPluginJar : add ucpd
2024-07-26 10:28:39,139 [INFO] IPUIPlugin:80 - create IPUIPlugin
2024-07-26 10:28:39,139 [INFO] PluginManager:220 - loadIPPluginJar : add usart
2024-07-26 10:28:39,177 [INFO] IPUIPlugin:80 - create IPUIPlugin
2024-07-26 10:28:39,177 [INFO] PluginManager:220 - loadIPPluginJar : add usbx
2024-07-26 10:28:39,303 [INFO] CADModel:165 - CPN selected for project level
2024-07-26 10:28:39,303 [INFO] CADModel:114 - Register for checkConnection events
2024-07-26 10:28:39,304 [FATAL] Updater:308 - Updater called before beeing initialized
2024-07-26 10:28:39,304 [ERROR] CADModel:125 - Updater not yet initialized, retry later 
2024-07-26 10:28:39,473 [INFO] CADModel:165 - CPN selected for project level
2024-07-26 10:28:39,473 [INFO] CADModel:114 - Register for checkConnection events
2024-07-26 10:28:39,473 [FATAL] Updater:308 - Updater called before beeing initialized
2024-07-26 10:28:39,473 [ERROR] CADModel:125 - Updater not yet initialized, retry later 
2024-07-26 10:28:39,476 [FATAL] Updater:308 - Updater called before beeing initialized
2024-07-26 10:28:39,628 [FATAL] Updater:308 - Updater called before beeing initialized
2024-07-26 10:28:39,639 [INFO] DbMcusAds:53 - JSON generation date=Thu May 16 11:22:00 CEST 2024 (1715851320852)
2024-07-26 10:28:39,639 [FATAL] Updater:308 - Updater called before beeing initialized
2024-07-26 10:28:39,681 [WARN] DetailPanel:346 - Failed to get advertising image, set to default
2024-07-26 10:28:39,757 [FATAL] Updater:308 - Updater called before beeing initialized
2024-07-26 10:28:39,759 [FATAL] Updater:308 - Updater called before beeing initialized
2024-07-26 10:28:39,759 [FATAL] Updater:308 - Updater called before beeing initialized
2024-07-26 10:28:39,760 [WARN] DetailPanel:346 - Failed to get advertising image, set to default
2024-07-26 10:28:39,760 [FATAL] Updater:308 - Updater called before beeing initialized
2024-07-26 10:28:39,836 [ERROR] Updater:1120 - MainUpdater not yet initialized. External WinMGr cannot be set.
2024-07-26 10:28:39,853 [INFO] Updater:1056 - Updater Version found : 6.11.1
2024-07-26 10:28:39,884 [INFO] ApplicationProperties:184 - Using Application install path: C:\ST\STM32CubeIDE_1.14.1\STM32CubeIDE\plugins\com.st.stm32cube.common.mx_6.11.1.202404110753
2024-07-26 10:28:40,050 [INFO] ThirdPartyUpdaterWithRetryManager:70 - Updater plugin not ready yet. [2/15]
2024-07-26 10:28:41,471 [ERROR] LogOutputStream:75 - [STDERR_REDIRECT] Jul 26, 2024 10:28:41 AM java.util.prefs.WindowsPreferences <init>
2024-07-26 10:28:41,472 [ERROR] LogOutputStream:75 - [STDERR_REDIRECT] WARNING: Could not open/create prefs root node Software\JavaSoft\Prefs at root 0xffffffff80000002. Windows RegCreateKeyEx(...) returned error code 5.
2024-07-26 10:28:41,472 [ERROR] LogOutputStream:75 - [STDERR_REDIRECT] 
2024-07-26 10:28:41,903 [INFO] MainUpdater:2873 - connection check result : 22
2024-07-26 10:28:41,903 [INFO] MainUpdater:290 - Updater Check For Update Now.
2024-07-26 10:28:41,904 [INFO] MicroXplorer:498 - Change Database Version : DB.6.0.111
2024-07-26 10:28:41,927 [INFO] McuFinderGlobals:63 - Set McuFinder mode to 2 (CubeIDE integrated)
2024-07-26 10:28:41,944 [INFO] UserAuth:415 - Internet connection configuration mode: 2
2024-07-26 10:28:42,145 [INFO] CheckServerUpdateThread:120 - End of CheckServer Thread
2024-07-26 10:28:43,263 [WARN] PackLoader:240 - Cannot read IP mode file for STMicroelectronics.FP-SNS-MOTENVWB1.1.4.0
2024-07-26 10:28:43,282 [WARN] PackLoader:240 - Cannot read IP mode file for STMicroelectronics.X-CUBE-SMBUS.2.1.0
2024-07-26 10:28:43,297 [WARN] PackLoader:240 - Cannot read IP mode file for STMicroelectronics.X-CUBE-TOUCHGFX.4.23.1
2024-07-26 10:28:43,309 [WARN] PackLoader:240 - Cannot read IP mode file for STMicroelectronics.X-CUBE-TOUCHGFX.4.23.0
2024-07-26 10:28:43,322 [WARN] PackLoader:240 - Cannot read IP mode file for STMicroelectronics.X-CUBE-TOUCHGFX.4.23.2
2024-07-26 10:28:43,362 [WARN] PackLoader:240 - Cannot read IP mode file for STMicroelectronics.X-CUBE-AZRTOS-F7.1.1.0
2024-07-26 10:28:43,381 [WARN] PackLoader:240 - Cannot read IP mode file for STMicroelectronics.FP-SNS-MOTENV1.4.3.2
2024-07-26 10:28:43,397 [WARN] PackLoader:240 - Cannot read IP mode file for STMicroelectronics.FP-SNS-FLIGHT1.5.0.2
2024-07-26 10:28:43,415 [WARN] PackLoader:240 - Cannot read IP mode file for STMicroelectronics.X-CUBE-DISPLAY.3.0.0
2024-07-26 10:28:43,440 [WARN] PackLoader:240 - Cannot read IP mode file for STMicroelectronics.X-CUBE-BLE1.7.0.0
2024-07-26 10:28:43,454 [WARN] PackLoader:240 - Cannot read IP mode file for emotas.I-CUBE-CANOPEN.1.3.0
2024-07-26 10:28:43,482 [WARN] PackLoader:240 - Cannot read IP mode file for STMicroelectronics.X-CUBE-BLEMGR.3.1.0
2024-07-26 10:28:43,500 [WARN] PackLoader:240 - Cannot read IP mode file for STMicroelectronics.FP-SNS-SMARTAG2.1.2.0
2024-07-26 10:28:43,526 [INFO] LogOutputStream:77 - [STDOUT_REDIRECT] 1 : Invalid condition id : UX_CORESTACK_Condition cause : null
2024-07-26 10:28:43,527 [INFO] LogOutputStream:77 - [STDOUT_REDIRECT] 1 : Invalid condition id : UX_CORESTACK_Condition cause : null
2024-07-26 10:28:43,528 [INFO] LogOutputStream:77 - [STDOUT_REDIRECT] 1 : Invalid condition id : UX_CORESTACK_Condition cause : null
2024-07-26 10:28:43,530 [INFO] LogOutputStream:77 - [STDOUT_REDIRECT] 1 : Invalid condition id : UX_CORESTACK_Condition cause : null
2024-07-26 10:28:43,531 [INFO] LogOutputStream:77 - [STDOUT_REDIRECT] 1 : Invalid condition id : UX_CORESTACK_Condition cause : null
2024-07-26 10:28:43,535 [WARN] PackLoader:240 - Cannot read IP mode file for STMicroelectronics.X-CUBE-AZRTOS-WL.2.0.0
2024-07-26 10:28:43,549 [WARN] PackLoader:240 - Cannot read IP mode file for STMicroelectronics.FP-SNS-MOTENV1.5.0.0
2024-07-26 10:28:43,560 [WARN] PackLoader:240 - Cannot read IP mode file for wolfSSL.I-CUBE-wolfMQTT.1.19.0
2024-07-26 10:28:43,574 [WARN] PackLoader:240 - Cannot read IP mode file for WES.I-CUBE-Cesium.1.3.0
2024-07-26 10:28:43,585 [WARN] PackLoader:240 - Cannot read IP mode file for STMicroelectronics.X-CUBE-BLE2.3.3.0
2024-07-26 10:28:43,597 [WARN] PackLoader:240 - Cannot read IP mode file for STMicroelectronics.X-CUBE-TCPP.4.1.0
2024-07-26 10:28:43,613 [WARN] PackLoader:240 - Cannot read IP mode file for STMicroelectronics.X-CUBE-ALGOBUILD.1.3.0
2024-07-26 10:28:43,644 [WARN] PackLoader:240 - Cannot read IP mode file for STMicroelectronics.X-CUBE-AZRTOS-G0.1.1.0
2024-07-26 10:28:43,662 [WARN] PackLoader:240 - Cannot read IP mode file for STMicroelectronics.X-CUBE-SAFEA1.1.2.2
2024-07-26 10:28:43,675 [WARN] PackLoader:240 - Cannot read IP mode file for STMicroelectronics.X-CUBE-NFC4.3.0.0
2024-07-26 10:28:43,689 [WARN] PackLoader:240 - Cannot read IP mode file for wolfSSL.I-CUBE-wolfMQTT.1.18.0
2024-07-26 10:28:43,706 [WARN] PackLoader:240 - Cannot read IP mode file for EmbeddedOffice.I-CUBE-FS-RTOS.1.0.1
2024-07-26 10:28:43,706 [ERROR] ConditionMgr:805 - Attr not supported : Dmpu
2024-07-26 10:28:43,706 [ERROR] ConditionMgr:805 - Attr not supported : Dmpu
2024-07-26 10:28:43,706 [ERROR] ConditionMgr:805 - Attr not supported : Dmpu
2024-07-26 10:28:43,706 [ERROR] ConditionMgr:805 - Attr not supported : Dmpu
2024-07-26 10:28:43,707 [ERROR] ConditionMgr:805 - Attr not supported : Dmpu
2024-07-26 10:28:43,707 [ERROR] ConditionMgr:805 - Attr not supported : Dmpu
2024-07-26 10:28:43,707 [ERROR] ConditionMgr:805 - Attr not supported : Dmpu
2024-07-26 10:28:43,707 [ERROR] ConditionMgr:805 - Attr not supported : Dmpu
2024-07-26 10:28:43,707 [ERROR] ConditionMgr:805 - Attr not supported : Dmpu
2024-07-26 10:28:43,707 [ERROR] ConditionMgr:805 - Attr not supported : Dmpu
2024-07-26 10:28:43,707 [ERROR] ConditionMgr:805 - Attr not supported : Dmpu
2024-07-26 10:28:43,707 [ERROR] ConditionMgr:805 - Attr not supported : Dmpu
2024-07-26 10:28:43,707 [ERROR] ConditionMgr:805 - Attr not supported : Dmpu
2024-07-26 10:28:43,707 [ERROR] ConditionMgr:805 - Attr not supported : Dmpu
2024-07-26 10:28:43,707 [ERROR] ConditionMgr:805 - Attr not supported : Dmpu
2024-07-26 10:28:43,707 [ERROR] ConditionMgr:805 - Attr not supported : Dmpu
2024-07-26 10:28:43,707 [ERROR] ConditionMgr:805 - Attr not supported : Dmpu
2024-07-26 10:28:43,707 [ERROR] ConditionMgr:805 - Attr not supported : Dmpu
2024-07-26 10:28:43,707 [ERROR] ConditionMgr:805 - Attr not supported : Dmpu
2024-07-26 10:28:43,707 [ERROR] ConditionMgr:805 - Attr not supported : Dmpu
2024-07-26 10:28:43,707 [ERROR] ConditionMgr:805 - Attr not supported : Dmpu
2024-07-26 10:28:43,707 [ERROR] ConditionMgr:805 - Attr not supported : Dmpu
2024-07-26 10:28:43,707 [ERROR] ConditionMgr:805 - Attr not supported : Dmpu
2024-07-26 10:28:43,707 [ERROR] ConditionMgr:805 - Attr not supported : Dmpu
2024-07-26 10:28:43,707 [ERROR] ConditionMgr:805 - Attr not supported : Dmpu
2024-07-26 10:28:43,708 [ERROR] ConditionMgr:805 - Attr not supported : Dmpu
2024-07-26 10:28:43,708 [ERROR] ConditionMgr:805 - Attr not supported : Dmpu
2024-07-26 10:28:43,708 [ERROR] ConditionMgr:805 - Attr not supported : Dmpu
2024-07-26 10:28:43,708 [ERROR] ConditionMgr:805 - Attr not supported : Dmpu
2024-07-26 10:28:43,708 [ERROR] ConditionMgr:805 - Attr not supported : Dmpu
2024-07-26 10:28:43,708 [ERROR] ConditionMgr:805 - Attr not supported : Dmpu
2024-07-26 10:28:43,708 [ERROR] ConditionMgr:805 - Attr not supported : Dmpu
2024-07-26 10:28:43,708 [ERROR] ConditionMgr:805 - Attr not supported : Dmpu
2024-07-26 10:28:43,708 [ERROR] ConditionMgr:805 - Attr not supported : Dmpu
2024-07-26 10:28:43,708 [ERROR] ConditionMgr:805 - Attr not supported : Dmpu
2024-07-26 10:28:43,708 [ERROR] ConditionMgr:805 - Attr not supported : Dmpu
2024-07-26 10:28:43,708 [ERROR] ConditionMgr:805 - Attr not supported : Dmpu
2024-07-26 10:28:43,708 [ERROR] ConditionMgr:805 - Attr not supported : Dmpu
2024-07-26 10:28:43,708 [ERROR] ConditionMgr:805 - Attr not supported : Dmpu
2024-07-26 10:28:43,708 [ERROR] ConditionMgr:805 - Attr not supported : Dmpu
2024-07-26 10:28:43,708 [ERROR] ConditionMgr:805 - Attr not supported : Dmpu
2024-07-26 10:28:43,708 [ERROR] ConditionMgr:805 - Attr not supported : Dmpu
2024-07-26 10:28:43,708 [ERROR] ConditionMgr:805 - Attr not supported : Dmpu
2024-07-26 10:28:43,709 [ERROR] ConditionMgr:805 - Attr not supported : Dmpu
2024-07-26 10:28:43,709 [ERROR] ConditionMgr:805 - Attr not supported : Dmpu
2024-07-26 10:28:43,709 [ERROR] ConditionMgr:805 - Attr not supported : Dmpu
2024-07-26 10:28:43,709 [ERROR] ConditionMgr:805 - Attr not supported : Dmpu
2024-07-26 10:28:43,709 [ERROR] ConditionMgr:805 - Attr not supported : Dmpu
2024-07-26 10:28:43,709 [ERROR] ConditionMgr:805 - Attr not supported : Dmpu
2024-07-26 10:28:43,709 [ERROR] ConditionMgr:805 - Attr not supported : Dmpu
2024-07-26 10:28:43,709 [ERROR] ConditionMgr:805 - Attr not supported : Dmpu
2024-07-26 10:28:43,709 [ERROR] ConditionMgr:805 - Attr not supported : Dmpu
2024-07-26 10:28:43,709 [ERROR] ConditionMgr:805 - Attr not supported : Dmpu
2024-07-26 10:28:43,709 [ERROR] ConditionMgr:805 - Attr not supported : Dmpu
2024-07-26 10:28:43,709 [ERROR] ConditionMgr:805 - Attr not supported : Dmpu
2024-07-26 10:28:43,709 [ERROR] ConditionMgr:805 - Attr not supported : Dmpu
2024-07-26 10:28:43,709 [ERROR] ConditionMgr:805 - Attr not supported : Dmpu
2024-07-26 10:28:43,709 [ERROR] ConditionMgr:805 - Attr not supported : Dmpu
2024-07-26 10:28:43,709 [ERROR] ConditionMgr:805 - Attr not supported : Dmpu
2024-07-26 10:28:43,709 [ERROR] ConditionMgr:805 - Attr not supported : Dmpu
2024-07-26 10:28:43,709 [ERROR] ConditionMgr:805 - Attr not supported : Dmpu
2024-07-26 10:28:43,709 [ERROR] ConditionMgr:805 - Attr not supported : Dmpu
2024-07-26 10:28:43,709 [ERROR] ConditionMgr:805 - Attr not supported : Dmpu
2024-07-26 10:28:43,709 [ERROR] ConditionMgr:805 - Attr not supported : Dmpu
2024-07-26 10:28:43,723 [WARN] PackLoader:240 - Cannot read IP mode file for RealThread.X-CUBE-RT-Thread_Nano.4.1.1
2024-07-26 10:28:43,735 [WARN] PackLoader:240 - Cannot read IP mode file for STMicroelectronics.FP-ATR-SIGFOX1.3.2.0
2024-07-26 10:28:43,749 [WARN] PackLoader:240 - Cannot read IP mode file for STMicroelectronics.X-CUBE-EEPRMA1.5.1.0
2024-07-26 10:28:43,786 [WARN] PackLoader:240 - Cannot read IP mode file for SEGGER.I-CUBE-embOS.1.3.1
2024-07-26 10:28:43,840 [WARN] PackLoader:240 - Cannot read IP mode file for STMicroelectronics.X-CUBE-ALGOBUILD.1.4.0
2024-07-26 10:28:43,857 [WARN] PackLoader:240 - Cannot read IP mode file for STMicroelectronics.X-CUBE-GNSS1.6.0.0
2024-07-26 10:28:43,894 [WARN] PackLoader:240 - Cannot read IP mode file for STMicroelectronics.X-CUBE-AZRTOS-F4.1.1.0
2024-07-26 10:28:43,914 [WARN] PackLoader:240 - Cannot read IP mode file for STMicroelectronics.X-CUBE-FREERTOS.1.2.0
2024-07-26 10:28:43,938 [WARN] PackLoader:240 - Cannot read IP mode file for wolfSSL.I-CUBE-wolfSSL.5.6.6
2024-07-26 10:28:43,977 [WARN] PackLoader:240 - Cannot read IP mode file for STMicroelectronics.X-CUBE-AZRTOS-L5.2.0.0
2024-07-26 10:28:43,997 [WARN] PackLoader:240 - Cannot read IP mode file for STMicroelectronics.X-CUBE-NFC6.3.1.0
2024-07-26 10:28:44,017 [WARN] PackLoader:240 - Cannot read IP mode file for ITTIA_DB.I-CUBE-ITTIADB.8.8.0
2024-07-26 10:28:44,034 [WARN] PackLoader:240 - Cannot read IP mode file for STMicroelectronics.X-CUBE-DPower.1.2.0
2024-07-26 10:28:44,047 [WARN] PackLoader:240 - Cannot read IP mode file for STMicroelectronics.X-CUBE-AI.9.0.0
2024-07-26 10:28:44,061 [WARN] PackLoader:240 - Cannot read IP mode file for STMicroelectronics.X-CUBE-NFC7.1.0.1
2024-07-26 10:28:44,078 [WARN] PackLoader:240 - Cannot read IP mode file for wolfSSL.I-CUBE-wolfTPM.3.2.0
2024-07-26 10:28:44,092 [WARN] PackLoader:240 - Cannot read IP mode file for STMicroelectronics.X-CUBE-NFC6.3.0.0
2024-07-26 10:28:44,105 [WARN] PackLoader:240 - Cannot read IP mode file for STMicroelectronics.X-CUBE-AI.8.1.0
2024-07-26 10:28:44,135 [WARN] ConditionMgr:438 - getConditionDescription Invalid condition id : LAN8742 Phy interface Condition cause : null
2024-07-26 10:28:44,136 [WARN] PackLoader:240 - Cannot read IP mode file for STMicroelectronics.X-CUBE-AZRTOS-L4.2.0.0
2024-07-26 10:28:44,137 [WARN] ConditionMgr:1039 - genDependencies : Invalid condition id : LAN8742 Phy interface Condition cause : null
2024-07-26 10:28:44,137 [WARN] ConditionMgr:1039 - genDependencies : Invalid condition id : LAN8742 Phy interface Condition cause : null
2024-07-26 10:28:44,137 [WARN] ConditionMgr:1039 - genDependencies : Invalid condition id : LAN8742 Phy interface Condition cause : null
2024-07-26 10:28:44,151 [WARN] PackLoader:240 - Cannot read IP mode file for STMicroelectronics.X-CUBE-SFXS2LP1.4.0.0
2024-07-26 10:28:44,177 [WARN] ConditionMgr:438 - getConditionDescription Invalid condition id : UX DEVICE CLASS RTOS Condition cause : null
2024-07-26 10:28:44,178 [WARN] ConditionMgr:438 - getConditionDescription Invalid condition id : UX DEVICE CLASS RTOS Condition cause : null
2024-07-26 10:28:44,183 [WARN] PackLoader:240 - Cannot read IP mode file for STMicroelectronics.X-CUBE-AZRTOS-WB.2.0.0
2024-07-26 10:28:44,184 [WARN] ConditionMgr:1039 - genDependencies : Invalid condition id : UX DEVICE CLASS RTOS Condition cause : null
2024-07-26 10:28:44,184 [WARN] ConditionMgr:1039 - genDependencies : Invalid condition id : UX DEVICE CLASS RTOS Condition cause : null
2024-07-26 10:28:44,185 [WARN] ConditionMgr:1039 - genDependencies : Invalid condition id : UX DEVICE CLASS RTOS Condition cause : null
2024-07-26 10:28:44,185 [WARN] ConditionMgr:1039 - genDependencies : Invalid condition id : UX DEVICE CLASS RTOS Condition cause : null
2024-07-26 10:28:44,185 [WARN] ConditionMgr:1039 - genDependencies : Invalid condition id : UX DEVICE CLASS RTOS Condition cause : null
2024-07-26 10:28:44,201 [WARN] PackLoader:240 - Cannot read IP mode file for STMicroelectronics.FP-SNS-STBOX1.2.0.0
2024-07-26 10:28:44,220 [WARN] PackLoader:240 - Cannot read IP mode file for STMicroelectronics.X-CUBE-SUBG2.5.0.0
2024-07-26 10:28:44,252 [WARN] PackLoader:240 - Cannot read IP mode file for STMicroelectronics.X-CUBE-AZRTOS-G4.2.0.0
2024-07-26 10:28:44,274 [WARN] PackLoader:240 - Cannot read IP mode file for Infineon.AIROC-Wi-Fi-Bluetooth-STM32.1.5.1
2024-07-26 10:28:44,287 [WARN] PackLoader:240 - Cannot read IP mode file for STMicroelectronics.FP-SNS-MOTENVWB1.1.3.1
2024-07-26 10:28:44,300 [WARN] PackLoader:240 - Cannot read IP mode file for STMicroelectronics.X-CUBE-ISPU.2.0.0
2024-07-26 10:28:44,313 [WARN] PackLoader:240 - Cannot read IP mode file for STMicroelectronics.X-CUBE-ALS.1.0.2
2024-07-26 10:28:44,355 [WARN] PackLoader:240 - Cannot read IP mode file for STMicroelectronics.X-CUBE-MEMS1.10.0.0
2024-07-26 10:28:44,445 [WARN] PackLoader:240 - Cannot read IP mode file for STMicroelectronics.X-CUBE-FREERTOS.1.1.0
2024-07-26 10:28:44,457 [WARN] PackLoader:240 - Cannot read IP mode file for STMicroelectronics.X-CUBE-TOUCHGFX.4.24.0
2024-07-26 10:28:44,471 [WARN] PackLoader:240 - Cannot read IP mode file for portGmbH.I-Cube-SoM-uGOAL.1.1.0
2024-07-26 10:28:44,482 [WARN] PackLoader:240 - Cannot read IP mode file for STMicroelectronics.X-CUBE-ALS.1.0.1
2024-07-26 10:28:44,516 [WARN] PackLoader:240 - Cannot read IP mode file for STMicroelectronics.X-CUBE-AZRTOS-H7RS.1.0.0
2024-07-26 10:28:44,531 [WARN] PackLoader:240 - Cannot read IP mode file for STMicroelectronics.FP-ATR-ASTRA1.2.0.0
2024-07-26 10:28:44,554 [WARN] PackLoader:240 - Cannot read IP mode file for STMicroelectronics.X-CUBE-TOF1.3.4.1
2024-07-26 10:28:44,605 [WARN] PackLoader:240 - Cannot read IP mode file for STMicroelectronics.X-CUBE-AZRTOS-H7.3.2.0
2024-07-26 10:28:44,911 [WARN] PackLoader:240 - Cannot read IP mode file for wolfSSL.I-CUBE-wolfSSH.1.4.17
2024-07-26 10:28:44,911 [INFO] ThirdParty:978 - Integrity check success = true
2024-07-26 10:28:44,912 [INFO] IntegrityCheckThread:100 - exiting critical section [integrity check]
2024-07-26 10:28:44,912 [INFO] IntegrityCheckThread:103 - End integrity checks thread
2024-07-26 10:48:26,969 [INFO] McuFinderGlobals:63 - Set McuFinder mode to 2 (CubeIDE integrated)
2024-07-26 10:48:26,998 [INFO] MainUpdater:2873 - connection check result : 22
2024-07-26 10:48:27,010 [INFO] MainUpdater:2873 - connection check result : 22
2024-07-26 10:48:31,336 [INFO] MainUpdater:2873 - connection check result : 22
2024-07-26 10:48:40,230 [INFO] MicroXplorer:468 - Change Database Path : 
2024-07-26 10:48:40,231 [INFO] MicroXplorer:498 - Change Database Version : DB.6.0.111
2024-07-26 10:48:40,246 [WARN] ThirdParty:871 - waiting for thirdparty lock release [close project]
2024-07-26 10:48:40,246 [INFO] ThirdParty:873 - entering critical section [close project]
2024-07-26 10:48:40,247 [INFO] ThirdParty:883 - exiting critical section [close project]
2024-07-26 10:48:40,256 [INFO] PinOutPanel:1561 - setPackage(No Configuration,No Configuration)
2024-07-26 10:48:40,261 [INFO] UtilMem:75 - Begin LoadConfig() Used Memory: 197440544 Bytes (311427072)
2024-07-26 10:48:40,276 [INFO] MicroXplorer:468 - Change Database Path : C:/Users/andre/.stm32cubemx/databases/DB.6.0.110/db/
2024-07-26 10:48:40,276 [INFO] MicroXplorer:498 - Change Database Version : DB.6.0.110
2024-07-26 10:48:42,486 [INFO] OpenFileManager:312 - Change cursor
2024-07-26 10:48:42,533 [INFO] Mcu:2021 - Initializing MCU STM32H723ZGTx STM32H723ZGTx STM32H723ZGT6
2024-07-26 10:48:47,543 [INFO] Context:663 - Trying to add GPIOservice into a context  which must be forbidden
2024-07-26 10:48:48,939 [INFO] RtosManager:555 - Registered RTOS mode: class=CMSIS, group=RTOS, mode=CMSIS_V1, owner=FREERTOS
2024-07-26 10:48:48,939 [INFO] RtosManager:555 - Registered RTOS mode: class=CMSIS, group=RTOS2, mode=CMSIS_V2, owner=FREERTOS
2024-07-26 10:48:48,939 [INFO] RtosManager:555 - Registered RTOS mode: class=RTOS, group=Core, mode=CMSIS_V1, owner=FREERTOS
2024-07-26 10:48:48,939 [INFO] RtosManager:555 - Registered RTOS mode: class=RTOS, group=Core, mode=CMSIS_V2, owner=FREERTOS
2024-07-26 10:48:48,939 [WARN] ModelIntegratedComponent:184 - Missing modes for component STMicroelectronics:FreeRTOS:0.0.1:STMicroelectronics:RTOS:FreeRTOS:Core:::10.2.0:
2024-07-26 10:48:48,950 [WARN] ModelIntegratedComponent:182 - Modes not found for component STMicroelectronics:USB_HOST:1.0.0:STMicroelectronics:USB::USB Host:Audio FS::1.0:USB_HOST_1_0_RESTRICTED_FS
2024-07-26 10:48:48,950 [WARN] ModelIntegratedComponent:188 - Modes not found for component STMicroelectronics:USB_HOST:1.0.0:STMicroelectronics:USB::USB Host:Audio FS::1.0:USB_HOST_1_0_RESTRICTED_FS
2024-07-26 10:48:48,950 [WARN] ModelIntegratedComponent:182 - Modes not found for component STMicroelectronics:USB_HOST:1.0.0:STMicroelectronics:USB::USB Host:CDC FS::1.0:USB_HOST_1_0_RESTRICTED_FS
2024-07-26 10:48:48,950 [WARN] ModelIntegratedComponent:188 - Modes not found for component STMicroelectronics:USB_HOST:1.0.0:STMicroelectronics:USB::USB Host:CDC FS::1.0:USB_HOST_1_0_RESTRICTED_FS
2024-07-26 10:48:48,950 [WARN] ModelIntegratedComponent:182 - Modes not found for component STMicroelectronics:USB_HOST:1.0.0:STMicroelectronics:USB::USB Host:MSC FS::1.0:USB_HOST_1_0_RESTRICTED_FS
2024-07-26 10:48:48,950 [WARN] ModelIntegratedComponent:188 - Modes not found for component STMicroelectronics:USB_HOST:1.0.0:STMicroelectronics:USB::USB Host:MSC FS::1.0:USB_HOST_1_0_RESTRICTED_FS
2024-07-26 10:48:48,950 [WARN] ModelIntegratedComponent:182 - Modes not found for component STMicroelectronics:USB_HOST:1.0.0:STMicroelectronics:USB::USB Host:HID FS::1.0:USB_HOST_1_0_RESTRICTED_FS
2024-07-26 10:48:48,950 [WARN] ModelIntegratedComponent:188 - Modes not found for component STMicroelectronics:USB_HOST:1.0.0:STMicroelectronics:USB::USB Host:HID FS::1.0:USB_HOST_1_0_RESTRICTED_FS
2024-07-26 10:48:48,950 [WARN] ModelIntegratedComponent:182 - Modes not found for component STMicroelectronics:USB_HOST:1.0.0:STMicroelectronics:USB::USB Host:MTP FS::1.0:USB_HOST_1_0_RESTRICTED_FS
2024-07-26 10:48:48,950 [WARN] ModelIntegratedComponent:188 - Modes not found for component STMicroelectronics:USB_HOST:1.0.0:STMicroelectronics:USB::USB Host:MTP FS::1.0:USB_HOST_1_0_RESTRICTED_FS
2024-07-26 10:48:48,961 [WARN] ModelIntegratedComponent:63 - No mode defined for component null
2024-07-26 10:48:48,961 [WARN] ModelIntegratedComponent:63 - No mode defined for component null
2024-07-26 10:48:48,961 [WARN] ModelIntegratedComponent:63 - No mode defined for component null
2024-07-26 10:48:48,961 [WARN] ModelIntegratedComponent:63 - No mode defined for component null
2024-07-26 10:48:48,961 [WARN] ModelIntegratedComponent:63 - No mode defined for component null
2024-07-26 10:48:48,961 [WARN] ModelIntegratedComponent:63 - No mode defined for component null
2024-07-26 10:48:48,961 [WARN] ModelIntegratedComponent:63 - No mode defined for component null
2024-07-26 10:48:48,961 [WARN] ModelIntegratedComponent:63 - No mode defined for component null
2024-07-26 10:48:48,961 [WARN] ModelIntegratedComponent:63 - No mode defined for component null
2024-07-26 10:48:48,962 [WARN] ModelIntegratedComponent:63 - No mode defined for component null
2024-07-26 10:48:48,962 [WARN] ModelIntegratedComponent:63 - No mode defined for component null
2024-07-26 10:48:48,962 [WARN] ModelIntegratedComponent:63 - No mode defined for component null
2024-07-26 10:48:48,962 [WARN] ModelIntegratedComponent:63 - No mode defined for component null
2024-07-26 10:48:48,962 [WARN] ModelIntegratedComponent:63 - No mode defined for component null
2024-07-26 10:48:48,962 [WARN] ModelIntegratedComponent:63 - No mode defined for component null
2024-07-26 10:48:48,962 [WARN] ModelIntegratedComponent:63 - No mode defined for component null
2024-07-26 10:48:48,962 [WARN] ModelIntegratedComponent:63 - No mode defined for component null
2024-07-26 10:48:48,962 [WARN] ModelIntegratedComponent:63 - No mode defined for component null
2024-07-26 10:48:48,962 [WARN] ModelIntegratedComponent:63 - No mode defined for component null
2024-07-26 10:48:48,963 [WARN] ModelIntegratedComponent:63 - No mode defined for component null
2024-07-26 10:48:48,963 [WARN] ModelIntegratedComponent:63 - No mode defined for component null
2024-07-26 10:48:48,963 [WARN] ModelIntegratedComponent:63 - No mode defined for component null
2024-07-26 10:48:48,963 [WARN] ModelIntegratedComponent:63 - No mode defined for component null
2024-07-26 10:48:48,963 [WARN] ModelIntegratedComponent:63 - No mode defined for component null
2024-07-26 10:48:48,963 [WARN] ModelIntegratedComponent:63 - No mode defined for component null
2024-07-26 10:48:48,963 [WARN] ModelIntegratedComponent:63 - No mode defined for component null
2024-07-26 10:48:48,963 [WARN] ModelIntegratedComponent:63 - No mode defined for component null
2024-07-26 10:48:48,963 [WARN] ModelIntegratedComponent:63 - No mode defined for component null
2024-07-26 10:48:48,963 [WARN] ModelIntegratedComponent:63 - No mode defined for component null
2024-07-26 10:48:48,963 [WARN] ModelIntegratedComponent:63 - No mode defined for component null
2024-07-26 10:48:48,964 [WARN] ModelIntegratedComponent:63 - No mode defined for component null
2024-07-26 10:48:48,964 [WARN] ModelIntegratedComponent:63 - No mode defined for component null
2024-07-26 10:48:48,964 [WARN] ModelIntegratedComponent:63 - No mode defined for component null
2024-07-26 10:48:48,964 [WARN] ModelIntegratedComponent:63 - No mode defined for component null
2024-07-26 10:48:49,056 [WARN] ModelIntegratedComponent:182 - Modes not found for component STMicroelectronics:USB_DEVICE:1.0.0:STMicroelectronics:USB::USB Device:Audio FS::1.0:USB_DEVICE_1_0_RESTRICTED_FS
2024-07-26 10:48:49,057 [WARN] ModelIntegratedComponent:188 - Modes not found for component STMicroelectronics:USB_DEVICE:1.0.0:STMicroelectronics:USB::USB Device:Audio FS::1.0:USB_DEVICE_1_0_RESTRICTED_FS
2024-07-26 10:48:49,057 [WARN] ModelIntegratedComponent:182 - Modes not found for component STMicroelectronics:USB_DEVICE:1.0.0:STMicroelectronics:USB::USB Device:CDC FS::1.0:USB_DEVICE_1_0_RESTRICTED_FS
2024-07-26 10:48:49,057 [WARN] ModelIntegratedComponent:188 - Modes not found for component STMicroelectronics:USB_DEVICE:1.0.0:STMicroelectronics:USB::USB Device:CDC FS::1.0:USB_DEVICE_1_0_RESTRICTED_FS
2024-07-26 10:48:49,057 [WARN] ModelIntegratedComponent:182 - Modes not found for component STMicroelectronics:USB_DEVICE:1.0.0:STMicroelectronics:USB::USB Device:DFU FS::1.0:USB_DEVICE_1_0_RESTRICTED_FS
2024-07-26 10:48:49,057 [WARN] ModelIntegratedComponent:188 - Modes not found for component STMicroelectronics:USB_DEVICE:1.0.0:STMicroelectronics:USB::USB Device:DFU FS::1.0:USB_DEVICE_1_0_RESTRICTED_FS
2024-07-26 10:48:49,057 [WARN] ModelIntegratedComponent:182 - Modes not found for component STMicroelectronics:USB_DEVICE:1.0.0:STMicroelectronics:USB::USB Device:HID FS::1.0:USB_DEVICE_1_0_RESTRICTED_FS
2024-07-26 10:48:49,057 [WARN] ModelIntegratedComponent:188 - Modes not found for component STMicroelectronics:USB_DEVICE:1.0.0:STMicroelectronics:USB::USB Device:HID FS::1.0:USB_DEVICE_1_0_RESTRICTED_FS
2024-07-26 10:48:49,057 [WARN] ModelIntegratedComponent:182 - Modes not found for component STMicroelectronics:USB_DEVICE:1.0.0:STMicroelectronics:USB::USB Device:Custom HID FS::1.0:USB_DEVICE_1_0_RESTRICTED_FS
2024-07-26 10:48:49,057 [WARN] ModelIntegratedComponent:188 - Modes not found for component STMicroelectronics:USB_DEVICE:1.0.0:STMicroelectronics:USB::USB Device:Custom HID FS::1.0:USB_DEVICE_1_0_RESTRICTED_FS
2024-07-26 10:48:49,057 [WARN] ModelIntegratedComponent:182 - Modes not found for component STMicroelectronics:USB_DEVICE:1.0.0:STMicroelectronics:USB::USB Device:MSC FS::1.0:USB_DEVICE_1_0_RESTRICTED_FS
2024-07-26 10:48:49,058 [WARN] ModelIntegratedComponent:188 - Modes not found for component STMicroelectronics:USB_DEVICE:1.0.0:STMicroelectronics:USB::USB Device:MSC FS::1.0:USB_DEVICE_1_0_RESTRICTED_FS
2024-07-26 10:48:49,080 [INFO] ThirdPartyModel:298 - Start build external matchings
2024-07-26 10:48:49,308 [INFO] ThirdPartyModel:316 - End build external matchings
2024-07-26 10:48:49,345 [INFO] ImportTextPane:194 - (OptionalMessage_ERROR) IP (DMA) : Parameter (Instance) has Id (USART1_RX) currently not set
2024-07-26 10:48:49,345 [INFO] ImportTextPane:194 - (OptionalMessage_ERROR) IP (DMA) : Parameter (Request) has Id (USART1_RX) currently not set
2024-07-26 10:48:49,345 [INFO] ImportTextPane:194 - (OptionalMessage_ERROR) IP (DMA) : Parameter (Direction) has Id (USART1_RX) currently not set
2024-07-26 10:48:49,345 [INFO] ImportTextPane:194 - (OptionalMessage_ERROR) IP (DMA) : Parameter (PeriphInc) has Id (USART1_RX) currently not set
2024-07-26 10:48:49,345 [INFO] ImportTextPane:194 - (OptionalMessage_ERROR) IP (DMA) : Parameter (MemInc) has Id (USART1_RX) currently not set
2024-07-26 10:48:49,346 [INFO] ImportTextPane:194 - (OptionalMessage_ERROR) IP (DMA) : Parameter (PeriphDataAlignment) has Id (USART1_RX) currently not set
2024-07-26 10:48:49,347 [INFO] ImportTextPane:194 - (OptionalMessage_ERROR) IP (DMA) : Parameter (MemDataAlignment) has Id (USART1_RX) currently not set
2024-07-26 10:48:49,347 [INFO] ImportTextPane:194 - (OptionalMessage_ERROR) IP (DMA) : Parameter (Mode) has Id (USART1_RX) currently not set
2024-07-26 10:48:49,347 [INFO] ImportTextPane:194 - (OptionalMessage_ERROR) IP (DMA) : Parameter (Priority) has Id (USART1_RX) currently not set
2024-07-26 10:48:49,347 [INFO] ImportTextPane:194 - (OptionalMessage_ERROR) IP (DMA) : Parameter (FIFOMode) has Id (USART1_RX) currently not set
2024-07-26 10:48:49,347 [INFO] ImportTextPane:194 - (OptionalMessage_ERROR) IP (DMA) : Parameter (SignalID) has Id (USART1_RX) currently not set
2024-07-26 10:48:49,347 [INFO] ImportTextPane:194 - (OptionalMessage_ERROR) IP (DMA) : Parameter (Polarity) has Id (USART1_RX) currently not set
2024-07-26 10:48:49,347 [INFO] ImportTextPane:194 - (OptionalMessage_ERROR) IP (DMA) : Parameter (RequestNumber) has Id (USART1_RX) currently not set
2024-07-26 10:48:49,347 [INFO] ImportTextPane:194 - (OptionalMessage_ERROR) IP (DMA) : Parameter (SyncSignalID) has Id (USART1_RX) currently not set
2024-07-26 10:48:49,348 [INFO] ImportTextPane:194 - (OptionalMessage_ERROR) IP (DMA) : Parameter (SyncPolarity) has Id (USART1_RX) currently not set
2024-07-26 10:48:49,348 [INFO] ImportTextPane:194 - (OptionalMessage_ERROR) IP (DMA) : Parameter (SyncEnable) has Id (USART1_RX) currently not set
2024-07-26 10:48:49,348 [INFO] ImportTextPane:194 - (OptionalMessage_ERROR) IP (DMA) : Parameter (EventEnable) has Id (USART1_RX) currently not set
2024-07-26 10:48:49,348 [INFO] ImportTextPane:194 - (OptionalMessage_ERROR) IP (DMA) : Parameter (SyncRequestNumber) has Id (USART1_RX) currently not set
2024-07-26 10:48:49,348 [INFO] ImportTextPane:194 - (OptionalMessage_ERROR) IP (DMA) : Parameter (Instance) has Id (USART1_TX) currently not set
2024-07-26 10:48:49,348 [INFO] ImportTextPane:194 - (OptionalMessage_ERROR) IP (DMA) : Parameter (Request) has Id (USART1_TX) currently not set
2024-07-26 10:48:49,348 [INFO] ImportTextPane:194 - (OptionalMessage_ERROR) IP (DMA) : Parameter (Direction) has Id (USART1_TX) currently not set
2024-07-26 10:48:49,348 [INFO] ImportTextPane:194 - (OptionalMessage_ERROR) IP (DMA) : Parameter (PeriphInc) has Id (USART1_TX) currently not set
2024-07-26 10:48:49,348 [INFO] ImportTextPane:194 - (OptionalMessage_ERROR) IP (DMA) : Parameter (MemInc) has Id (USART1_TX) currently not set
2024-07-26 10:48:49,348 [INFO] ImportTextPane:194 - (OptionalMessage_ERROR) IP (DMA) : Parameter (PeriphDataAlignment) has Id (USART1_TX) currently not set
2024-07-26 10:48:49,348 [INFO] ImportTextPane:194 - (OptionalMessage_ERROR) IP (DMA) : Parameter (MemDataAlignment) has Id (USART1_TX) currently not set
2024-07-26 10:48:49,349 [INFO] ImportTextPane:194 - (OptionalMessage_ERROR) IP (DMA) : Parameter (Mode) has Id (USART1_TX) currently not set
2024-07-26 10:48:49,349 [INFO] ImportTextPane:194 - (OptionalMessage_ERROR) IP (DMA) : Parameter (Priority) has Id (USART1_TX) currently not set
2024-07-26 10:48:49,349 [INFO] ImportTextPane:194 - (OptionalMessage_ERROR) IP (DMA) : Parameter (FIFOMode) has Id (USART1_TX) currently not set
2024-07-26 10:48:49,349 [INFO] ImportTextPane:194 - (OptionalMessage_ERROR) IP (DMA) : Parameter (SignalID) has Id (USART1_TX) currently not set
2024-07-26 10:48:49,349 [INFO] ImportTextPane:194 - (OptionalMessage_ERROR) IP (DMA) : Parameter (Polarity) has Id (USART1_TX) currently not set
2024-07-26 10:48:49,349 [INFO] ImportTextPane:194 - (OptionalMessage_ERROR) IP (DMA) : Parameter (RequestNumber) has Id (USART1_TX) currently not set
2024-07-26 10:48:49,349 [INFO] ImportTextPane:194 - (OptionalMessage_ERROR) IP (DMA) : Parameter (SyncSignalID) has Id (USART1_TX) currently not set
2024-07-26 10:48:49,350 [INFO] ImportTextPane:194 - (OptionalMessage_ERROR) IP (DMA) : Parameter (SyncPolarity) has Id (USART1_TX) currently not set
2024-07-26 10:48:49,350 [INFO] ImportTextPane:194 - (OptionalMessage_ERROR) IP (DMA) : Parameter (SyncEnable) has Id (USART1_TX) currently not set
2024-07-26 10:48:49,350 [INFO] ImportTextPane:194 - (OptionalMessage_ERROR) IP (DMA) : Parameter (EventEnable) has Id (USART1_TX) currently not set
2024-07-26 10:48:49,350 [INFO] ImportTextPane:194 - (OptionalMessage_ERROR) IP (DMA) : Parameter (SyncRequestNumber) has Id (USART1_TX) currently not set
2024-07-26 10:48:49,350 [INFO] ImportTextPane:194 - (OptionalMessage_ERROR) IP (DMA) : Parameter (Instance) has Id (SPI2_RX) currently not set
2024-07-26 10:48:49,350 [INFO] ImportTextPane:194 - (OptionalMessage_ERROR) IP (DMA) : Parameter (Request) has Id (SPI2_RX) currently not set
2024-07-26 10:48:49,350 [INFO] ImportTextPane:194 - (OptionalMessage_ERROR) IP (DMA) : Parameter (Direction) has Id (SPI2_RX) currently not set
2024-07-26 10:48:49,350 [INFO] ImportTextPane:194 - (OptionalMessage_ERROR) IP (DMA) : Parameter (PeriphInc) has Id (SPI2_RX) currently not set
2024-07-26 10:48:49,350 [INFO] ImportTextPane:194 - (OptionalMessage_ERROR) IP (DMA) : Parameter (MemInc) has Id (SPI2_RX) currently not set
2024-07-26 10:48:49,350 [INFO] ImportTextPane:194 - (OptionalMessage_ERROR) IP (DMA) : Parameter (PeriphDataAlignment) has Id (SPI2_RX) currently not set
2024-07-26 10:48:49,350 [INFO] ImportTextPane:194 - (OptionalMessage_ERROR) IP (DMA) : Parameter (MemDataAlignment) has Id (SPI2_RX) currently not set
2024-07-26 10:48:49,350 [INFO] ImportTextPane:194 - (OptionalMessage_ERROR) IP (DMA) : Parameter (Mode) has Id (SPI2_RX) currently not set
2024-07-26 10:48:49,350 [INFO] ImportTextPane:194 - (OptionalMessage_ERROR) IP (DMA) : Parameter (Priority) has Id (SPI2_RX) currently not set
2024-07-26 10:48:49,350 [INFO] ImportTextPane:194 - (OptionalMessage_ERROR) IP (DMA) : Parameter (FIFOMode) has Id (SPI2_RX) currently not set
2024-07-26 10:48:49,351 [INFO] ImportTextPane:194 - (OptionalMessage_ERROR) IP (DMA) : Parameter (FIFOThreshold) has Id (SPI2_RX) currently not set
2024-07-26 10:48:49,351 [INFO] ImportTextPane:194 - (OptionalMessage_ERROR) IP (DMA) : Parameter (FIFOThreshold) has invalid value (null)
2024-07-26 10:48:49,351 [INFO] ImportTextPane:194 - (OptionalMessage_ERROR) IP (DMA) : Parameter (MemBurst) has Id (SPI2_RX) currently not set
2024-07-26 10:48:49,351 [INFO] ImportTextPane:194 - (OptionalMessage_ERROR) IP (DMA) : Parameter (MemBurst) has invalid value (null)
2024-07-26 10:48:49,351 [INFO] ImportTextPane:194 - (OptionalMessage_ERROR) IP (DMA) : Parameter (PeriphBurst) has Id (SPI2_RX) currently not set
2024-07-26 10:48:49,351 [INFO] ImportTextPane:194 - (OptionalMessage_ERROR) IP (DMA) : Parameter (PeriphBurst) has invalid value (null)
2024-07-26 10:48:49,351 [INFO] ImportTextPane:194 - (OptionalMessage_ERROR) IP (DMA) : Parameter (SignalID) has Id (SPI2_RX) currently not set
2024-07-26 10:48:49,351 [INFO] ImportTextPane:194 - (OptionalMessage_ERROR) IP (DMA) : Parameter (Polarity) has Id (SPI2_RX) currently not set
2024-07-26 10:48:49,352 [INFO] ImportTextPane:194 - (OptionalMessage_ERROR) IP (DMA) : Parameter (RequestNumber) has Id (SPI2_RX) currently not set
2024-07-26 10:48:49,352 [INFO] ImportTextPane:194 - (OptionalMessage_ERROR) IP (DMA) : Parameter (SyncSignalID) has Id (SPI2_RX) currently not set
2024-07-26 10:48:49,352 [INFO] ImportTextPane:194 - (OptionalMessage_ERROR) IP (DMA) : Parameter (SyncPolarity) has Id (SPI2_RX) currently not set
2024-07-26 10:48:49,352 [INFO] ImportTextPane:194 - (OptionalMessage_ERROR) IP (DMA) : Parameter (SyncEnable) has Id (SPI2_RX) currently not set
2024-07-26 10:48:49,352 [INFO] ImportTextPane:194 - (OptionalMessage_ERROR) IP (DMA) : Parameter (EventEnable) has Id (SPI2_RX) currently not set
2024-07-26 10:48:49,352 [INFO] ImportTextPane:194 - (OptionalMessage_ERROR) IP (DMA) : Parameter (SyncRequestNumber) has Id (SPI2_RX) currently not set
2024-07-26 10:48:49,372 [WARN] IP:2120 - DEVICE_SERIAL0_CDC_HS not found: check if there is a RefParameter without a condition.
2024-07-26 10:48:49,372 [WARN] IP:2120 - DEVICE_SERIAL1_CDC_HS not found: check if there is a RefParameter without a condition.
2024-07-26 10:48:49,372 [WARN] IP:2120 - DEVICE_SERIAL2_CDC_HS not found: check if there is a RefParameter without a condition.
2024-07-26 10:48:50,216 [INFO] ApiDb:581 - Connected to CubeFinder SQLite database (C:\Users\andre\.stmcufinder\plugins\mcufinder\mcu\cube-finder-db.db)
2024-07-26 10:48:50,290 [INFO] ApiDb:668 - CubeFinder database Data Model version=2.1
2024-07-26 10:48:50,290 [INFO] ApiDb:669 - CubeFinder database Configuration version=3.0.39
2024-07-26 10:48:50,292 [INFO] ApiDb:670 - CubeFinder database generation date=2024-03-01 (1709305525)
2024-07-26 10:48:50,292 [INFO] ApiDb:671 - CubeFinder database FW Pack versions=[FP-ATR-ASTRA1_V2.0.0, FP-SNS-FLIGHT1_V5.0.1, FP-SNS-FLIGHT1_V5.0.2, FP-SNS-MOTENV1_V4.3.1, FP-SNS-MOTENV1_V4.3.2, FP-SNS-MOTENVWB1_V1.3.1, FP-SNS-SMARTAG2_V1.2.0, STM32Cube_FW_C0_V1.1.0, STM32Cube_FW_F4_V1.28.0, STM32Cube_FW_F7_V1.17.0, STM32Cube_FW_G0_V1.6.2, STM32Cube_FW_G4_V1.5.2, STM32Cube_FW_H5_V0.5.1, STM32Cube_FW_H5_V1.1.1, STM32Cube_FW_H5_V1.2.0, STM32Cube_FW_H5_V1.2.0RC4, STM32Cube_FW_H7RS_V1.0.0, STM32Cube_FW_H7RS_V1.0.0RC4, STM32Cube_FW_H7_V1.11.0, STM32Cube_FW_L0_V1.12.2, STM32Cube_FW_L5_V1.5.1, STM32Cube_FW_U0_V1.0.0, STM32Cube_FW_U0_V1.0.0RC1, STM32Cube_FW_U5_V1.3.0RC4, STM32Cube_FW_U5_V1.5.0, STM32Cube_FW_U5_V1.5.0RC1, STM32Cube_FW_WBA_V1.0.0RC1, STM32Cube_FW_WBA_V1.2.0, STM32Cube_FW_WBA_V1.2.0RC2, STM32Cube_FW_WBA_V1.3.0, STM32Cube_FW_WBA_V1.3.0RC1, STM32Cube_FW_WB_V1.15.0RC1, STM32Cube_FW_WB_V1.16.0, STM32Cube_FW_WB_V1.16.0RC2, STM32Cube_FW_WB_V1.18.0, STM32Cube_FW_WB_V1.19.0, STM32Cube_FW_WL_V1.3.0, X-CUBE-ALGOBUILD_V1.3.0, X-CUBE-ALS_V1.0.1, X-CUBE-AZRTOS-F4_V1.1.0, X-CUBE-AZRTOS-F7_V1.1.0, X-CUBE-AZRTOS-G0_V1.1.0, X-CUBE-AZRTOS-G4_V2.0.0, X-CUBE-AZRTOS-H7_V3.2.0, X-CUBE-AZRTOS-L4_V1.0.0, X-CUBE-AZRTOS-L4_V2.0.0, X-CUBE-AZRTOS-L5_V1.1.0, X-CUBE-AZRTOS-WB_V2.0.0, X-CUBE-AZRTOS-WL_V2.0.0, X-CUBE-BLE1_V7.0.0, X-CUBE-BLE2_V3.3.0, X-CUBE-BLEMGR_V3.1.0, X-CUBE-EEPRMA1_V4.1.0, X-CUBE-EEPRMA1_V5.1.0, X-CUBE-FREERTOS_V1.1.0, X-CUBE-GNSS1_V6.0.0, X-CUBE-MEMS1_V10.0.0, X-CUBE-MEMS1_V9.1.0, X-CUBE-MEMS1_V9.4.0, X-CUBE-MEMS1_V9.6.0, X-CUBE-NFC4_V3.0.0, X-CUBE-NFC7_V1.0.1, X-CUBE-SFXS2LP1_V4.0.0, X-CUBE-SUBG2_V5.0.0, X-CUBE-TOF1_V3.4.0]
2024-07-26 10:48:50,472 [INFO] DbBoardsSqlite:226 - include board P-NUCLEO-WB55-NUCLEO as a kit item of type 'Nucleo-64'
2024-07-26 10:48:50,472 [INFO] DbBoardsSqlite:226 - include board P-NUCLEO-WB55-USBDONGLE as a kit item of type 'Nucleo USB Dongle'
2024-07-26 10:48:50,474 [INFO] DbBoardsSqlite:226 - include board STEVAL-IDP005V1 as a kit item of type 'Evaluation Board'
2024-07-26 10:48:50,475 [INFO] DbBoardsSqlite:226 - include board STEVAL-IDP005V2 as a kit item of type 'Evaluation Board'
2024-07-26 10:48:50,714 [INFO] ApiDb:240 - Found 483 in-development CPN: [B-G473E-ZEST1S, B-WB1M-WPAN1, B-WL5M-SUBG1, NUCLEO-C031C6, NUCLEO-H503RB, NUCLEO-H533RE, NUCLEO-H563ZI, NUCLEO-H7S3L8, NUCLEO-U031R8, NUCLEO-U083RC, NUCLEO-U545RE-Q, NUCLEO-U5A5ZJ-Q, NUCLEO-WBA52CG, NUCLEO-WBA55CG, STEVAL-PROTEUS1, STEVAL-SMARTAG2, STEVAL-STWINBX1, STM320518-EVAL, STM32C0116-DK, STM32C011D6Y3TR, STM32C011D6Y6TR, STM32C011F4P3, STM32C011F4P6, STM32C011F4U3, STM32C011F4U6TR, STM32C011F6P3, STM32C011F6P6, STM32C011F6U3, STM32C011F6U6TR, STM32C011J4M3, STM32C011J4M6, STM32C011J6M3, STM32C011J6M6, STM32C0316-DK, STM32C031C4T3, STM32C031C4T6, STM32C031C4U3, STM32C031C4U6, STM32C031C6T3, STM32C031C6T6, STM32C031C6U3, STM32C031C6U6, STM32C031F4P3, STM32C031F4P6, STM32C031F6P3, STM32C031F6P6, STM32C031G4U3, STM32C031G4U6, STM32C031G6U3, STM32C031G6U6, STM32C031K4T3, STM32C031K4T6, STM32C031K4U3, STM32C031K4U6, STM32C031K6T3, STM32C031K6T6, STM32C031K6U3, STM32C031K6U6, STM32G071K8TXN, STM32G071K8UXN, STM32G081GBU6N, STM32G081KBT6N, STM32G081KBUXN, STM32G0B1CCT6N, STM32G0B1KCT6, STM32G0B1NEY6TR, STM32G0B1RCT6N, STM32G0C1CCT6, STM32G0C1CCT6N, STM32G0C1CCU6N, STM32G0C1CET6N, STM32G0C1CEU6N, STM32G0C1KCT6, STM32G0C1NEY6TR, STM32G0C1RCI6N, STM32G0C1RCT6N, STM32G0C1REI6N, STM32G0C1RET6N, STM32G0C1VCI6, STM32G0C1VEI6, STM32G471CCT6, STM32G471CCU6, STM32G471CET3, STM32G471CET6, STM32G471CEU3, STM32G471CEU6, STM32G471MCT6, STM32G471MET3, STM32G471MET6, STM32G471MEY6TR, STM32G471QCT6, STM32G471QET3, STM32G471RCT6, STM32G471RET3, STM32G471RET6, STM32G471VCH6, STM32G471VCI6, STM32G471VCT6, STM32G471VEH3, STM32G471VEH6, STM32G471VEI3, STM32G471VEI6, STM32G471VET3, STM32G471VET6, STM32G474CCT6, STM32H503CBT6, STM32H503CBU6, STM32H503EBY6TR, STM32H503KBU6, STM32H503RBT6, STM32H523CCT6, STM32H523CCU6, STM32H523CET6, STM32H523CEU6, STM32H523HEY6TR, STM32H523RCT6, STM32H523RET6, STM32H523VCI6, STM32H523VCT6, STM32H523VEI6, STM32H523VET6, STM32H523ZCJ6, STM32H523ZCT6, STM32H523ZEJ6, STM32H523ZET6, STM32H533CET6, STM32H533CEU6, STM32H533HEY6TR, STM32H533RET6, STM32H533VEI6, STM32H533VET6, STM32H533ZEJ6, STM32H533ZET6, STM32H562AGI6, STM32H562AII6, STM32H562IGK6, STM32H562IGT6, STM32H562IIK6, STM32H562IIT6, STM32H562RGT6, STM32H562RGV6, STM32H562RIT6, STM32H562RIV6, STM32H562VGT6, STM32H562VIT6, STM32H562ZGT6, STM32H562ZIT6, STM32H563AGI6, STM32H563AII3Q, STM32H563AII6, STM32H563IGK6, STM32H563IGT6, STM32H563IIK3Q, STM32H563IIK6, STM32H563IIT3Q, STM32H563IIT6, STM32H563MIY3QTR, STM32H563RGT6, STM32H563RGV6, STM32H563RIT6, STM32H563RIV6, STM32H563VGT6, STM32H563VIT3Q, STM32H563VIT6, STM32H563ZGT6, STM32H563ZIT3Q, STM32H563ZIT6, STM32H573AII3Q, STM32H573AII6, STM32H573I-DK, STM32H573IIK3Q, STM32H573IIK6, STM32H573IIT3Q, STM32H573IIT6, STM32H573MIY3QTR, STM32H573RIT6, STM32H573RIV6, STM32H573VIT3Q, STM32H573VIT6, STM32H573ZIT3Q, STM32H573ZIT6, STM32H7R3A8I6, STM32H7R3I8K6, STM32H7R3I8T6, STM32H7R3L8H6, STM32H7R3L8H6H, STM32H7R3R8V6, STM32H7R3V8H6, STM32H7R3V8T6, STM32H7R3V8Y6, STM32H7R3Z8J6, STM32H7R3Z8T6, STM32H7R7A8I6, STM32H7R7I8K6, STM32H7R7I8T6, STM32H7R7L8H6, STM32H7R7L8H6H, STM32H7R7Z8J6, STM32H7S3A8I6, STM32H7S3I8K6, STM32H7S3I8T6, STM32H7S3L8H6, STM32H7S3L8H6H, STM32H7S3R8V6, STM32H7S3V8H6, STM32H7S3V8T6, STM32H7S3V8Y6, STM32H7S3Z8J6, STM32H7S3Z8T6, STM32H7S78-DK, STM32H7S7A8I6, STM32H7S7I8K6, STM32H7S7I8T6, STM32H7S7L8H6, STM32H7S7L8H6H, STM32H7S7Z8J6, STM32L4R5QGI6STR, STM32MP131AAE3, STM32MP131AAF3, STM32MP131AAG3, STM32MP131CAE3, STM32MP131CAF3, STM32MP131CAG3, STM32MP131DAE7, STM32MP131DAF7, STM32MP131DAG7, STM32MP131FAE7, STM32MP131FAF7, STM32MP131FAG7, STM32MP133AAE3, STM32MP133AAF3, STM32MP133AAG3, STM32MP133CAE3, STM32MP133CAF3, STM32MP133CAG3, STM32MP133DAE7, STM32MP133DAF7, STM32MP133DAG7, STM32MP133FAE7, STM32MP133FAF7, STM32MP133FAG7, STM32MP135AAE3, STM32MP135AAF3, STM32MP135AAG3, STM32MP135CAE3, STM32MP135CAF3, STM32MP135CAG3, STM32MP135DAE7, STM32MP135DAF7, STM32MP135DAG7, STM32MP135F-DK, STM32MP135FAE7, STM32MP135FAF7, STM32MP135FAF7T, STM32MP135FAF7U, STM32MP135FAG7, STM32U031C6T6, STM32U031C6U6, STM32U031C8T6, STM32U031C8U6, STM32U031F4P6, STM32U031F6P6, STM32U031F8P6, STM32U031G6Y6TR, STM32U031G8Y6TR, STM32U031K4U6, STM32U031K6U6, STM32U031K8U6, STM32U031R6I6, STM32U031R6T6, STM32U031R8I6, STM32U031R8T6, STM32U073C8T6, STM32U073C8U6, STM32U073CBT6, STM32U073CBU6, STM32U073CCT6, STM32U073CCU6, STM32U073H8Y6TR, STM32U073HBY6TR, STM32U073HCY6TR, STM32U073K8U6, STM32U073KBU6, STM32U073KCU6, STM32U073M8I6, STM32U073M8T6, STM32U073MBI6, STM32U073MBT6, STM32U073MCI6, STM32U073MCT6, STM32U073R8I6, STM32U073R8T6, STM32U073RBI6, STM32U073RBT6, STM32U073RCI6, STM32U073RCT6, STM32U083C-DK, STM32U083CCT6, STM32U083CCU6, STM32U083HCY6TR, STM32U083KCU6, STM32U083MCI6, STM32U083MCT6, STM32U083RCI6, STM32U083RCT6, STM32U535CBT6, STM32U535CBT6Q, STM32U535CBU6, STM32U535CBU6Q, STM32U535CCT6, STM32U535CCT6Q, STM32U535CCU6, STM32U535CCU6Q, STM32U535CET6, STM32U535CET6Q, STM32U535CEU6, STM32U535CEU6Q, STM32U535JEY6QTR, STM32U535NCY6QTR, STM32U535NEY6QTR, STM32U535RBI6, STM32U535RBI6Q, STM32U535RBT6, STM32U535RBT6Q, STM32U535RCI6, STM32U535RCI6Q, STM32U535RCT6, STM32U535RCT6Q, STM32U535REI6, STM32U535REI6Q, STM32U535RET6, STM32U535RET6Q, STM32U535VCI6, STM32U535VCI6Q, STM32U535VCT6, STM32U535VCT6Q, STM32U535VEI6, STM32U535VEI6Q, STM32U535VET6, STM32U535VET6Q, STM32U545CET6, STM32U545CET6Q, STM32U545CEU6, STM32U545CEU6Q, STM32U545JEY6QTR, STM32U545NEY6QTR, STM32U545REI6, STM32U545REI6Q, STM32U545RET6, STM32U545RET6Q, STM32U545VEI6, STM32U545VEI6Q, STM32U545VET6, STM32U545VET6Q, STM32U595AIH6, STM32U595AIH6Q, STM32U595AJH6, STM32U595AJH6Q, STM32U595QII6, STM32U595QII6Q, STM32U595QJI6, STM32U595QJI6Q, STM32U595RIT6, STM32U595RIT6Q, STM32U595RJT6, STM32U595RJT6Q, STM32U595VIT6, STM32U595VIT6Q, STM32U595VJT6, STM32U595VJT6Q, STM32U595ZIT6, STM32U595ZIT6Q, STM32U595ZIY6QTR, STM32U595ZJT6, STM32U595ZJT6Q, STM32U595ZJY6QTR, STM32U599BJY6QTR, STM32U599NIH6Q, STM32U599NJH6Q, STM32U599VIT6Q, STM32U599VJT6, STM32U599VJT6Q, STM32U599ZIT6Q, STM32U599ZIY6QTR, STM32U599ZJT6Q, STM32U599ZJY6QTR, STM32U5A5AJH6, STM32U5A5AJH6Q, STM32U5A5QII3Q , STM32U5A5QJI6, STM32U5A5QJI6Q, STM32U5A5RJT6, STM32U5A5RJT6Q, STM32U5A5VJT6, STM32U5A5VJT6Q, STM32U5A5ZJT6, STM32U5A5ZJT6Q, STM32U5A5ZJY6QTR, STM32U5A9BJY6QTR, STM32U5A9J-DK, STM32U5A9NJH6Q, STM32U5A9VJT6Q, STM32U5A9ZJT6Q, STM32U5A9ZJY6QTR, STM32U5F7VIT6, STM32U5F7VIT6Q, STM32U5F7VJT6, STM32U5F7VJT6Q, STM32U5F9BJY6QTR, STM32U5F9NJH6Q, STM32U5F9VIT6Q, STM32U5F9VJT6Q, STM32U5F9ZIJ6QTR, STM32U5F9ZIT6Q, STM32U5F9ZJJ6QTR, STM32U5F9ZJT6Q, STM32U5G7VJT6, STM32U5G7VJT6Q, STM32U5G9BJY6QTR, STM32U5G9J-DK1, STM32U5G9J-DK2, STM32U5G9NJH6Q, STM32U5G9VJT6Q, STM32U5G9ZJJ6QTR, STM32U5G9ZJT6Q, STM32WB1MMCH6, STM32WBA50KEU6, STM32WBA50KEU6TR, STM32WBA50KGU6, STM32WBA50KGU6TR, STM32WBA52CEU6, STM32WBA52CEU6TR, STM32WBA52CEU7, STM32WBA52CEU7TR, STM32WBA52CGU6, STM32WBA52CGU6TR, STM32WBA52CGU6U, STM32WBA52CGU7, STM32WBA52CGU7TR, STM32WBA52KEU6, STM32WBA52KEU6TR, STM32WBA52KGU6, STM32WBA52KGU6TR, STM32WBA54CEU6, STM32WBA54CEU6TR, STM32WBA54CEU7, STM32WBA54CEU7TR, STM32WBA54CGU6, STM32WBA54CGU6TR, STM32WBA54CGU7, STM32WBA54CGU7TR, STM32WBA54KEU6, STM32WBA54KEU6TR, STM32WBA54KEU7, STM32WBA54KEU7TR, STM32WBA54KGU6, STM32WBA54KGU6TR, STM32WBA54KGU7, STM32WBA54KGU7TR, STM32WBA55CEU6, STM32WBA55CEU6TR, STM32WBA55CEU7, STM32WBA55CEU7TR, STM32WBA55CGU6, STM32WBA55CGU6TR, STM32WBA55CGU6U, STM32WBA55CGU7, STM32WBA55CGU7TR, STM32WBA55G-DK1, STM32WBA55HEF6, STM32WBA55HEF7, STM32WBA55HGF6, STM32WBA55HGF7, STM32WBA55UEI6, STM32WBA55UEI6TR, STM32WBA55UEI7, STM32WBA55UEI7TR, STM32WBA55UGI6, STM32WBA55UGI6TR, STM32WBA55UGI7, STM32WBA55UGI7TR, STM32WL5MOCH6, STM32WL5MOCH6TR]
2024-07-26 10:48:50,823 [INFO] BoardInfo:889 - No configuration file found for board P-NUCLEO-WB55
2024-07-26 10:48:50,823 [INFO] DbBoards:161 - Kit is not supported: P-NUCLEO-WB55
2024-07-26 10:48:50,827 [INFO] BoardInfo:889 - No configuration file found for board STEVAL-BFA001V1B
2024-07-26 10:48:50,827 [INFO] DbBoards:161 - Kit is not supported: STEVAL-BFA001V1B
2024-07-26 10:48:50,828 [INFO] BoardInfo:889 - No configuration file found for board STEVAL-BFA001V2B
2024-07-26 10:48:50,829 [INFO] DbBoards:161 - Kit is not supported: STEVAL-BFA001V2B
2024-07-26 10:48:50,931 [INFO] DbBoards:168 - Found 199 boards, 196 are supported
2024-07-26 10:48:50,931 [INFO] DbBoards:169 - Found 199 boards, 8 of them is supported for  Bsp
2024-07-26 10:48:50,934 [INFO] ApiDb:668 - CubeFinder database Data Model version=2.1
2024-07-26 10:48:50,934 [INFO] ApiDb:669 - CubeFinder database Configuration version=3.0.39
2024-07-26 10:48:50,935 [INFO] ApiDb:670 - CubeFinder database generation date=2024-03-01 (1709305525)
2024-07-26 10:48:50,935 [INFO] ApiDb:671 - CubeFinder database FW Pack versions=[FP-ATR-ASTRA1_V2.0.0, FP-SNS-FLIGHT1_V5.0.1, FP-SNS-FLIGHT1_V5.0.2, FP-SNS-MOTENV1_V4.3.1, FP-SNS-MOTENV1_V4.3.2, FP-SNS-MOTENVWB1_V1.3.1, FP-SNS-SMARTAG2_V1.2.0, STM32Cube_FW_C0_V1.1.0, STM32Cube_FW_F4_V1.28.0, STM32Cube_FW_F7_V1.17.0, STM32Cube_FW_G0_V1.6.2, STM32Cube_FW_G4_V1.5.2, STM32Cube_FW_H5_V0.5.1, STM32Cube_FW_H5_V1.1.1, STM32Cube_FW_H5_V1.2.0, STM32Cube_FW_H5_V1.2.0RC4, STM32Cube_FW_H7RS_V1.0.0, STM32Cube_FW_H7RS_V1.0.0RC4, STM32Cube_FW_H7_V1.11.0, STM32Cube_FW_L0_V1.12.2, STM32Cube_FW_L5_V1.5.1, STM32Cube_FW_U0_V1.0.0, STM32Cube_FW_U0_V1.0.0RC1, STM32Cube_FW_U5_V1.3.0RC4, STM32Cube_FW_U5_V1.5.0, STM32Cube_FW_U5_V1.5.0RC1, STM32Cube_FW_WBA_V1.0.0RC1, STM32Cube_FW_WBA_V1.2.0, STM32Cube_FW_WBA_V1.2.0RC2, STM32Cube_FW_WBA_V1.3.0, STM32Cube_FW_WBA_V1.3.0RC1, STM32Cube_FW_WB_V1.15.0RC1, STM32Cube_FW_WB_V1.16.0, STM32Cube_FW_WB_V1.16.0RC2, STM32Cube_FW_WB_V1.18.0, STM32Cube_FW_WB_V1.19.0, STM32Cube_FW_WL_V1.3.0, X-CUBE-ALGOBUILD_V1.3.0, X-CUBE-ALS_V1.0.1, X-CUBE-AZRTOS-F4_V1.1.0, X-CUBE-AZRTOS-F7_V1.1.0, X-CUBE-AZRTOS-G0_V1.1.0, X-CUBE-AZRTOS-G4_V2.0.0, X-CUBE-AZRTOS-H7_V3.2.0, X-CUBE-AZRTOS-L4_V1.0.0, X-CUBE-AZRTOS-L4_V2.0.0, X-CUBE-AZRTOS-L5_V1.1.0, X-CUBE-AZRTOS-WB_V2.0.0, X-CUBE-AZRTOS-WL_V2.0.0, X-CUBE-BLE1_V7.0.0, X-CUBE-BLE2_V3.3.0, X-CUBE-BLEMGR_V3.1.0, X-CUBE-EEPRMA1_V4.1.0, X-CUBE-EEPRMA1_V5.1.0, X-CUBE-FREERTOS_V1.1.0, X-CUBE-GNSS1_V6.0.0, X-CUBE-MEMS1_V10.0.0, X-CUBE-MEMS1_V9.1.0, X-CUBE-MEMS1_V9.4.0, X-CUBE-MEMS1_V9.6.0, X-CUBE-NFC4_V3.0.0, X-CUBE-NFC7_V1.0.1, X-CUBE-SFXS2LP1_V4.0.0, X-CUBE-SUBG2_V5.0.0, X-CUBE-TOF1_V3.4.0]
2024-07-26 10:48:52,436 [INFO] ApiDb:240 - Found 483 in-development CPN: [B-G473E-ZEST1S, B-WB1M-WPAN1, B-WL5M-SUBG1, NUCLEO-C031C6, NUCLEO-H503RB, NUCLEO-H533RE, NUCLEO-H563ZI, NUCLEO-H7S3L8, NUCLEO-U031R8, NUCLEO-U083RC, NUCLEO-U545RE-Q, NUCLEO-U5A5ZJ-Q, NUCLEO-WBA52CG, NUCLEO-WBA55CG, STEVAL-PROTEUS1, STEVAL-SMARTAG2, STEVAL-STWINBX1, STM320518-EVAL, STM32C0116-DK, STM32C011D6Y3TR, STM32C011D6Y6TR, STM32C011F4P3, STM32C011F4P6, STM32C011F4U3, STM32C011F4U6TR, STM32C011F6P3, STM32C011F6P6, STM32C011F6U3, STM32C011F6U6TR, STM32C011J4M3, STM32C011J4M6, STM32C011J6M3, STM32C011J6M6, STM32C0316-DK, STM32C031C4T3, STM32C031C4T6, STM32C031C4U3, STM32C031C4U6, STM32C031C6T3, STM32C031C6T6, STM32C031C6U3, STM32C031C6U6, STM32C031F4P3, STM32C031F4P6, STM32C031F6P3, STM32C031F6P6, STM32C031G4U3, STM32C031G4U6, STM32C031G6U3, STM32C031G6U6, STM32C031K4T3, STM32C031K4T6, STM32C031K4U3, STM32C031K4U6, STM32C031K6T3, STM32C031K6T6, STM32C031K6U3, STM32C031K6U6, STM32G071K8TXN, STM32G071K8UXN, STM32G081GBU6N, STM32G081KBT6N, STM32G081KBUXN, STM32G0B1CCT6N, STM32G0B1KCT6, STM32G0B1NEY6TR, STM32G0B1RCT6N, STM32G0C1CCT6, STM32G0C1CCT6N, STM32G0C1CCU6N, STM32G0C1CET6N, STM32G0C1CEU6N, STM32G0C1KCT6, STM32G0C1NEY6TR, STM32G0C1RCI6N, STM32G0C1RCT6N, STM32G0C1REI6N, STM32G0C1RET6N, STM32G0C1VCI6, STM32G0C1VEI6, STM32G471CCT6, STM32G471CCU6, STM32G471CET3, STM32G471CET6, STM32G471CEU3, STM32G471CEU6, STM32G471MCT6, STM32G471MET3, STM32G471MET6, STM32G471MEY6TR, STM32G471QCT6, STM32G471QET3, STM32G471RCT6, STM32G471RET3, STM32G471RET6, STM32G471VCH6, STM32G471VCI6, STM32G471VCT6, STM32G471VEH3, STM32G471VEH6, STM32G471VEI3, STM32G471VEI6, STM32G471VET3, STM32G471VET6, STM32G474CCT6, STM32H503CBT6, STM32H503CBU6, STM32H503EBY6TR, STM32H503KBU6, STM32H503RBT6, STM32H523CCT6, STM32H523CCU6, STM32H523CET6, STM32H523CEU6, STM32H523HEY6TR, STM32H523RCT6, STM32H523RET6, STM32H523VCI6, STM32H523VCT6, STM32H523VEI6, STM32H523VET6, STM32H523ZCJ6, STM32H523ZCT6, STM32H523ZEJ6, STM32H523ZET6, STM32H533CET6, STM32H533CEU6, STM32H533HEY6TR, STM32H533RET6, STM32H533VEI6, STM32H533VET6, STM32H533ZEJ6, STM32H533ZET6, STM32H562AGI6, STM32H562AII6, STM32H562IGK6, STM32H562IGT6, STM32H562IIK6, STM32H562IIT6, STM32H562RGT6, STM32H562RGV6, STM32H562RIT6, STM32H562RIV6, STM32H562VGT6, STM32H562VIT6, STM32H562ZGT6, STM32H562ZIT6, STM32H563AGI6, STM32H563AII3Q, STM32H563AII6, STM32H563IGK6, STM32H563IGT6, STM32H563IIK3Q, STM32H563IIK6, STM32H563IIT3Q, STM32H563IIT6, STM32H563MIY3QTR, STM32H563RGT6, STM32H563RGV6, STM32H563RIT6, STM32H563RIV6, STM32H563VGT6, STM32H563VIT3Q, STM32H563VIT6, STM32H563ZGT6, STM32H563ZIT3Q, STM32H563ZIT6, STM32H573AII3Q, STM32H573AII6, STM32H573I-DK, STM32H573IIK3Q, STM32H573IIK6, STM32H573IIT3Q, STM32H573IIT6, STM32H573MIY3QTR, STM32H573RIT6, STM32H573RIV6, STM32H573VIT3Q, STM32H573VIT6, STM32H573ZIT3Q, STM32H573ZIT6, STM32H7R3A8I6, STM32H7R3I8K6, STM32H7R3I8T6, STM32H7R3L8H6, STM32H7R3L8H6H, STM32H7R3R8V6, STM32H7R3V8H6, STM32H7R3V8T6, STM32H7R3V8Y6, STM32H7R3Z8J6, STM32H7R3Z8T6, STM32H7R7A8I6, STM32H7R7I8K6, STM32H7R7I8T6, STM32H7R7L8H6, STM32H7R7L8H6H, STM32H7R7Z8J6, STM32H7S3A8I6, STM32H7S3I8K6, STM32H7S3I8T6, STM32H7S3L8H6, STM32H7S3L8H6H, STM32H7S3R8V6, STM32H7S3V8H6, STM32H7S3V8T6, STM32H7S3V8Y6, STM32H7S3Z8J6, STM32H7S3Z8T6, STM32H7S78-DK, STM32H7S7A8I6, STM32H7S7I8K6, STM32H7S7I8T6, STM32H7S7L8H6, STM32H7S7L8H6H, STM32H7S7Z8J6, STM32L4R5QGI6STR, STM32MP131AAE3, STM32MP131AAF3, STM32MP131AAG3, STM32MP131CAE3, STM32MP131CAF3, STM32MP131CAG3, STM32MP131DAE7, STM32MP131DAF7, STM32MP131DAG7, STM32MP131FAE7, STM32MP131FAF7, STM32MP131FAG7, STM32MP133AAE3, STM32MP133AAF3, STM32MP133AAG3, STM32MP133CAE3, STM32MP133CAF3, STM32MP133CAG3, STM32MP133DAE7, STM32MP133DAF7, STM32MP133DAG7, STM32MP133FAE7, STM32MP133FAF7, STM32MP133FAG7, STM32MP135AAE3, STM32MP135AAF3, STM32MP135AAG3, STM32MP135CAE3, STM32MP135CAF3, STM32MP135CAG3, STM32MP135DAE7, STM32MP135DAF7, STM32MP135DAG7, STM32MP135F-DK, STM32MP135FAE7, STM32MP135FAF7, STM32MP135FAF7T, STM32MP135FAF7U, STM32MP135FAG7, STM32U031C6T6, STM32U031C6U6, STM32U031C8T6, STM32U031C8U6, STM32U031F4P6, STM32U031F6P6, STM32U031F8P6, STM32U031G6Y6TR, STM32U031G8Y6TR, STM32U031K4U6, STM32U031K6U6, STM32U031K8U6, STM32U031R6I6, STM32U031R6T6, STM32U031R8I6, STM32U031R8T6, STM32U073C8T6, STM32U073C8U6, STM32U073CBT6, STM32U073CBU6, STM32U073CCT6, STM32U073CCU6, STM32U073H8Y6TR, STM32U073HBY6TR, STM32U073HCY6TR, STM32U073K8U6, STM32U073KBU6, STM32U073KCU6, STM32U073M8I6, STM32U073M8T6, STM32U073MBI6, STM32U073MBT6, STM32U073MCI6, STM32U073MCT6, STM32U073R8I6, STM32U073R8T6, STM32U073RBI6, STM32U073RBT6, STM32U073RCI6, STM32U073RCT6, STM32U083C-DK, STM32U083CCT6, STM32U083CCU6, STM32U083HCY6TR, STM32U083KCU6, STM32U083MCI6, STM32U083MCT6, STM32U083RCI6, STM32U083RCT6, STM32U535CBT6, STM32U535CBT6Q, STM32U535CBU6, STM32U535CBU6Q, STM32U535CCT6, STM32U535CCT6Q, STM32U535CCU6, STM32U535CCU6Q, STM32U535CET6, STM32U535CET6Q, STM32U535CEU6, STM32U535CEU6Q, STM32U535JEY6QTR, STM32U535NCY6QTR, STM32U535NEY6QTR, STM32U535RBI6, STM32U535RBI6Q, STM32U535RBT6, STM32U535RBT6Q, STM32U535RCI6, STM32U535RCI6Q, STM32U535RCT6, STM32U535RCT6Q, STM32U535REI6, STM32U535REI6Q, STM32U535RET6, STM32U535RET6Q, STM32U535VCI6, STM32U535VCI6Q, STM32U535VCT6, STM32U535VCT6Q, STM32U535VEI6, STM32U535VEI6Q, STM32U535VET6, STM32U535VET6Q, STM32U545CET6, STM32U545CET6Q, STM32U545CEU6, STM32U545CEU6Q, STM32U545JEY6QTR, STM32U545NEY6QTR, STM32U545REI6, STM32U545REI6Q, STM32U545RET6, STM32U545RET6Q, STM32U545VEI6, STM32U545VEI6Q, STM32U545VET6, STM32U545VET6Q, STM32U595AIH6, STM32U595AIH6Q, STM32U595AJH6, STM32U595AJH6Q, STM32U595QII6, STM32U595QII6Q, STM32U595QJI6, STM32U595QJI6Q, STM32U595RIT6, STM32U595RIT6Q, STM32U595RJT6, STM32U595RJT6Q, STM32U595VIT6, STM32U595VIT6Q, STM32U595VJT6, STM32U595VJT6Q, STM32U595ZIT6, STM32U595ZIT6Q, STM32U595ZIY6QTR, STM32U595ZJT6, STM32U595ZJT6Q, STM32U595ZJY6QTR, STM32U599BJY6QTR, STM32U599NIH6Q, STM32U599NJH6Q, STM32U599VIT6Q, STM32U599VJT6, STM32U599VJT6Q, STM32U599ZIT6Q, STM32U599ZIY6QTR, STM32U599ZJT6Q, STM32U599ZJY6QTR, STM32U5A5AJH6, STM32U5A5AJH6Q, STM32U5A5QII3Q , STM32U5A5QJI6, STM32U5A5QJI6Q, STM32U5A5RJT6, STM32U5A5RJT6Q, STM32U5A5VJT6, STM32U5A5VJT6Q, STM32U5A5ZJT6, STM32U5A5ZJT6Q, STM32U5A5ZJY6QTR, STM32U5A9BJY6QTR, STM32U5A9J-DK, STM32U5A9NJH6Q, STM32U5A9VJT6Q, STM32U5A9ZJT6Q, STM32U5A9ZJY6QTR, STM32U5F7VIT6, STM32U5F7VIT6Q, STM32U5F7VJT6, STM32U5F7VJT6Q, STM32U5F9BJY6QTR, STM32U5F9NJH6Q, STM32U5F9VIT6Q, STM32U5F9VJT6Q, STM32U5F9ZIJ6QTR, STM32U5F9ZIT6Q, STM32U5F9ZJJ6QTR, STM32U5F9ZJT6Q, STM32U5G7VJT6, STM32U5G7VJT6Q, STM32U5G9BJY6QTR, STM32U5G9J-DK1, STM32U5G9J-DK2, STM32U5G9NJH6Q, STM32U5G9VJT6Q, STM32U5G9ZJJ6QTR, STM32U5G9ZJT6Q, STM32WB1MMCH6, STM32WBA50KEU6, STM32WBA50KEU6TR, STM32WBA50KGU6, STM32WBA50KGU6TR, STM32WBA52CEU6, STM32WBA52CEU6TR, STM32WBA52CEU7, STM32WBA52CEU7TR, STM32WBA52CGU6, STM32WBA52CGU6TR, STM32WBA52CGU6U, STM32WBA52CGU7, STM32WBA52CGU7TR, STM32WBA52KEU6, STM32WBA52KEU6TR, STM32WBA52KGU6, STM32WBA52KGU6TR, STM32WBA54CEU6, STM32WBA54CEU6TR, STM32WBA54CEU7, STM32WBA54CEU7TR, STM32WBA54CGU6, STM32WBA54CGU6TR, STM32WBA54CGU7, STM32WBA54CGU7TR, STM32WBA54KEU6, STM32WBA54KEU6TR, STM32WBA54KEU7, STM32WBA54KEU7TR, STM32WBA54KGU6, STM32WBA54KGU6TR, STM32WBA54KGU7, STM32WBA54KGU7TR, STM32WBA55CEU6, STM32WBA55CEU6TR, STM32WBA55CEU7, STM32WBA55CEU7TR, STM32WBA55CGU6, STM32WBA55CGU6TR, STM32WBA55CGU6U, STM32WBA55CGU7, STM32WBA55CGU7TR, STM32WBA55G-DK1, STM32WBA55HEF6, STM32WBA55HEF7, STM32WBA55HGF6, STM32WBA55HGF7, STM32WBA55UEI6, STM32WBA55UEI6TR, STM32WBA55UEI7, STM32WBA55UEI7TR, STM32WBA55UGI6, STM32WBA55UGI6TR, STM32WBA55UGI7, STM32WBA55UGI7TR, STM32WL5MOCH6, STM32WL5MOCH6TR]
2024-07-26 10:48:52,441 [INFO] DbMcus:218 - Found 4091 MCUs, 4091 are supported
2024-07-26 10:48:52,442 [INFO] ApiDb:423 - Load user favorites file C:\Users\andre/.stm32cubeide/favorites.mcus.txt: 0 item(s)
2024-07-26 10:48:52,442 [INFO] ApiDb:427 - User favorites MCUs=[]
2024-07-26 10:48:52,442 [INFO] DbMcus:224 - Set 0 / 0 favorites MCUs
2024-07-26 10:48:52,763 [INFO] ApiDb:423 - Load user favorites file C:\Users\andre/.stm32cubeide/favorites.boards.txt: 1 item(s)
2024-07-26 10:48:52,763 [INFO] ApiDb:427 - User favorites Boards=[NUCLEO-H723ZG]
2024-07-26 10:48:52,764 [INFO] DbBoards:198 - Set 1 / 1 favorites Boards
2024-07-26 10:48:52,841 [INFO] UtilMem:75 - End LoadConfig() Used Memory: 232651752 Bytes (525336576)
2024-07-26 10:48:52,982 [WARN] ThirdParty:833 - waiting for thirdparty lock release [change project]
2024-07-26 10:48:52,982 [INFO] ThirdParty:835 - entering critical section [change project]
2024-07-26 10:48:52,983 [INFO] ThirdParty:1030 - CMSIS Pack Vendor :STMicroelectronics USBPD 4.1
2024-07-26 10:48:52,983 [INFO] ThirdParty:1030 - CMSIS Pack Vendor :STMicroelectronics X-CUBE-GNSS1 6.0.0
2024-07-26 10:48:52,983 [INFO] ThirdParty:1030 - CMSIS Pack Vendor :STMicroelectronics USB_HOST 2.0.0
2024-07-26 10:48:52,983 [INFO] ThirdParty:1030 - CMSIS Pack Vendor :STMicroelectronics FP-SNS-MOTENVWB1 1.4.0
2024-07-26 10:48:52,983 [INFO] ThirdParty:1030 - CMSIS Pack Vendor :STMicroelectronics X-CUBE-AZRTOS-F4 1.1.0
2024-07-26 10:48:52,983 [INFO] ThirdParty:1030 - CMSIS Pack Vendor :STMicroelectronics LIBJPEG 8.0.0
2024-07-26 10:48:52,983 [INFO] ThirdParty:1030 - CMSIS Pack Vendor :STMicroelectronics X-CUBE-SMBUS 2.1.0
2024-07-26 10:48:52,983 [INFO] ThirdParty:1030 - CMSIS Pack Vendor :STMicroelectronics USB_DEVICE 3.0.0
2024-07-26 10:48:52,983 [INFO] ThirdParty:1030 - CMSIS Pack Vendor :STMicroelectronics X-CUBE-TCPP 4.1.0
2024-07-26 10:48:52,983 [INFO] ThirdParty:1030 - CMSIS Pack Vendor :STMicroelectronics X-CUBE-FREERTOS 1.2.0
2024-07-26 10:48:52,983 [INFO] ThirdParty:1030 - CMSIS Pack Vendor :STMicroelectronics X-CUBE-AZRTOS-WB 2.0.0
2024-07-26 10:48:52,983 [INFO] ThirdParty:1030 - CMSIS Pack Vendor :wolfSSL I-CUBE-wolfSSL 5.6.6
2024-07-26 10:48:52,983 [INFO] ThirdParty:1030 - CMSIS Pack Vendor :STMicroelectronics X-CUBE-TOUCHGFX 4.23.1
2024-07-26 10:48:52,983 [INFO] ThirdParty:1030 - CMSIS Pack Vendor :STMicroelectronics X-CUBE-TOUCHGFX 4.23.0
2024-07-26 10:48:52,983 [INFO] ThirdParty:1030 - CMSIS Pack Vendor :STMicroelectronics X-CUBE-TOUCHGFX 4.23.2
2024-07-26 10:48:52,983 [INFO] ThirdParty:1030 - CMSIS Pack Vendor :STMicroelectronics X-CUBE-AZRTOS-F7 1.1.0
2024-07-26 10:48:52,983 [INFO] ThirdParty:1030 - CMSIS Pack Vendor :STMicroelectronics X-CUBE-AZRTOS-L5 2.0.0
2024-07-26 10:48:52,984 [INFO] ThirdParty:1030 - CMSIS Pack Vendor :STMicroelectronics USB_DEVICE 2.0.0
2024-07-26 10:48:52,984 [INFO] ThirdParty:1030 - CMSIS Pack Vendor :STMicroelectronics X-CUBE-NFC6 3.1.0
2024-07-26 10:48:52,984 [INFO] ThirdParty:1030 - CMSIS Pack Vendor :ITTIA_DB I-CUBE-ITTIADB 8.8.0
2024-07-26 10:48:52,984 [INFO] ThirdParty:1030 - CMSIS Pack Vendor :STMicroelectronics FP-SNS-STBOX1 2.0.0
2024-07-26 10:48:52,984 [INFO] ThirdParty:1030 - CMSIS Pack Vendor :STMicroelectronics FP-SNS-MOTENV1 4.3.2
2024-07-26 10:48:52,984 [INFO] ThirdParty:1030 - CMSIS Pack Vendor :STMicroelectronics X-CUBE-ALGOBUILD 1.3.0
2024-07-26 10:48:52,984 [INFO] ThirdParty:1030 - CMSIS Pack Vendor :STMicroelectronics FreeRTOS 0.0.1
2024-07-26 10:48:52,984 [INFO] ThirdParty:1030 - CMSIS Pack Vendor :STMicroelectronics X-CUBE-AZRTOS-G0 1.1.0
2024-07-26 10:48:52,984 [INFO] ThirdParty:1030 - CMSIS Pack Vendor :STMicroelectronics X-CUBE-SAFEA1 1.2.2
2024-07-26 10:48:52,984 [INFO] ThirdParty:1030 - CMSIS Pack Vendor :STMicroelectronics X-CUBE-NFC4 3.0.0
2024-07-26 10:48:52,984 [INFO] ThirdParty:1030 - CMSIS Pack Vendor :STMicroelectronics X-CUBE-DPower 1.2.0
2024-07-26 10:48:52,984 [INFO] ThirdParty:1030 - CMSIS Pack Vendor :STMicroelectronics X-CUBE-SUBG2 5.0.0
2024-07-26 10:48:52,984 [INFO] ThirdParty:1030 - CMSIS Pack Vendor :STMicroelectronics STM32_WPAN 1.0.0
2024-07-26 10:48:52,984 [INFO] ThirdParty:1030 - CMSIS Pack Vendor :wolfSSL I-CUBE-wolfMQTT 1.18.0
2024-07-26 10:48:52,984 [INFO] ThirdParty:1030 - CMSIS Pack Vendor :EmbeddedOffice I-CUBE-FS-RTOS 1.0.1
2024-07-26 10:48:52,984 [INFO] ThirdParty:1030 - CMSIS Pack Vendor :STMicroelectronics lwIP 2.0.3
2024-07-26 10:48:52,984 [INFO] ThirdParty:1030 - CMSIS Pack Vendor :STMicroelectronics FP-SNS-FLIGHT1 5.0.2
2024-07-26 10:48:52,984 [INFO] ThirdParty:1030 - CMSIS Pack Vendor :STMicroelectronics USB_HOST 1.0.0
2024-07-26 10:48:52,984 [INFO] ThirdParty:1030 - CMSIS Pack Vendor :STMicroelectronics X-CUBE-AI 9.0.0
2024-07-26 10:48:52,984 [INFO] ThirdParty:1030 - CMSIS Pack Vendor :STMicroelectronics X-CUBE-AZRTOS-G4 2.0.0
2024-07-26 10:48:52,984 [INFO] ThirdParty:1030 - CMSIS Pack Vendor :STMicroelectronics PDM2PCM 3.1.0
2024-07-26 10:48:52,984 [INFO] ThirdParty:1030 - CMSIS Pack Vendor :Infineon AIROC-Wi-Fi-Bluetooth-STM32 1.5.1
2024-07-26 10:48:52,984 [INFO] ThirdParty:1030 - CMSIS Pack Vendor :STMicroelectronics PDM2PCM 3.3.0
2024-07-26 10:48:52,984 [INFO] ThirdParty:1030 - CMSIS Pack Vendor :STMicroelectronics X-CUBE-DISPLAY 3.0.0
2024-07-26 10:48:52,984 [INFO] ThirdParty:1030 - CMSIS Pack Vendor :RealThread X-CUBE-RT-Thread_Nano 4.1.1
2024-07-26 10:48:52,984 [INFO] ThirdParty:1030 - CMSIS Pack Vendor :STMicroelectronics FP-SNS-MOTENVWB1 1.3.1
2024-07-26 10:48:52,984 [INFO] ThirdParty:1030 - CMSIS Pack Vendor :STMicroelectronics X-CUBE-BLE1 7.0.0
2024-07-26 10:48:52,984 [INFO] ThirdParty:1030 - CMSIS Pack Vendor :STMicroelectronics FP-ATR-SIGFOX1 3.2.0
2024-07-26 10:48:52,984 [INFO] ThirdParty:1030 - CMSIS Pack Vendor :STMicroelectronics X-CUBE-ISPU 2.0.0
2024-07-26 10:48:52,984 [INFO] ThirdParty:1030 - CMSIS Pack Vendor :STMicroelectronics X-CUBE-EEPRMA1 5.1.0
2024-07-26 10:48:52,985 [INFO] ThirdParty:1030 - CMSIS Pack Vendor :STMicroelectronics HAL Drivers 0.0.0
2024-07-26 10:48:52,985 [INFO] ThirdParty:1030 - CMSIS Pack Vendor :STMicroelectronics MBEDTLS 2.16.2
2024-07-26 10:48:52,985 [INFO] ThirdParty:1030 - CMSIS Pack Vendor :STMicroelectronics X-CUBE-ALS 1.0.2
2024-07-26 10:48:52,985 [INFO] ThirdParty:1030 - CMSIS Pack Vendor :emotas I-CUBE-CANOPEN 1.3.0
2024-07-26 10:48:52,985 [INFO] ThirdParty:1030 - CMSIS Pack Vendor :STMicroelectronics X-CUBE-MEMS1 10.0.0
2024-07-26 10:48:52,985 [INFO] ThirdParty:1030 - CMSIS Pack Vendor :STMicroelectronics X-CUBE-FREERTOS 1.1.0
2024-07-26 10:48:52,985 [INFO] ThirdParty:1030 - CMSIS Pack Vendor :STMicroelectronics X-CUBE-NFC7 1.0.1
2024-07-26 10:48:52,985 [INFO] ThirdParty:1030 - CMSIS Pack Vendor :STMicroelectronics MBEDTLS 2.14.1
2024-07-26 10:48:52,985 [INFO] ThirdParty:1030 - CMSIS Pack Vendor :STMicroelectronics X-CUBE-TOUCHGFX 4.24.0
2024-07-26 10:48:52,985 [INFO] ThirdParty:1030 - CMSIS Pack Vendor :wolfSSL I-CUBE-wolfTPM 3.2.0
2024-07-26 10:48:52,985 [INFO] ThirdParty:1030 - CMSIS Pack Vendor :STMicroelectronics X-CUBE-NFC6 3.0.0
2024-07-26 10:48:52,985 [INFO] ThirdParty:1030 - CMSIS Pack Vendor :portGmbH I-Cube-SoM-uGOAL 1.1.0
2024-07-26 10:48:52,985 [INFO] ThirdParty:1030 - CMSIS Pack Vendor :STMicroelectronics X-CUBE-ALS 1.0.1
2024-07-26 10:48:52,985 [INFO] ThirdParty:1030 - CMSIS Pack Vendor :STMicroelectronics X-CUBE-BLEMGR 3.1.0
2024-07-26 10:48:52,985 [INFO] ThirdParty:1030 - CMSIS Pack Vendor :STMicroelectronics ThreadX 1.0.0
2024-07-26 10:48:52,985 [INFO] ThirdParty:1030 - CMSIS Pack Vendor :STMicroelectronics FP-SNS-SMARTAG2 1.2.0
2024-07-26 10:48:52,985 [INFO] ThirdParty:1030 - CMSIS Pack Vendor :STMicroelectronics X-CUBE-AZRTOS-WL 2.0.0
2024-07-26 10:48:52,985 [INFO] ThirdParty:1030 - CMSIS Pack Vendor :SEGGER I-CUBE-embOS 1.3.1
2024-07-26 10:48:52,985 [INFO] ThirdParty:1030 - CMSIS Pack Vendor :STMicroelectronics X-CUBE-ALGOBUILD 1.4.0
2024-07-26 10:48:52,985 [INFO] ThirdParty:1030 - CMSIS Pack Vendor :STMicroelectronics FP-SNS-MOTENV1 5.0.0
2024-07-26 10:48:52,985 [INFO] ThirdParty:1030 - CMSIS Pack Vendor :STMicroelectronics USB_DEVICE 1.0.0
2024-07-26 10:48:52,985 [INFO] ThirdParty:1030 - CMSIS Pack Vendor :STMicroelectronics X-CUBE-AI 8.1.0
2024-07-26 10:48:52,985 [INFO] ThirdParty:1030 - CMSIS Pack Vendor :STMicroelectronics X-CUBE-AZRTOS-H7RS 1.0.0
2024-07-26 10:48:52,985 [INFO] ThirdParty:1030 - CMSIS Pack Vendor :wolfSSL I-CUBE-wolfMQTT 1.19.0
2024-07-26 10:48:52,985 [INFO] ThirdParty:1030 - CMSIS Pack Vendor :STMicroelectronics X-CUBE-AZRTOS-L4 2.0.0
2024-07-26 10:48:52,985 [INFO] ThirdParty:1030 - CMSIS Pack Vendor :STMicroelectronics ThreadX 0.0.2
2024-07-26 10:48:52,985 [INFO] ThirdParty:1030 - CMSIS Pack Vendor :WES I-CUBE-Cesium 1.3.0
2024-07-26 10:48:52,985 [INFO] ThirdParty:1030 - CMSIS Pack Vendor :STMicroelectronics FP-ATR-ASTRA1 2.0.0
2024-07-26 10:48:52,985 [INFO] ThirdParty:1030 - CMSIS Pack Vendor :STMicroelectronics lwIP 2.1.2
2024-07-26 10:48:52,985 [INFO] ThirdParty:1030 - CMSIS Pack Vendor :STMicroelectronics X-CUBE-SFXS2LP1 4.0.0
2024-07-26 10:48:52,986 [INFO] ThirdParty:1030 - CMSIS Pack Vendor :STMicroelectronics X-CUBE-BLE2 3.3.0
2024-07-26 10:48:52,986 [INFO] ThirdParty:1030 - CMSIS Pack Vendor :STMicroelectronics X-CUBE-TOF1 3.4.1
2024-07-26 10:48:52,986 [INFO] ThirdParty:1030 - CMSIS Pack Vendor :STMicroelectronics X-CUBE-AZRTOS-H7 3.2.0
2024-07-26 10:48:52,986 [INFO] ThirdParty:1030 - CMSIS Pack Vendor :STMicroelectronics PDM2PCM 3.2.0
2024-07-26 10:48:52,986 [INFO] ThirdParty:1030 - CMSIS Pack Vendor :wolfSSL I-CUBE-wolfSSH 1.4.17
2024-07-26 10:48:52,986 [INFO] ThirdParty:841 - exiting critical section [change project]
2024-07-26 10:48:53,996 [INFO] PinOutPanel:1561 - setPackage(No Configuration,No Configuration)
2024-07-26 10:48:53,998 [INFO] PinOutPanel:1561 - setPackage(STM32H723ZGTx,LQFP144)
2024-07-26 10:48:55,022 [INFO] UtilMem:75 - Before build in PCC Used Memory: 251072272 Bytes (525336576)
2024-07-26 10:48:57,217 [INFO] UtilMem:75 - After build in PCC Used Memory: 338011552 Bytes (695205888)
2024-07-26 10:48:57,334 [INFO] ApiDbMcu:508 - Load IP Config File for FATFS
2024-07-26 10:48:57,375 [INFO] ApiDbMcu:508 - Load IP Config File for USB_DEVICE
2024-07-26 10:48:57,430 [INFO] IPUIPlugin:80 - create IPUIPlugin
2024-07-26 10:48:57,430 [INFO] IPUIPlugin:80 - create IPUIPlugin
2024-07-26 10:48:57,430 [INFO] IPUIPlugin:80 - create IPUIPlugin
2024-07-26 10:48:57,430 [INFO] IPUIPlugin:80 - create IPUIPlugin
2024-07-26 10:48:57,430 [INFO] IPUIPlugin:80 - create IPUIPlugin
2024-07-26 10:48:57,430 [INFO] IPUIPlugin:80 - create IPUIPlugin
2024-07-26 10:48:57,430 [INFO] IPUIPlugin:80 - create IPUIPlugin
2024-07-26 10:48:57,431 [INFO] IPUIPlugin:80 - create IPUIPlugin
2024-07-26 10:48:57,431 [INFO] IPUIPlugin:80 - create IPUIPlugin
2024-07-26 10:48:57,431 [INFO] IPUIPlugin:80 - create IPUIPlugin
2024-07-26 10:48:57,431 [INFO] IPUIPlugin:80 - create IPUIPlugin
2024-07-26 10:48:57,431 [INFO] IPUIPlugin:80 - create IPUIPlugin
2024-07-26 10:48:57,431 [INFO] IPUIPlugin:80 - create IPUIPlugin
2024-07-26 10:48:57,431 [INFO] IPUIPlugin:80 - create IPUIPlugin
2024-07-26 10:48:57,432 [INFO] IPUIPlugin:80 - create IPUIPlugin
2024-07-26 10:48:57,432 [INFO] IPUIPlugin:80 - create IPUIPlugin
2024-07-26 10:48:57,432 [INFO] IPUIPlugin:80 - create IPUIPlugin
2024-07-26 10:48:57,432 [INFO] IPUIPlugin:80 - create IPUIPlugin
2024-07-26 10:48:57,432 [INFO] IPUIPlugin:80 - create IPUIPlugin
2024-07-26 10:48:57,432 [INFO] IPUIPlugin:80 - create IPUIPlugin
2024-07-26 10:48:57,432 [INFO] IPUIPlugin:80 - create IPUIPlugin
2024-07-26 10:48:57,432 [INFO] IPUIPlugin:80 - create IPUIPlugin
2024-07-26 10:48:57,433 [INFO] IPUIPlugin:80 - create IPUIPlugin
2024-07-26 10:48:57,433 [INFO] IPUIPlugin:80 - create IPUIPlugin
2024-07-26 10:48:57,433 [INFO] IPUIPlugin:80 - create IPUIPlugin
2024-07-26 10:48:57,433 [INFO] IPUIPlugin:80 - create IPUIPlugin
2024-07-26 10:48:57,433 [INFO] IPUIPlugin:80 - create IPUIPlugin
2024-07-26 10:48:57,433 [INFO] IPUIPlugin:80 - create IPUIPlugin
2024-07-26 10:48:57,433 [INFO] IPUIPlugin:80 - create IPUIPlugin
2024-07-26 10:48:57,434 [INFO] IPUIPlugin:80 - create IPUIPlugin
2024-07-26 10:48:57,434 [INFO] IPUIPlugin:80 - create IPUIPlugin
2024-07-26 10:48:57,434 [INFO] IPUIPlugin:80 - create IPUIPlugin
2024-07-26 10:48:57,434 [INFO] IPUIPlugin:80 - create IPUIPlugin
2024-07-26 10:48:57,434 [INFO] IPUIPlugin:80 - create IPUIPlugin
2024-07-26 10:48:57,434 [INFO] IPUIPlugin:80 - create IPUIPlugin
2024-07-26 10:48:57,434 [INFO] IPUIPlugin:80 - create IPUIPlugin
2024-07-26 10:48:57,435 [INFO] IPUIPlugin:80 - create IPUIPlugin
2024-07-26 10:48:57,435 [INFO] IPUIPlugin:80 - create IPUIPlugin
2024-07-26 10:48:57,435 [INFO] IPUIPlugin:80 - create IPUIPlugin
2024-07-26 10:48:57,436 [INFO] IPUIPlugin:80 - create IPUIPlugin
2024-07-26 10:48:57,437 [INFO] IPUIPlugin:80 - create IPUIPlugin
2024-07-26 10:48:57,437 [INFO] IPUIPlugin:80 - create IPUIPlugin
2024-07-26 10:48:57,437 [INFO] IPUIPlugin:80 - create IPUIPlugin
2024-07-26 10:48:57,438 [INFO] IPUIPlugin:80 - create IPUIPlugin
2024-07-26 10:48:57,438 [INFO] IPUIPlugin:80 - create IPUIPlugin
2024-07-26 10:48:57,439 [INFO] IPUIPlugin:80 - create IPUIPlugin
2024-07-26 10:48:57,439 [INFO] IPUIPlugin:80 - create IPUIPlugin
2024-07-26 10:48:57,439 [INFO] IPUIPlugin:80 - create IPUIPlugin
2024-07-26 10:48:57,440 [INFO] IPUIPlugin:80 - create IPUIPlugin
2024-07-26 10:48:57,440 [INFO] IPUIPlugin:80 - create IPUIPlugin
2024-07-26 10:48:57,440 [INFO] IPUIPlugin:80 - create IPUIPlugin
2024-07-26 10:48:57,440 [INFO] IPUIPlugin:80 - create IPUIPlugin
2024-07-26 10:48:57,441 [INFO] IPUIPlugin:80 - create IPUIPlugin
2024-07-26 10:48:57,442 [INFO] IPUIPlugin:80 - create IPUIPlugin
2024-07-26 10:48:57,442 [INFO] IPUIPlugin:80 - create IPUIPlugin
2024-07-26 10:48:57,442 [INFO] IPUIPlugin:80 - create IPUIPlugin
2024-07-26 10:48:57,442 [INFO] IPUIPlugin:80 - create IPUIPlugin
2024-07-26 10:48:57,442 [INFO] IPUIPlugin:80 - create IPUIPlugin
2024-07-26 10:48:57,443 [INFO] IPUIPlugin:80 - create IPUIPlugin
2024-07-26 10:48:57,443 [INFO] IPUIPlugin:80 - create IPUIPlugin
2024-07-26 10:48:57,444 [INFO] IPUIPlugin:80 - create IPUIPlugin
2024-07-26 10:48:57,445 [INFO] IPUIPlugin:80 - create IPUIPlugin
2024-07-26 10:48:57,446 [INFO] IPUIPlugin:80 - create IPUIPlugin
2024-07-26 10:48:57,446 [INFO] IPUIPlugin:80 - create IPUIPlugin
2024-07-26 10:48:57,447 [INFO] IPUIPlugin:80 - create IPUIPlugin
2024-07-26 10:48:57,447 [INFO] IPUIPlugin:80 - create IPUIPlugin
2024-07-26 10:48:57,447 [INFO] IPUIPlugin:80 - create IPUIPlugin
2024-07-26 10:48:57,448 [INFO] IPUIPlugin:80 - create IPUIPlugin
2024-07-26 10:48:57,448 [INFO] IPUIPlugin:80 - create IPUIPlugin
2024-07-26 10:48:57,449 [INFO] IPUIPlugin:80 - create IPUIPlugin
2024-07-26 10:48:57,449 [INFO] IPUIPlugin:80 - create IPUIPlugin
2024-07-26 10:48:57,449 [INFO] IPUIPlugin:80 - create IPUIPlugin
2024-07-26 10:48:57,450 [INFO] IPUIPlugin:80 - create IPUIPlugin
2024-07-26 10:48:57,450 [INFO] IPUIPlugin:80 - create IPUIPlugin
2024-07-26 10:48:57,452 [INFO] IPUIPlugin:80 - create IPUIPlugin
2024-07-26 10:48:57,452 [INFO] IPUIPlugin:80 - create IPUIPlugin
2024-07-26 10:48:57,453 [INFO] IPUIPlugin:80 - create IPUIPlugin
2024-07-26 10:48:57,453 [INFO] IPUIPlugin:80 - create IPUIPlugin
2024-07-26 10:48:57,453 [INFO] IPUIPlugin:80 - create IPUIPlugin
2024-07-26 10:48:57,454 [INFO] IPUIPlugin:80 - create IPUIPlugin
2024-07-26 10:48:57,454 [INFO] IPUIPlugin:80 - create IPUIPlugin
2024-07-26 10:48:57,454 [INFO] IPUIPlugin:80 - create IPUIPlugin
2024-07-26 10:48:57,455 [INFO] IPUIPlugin:80 - create IPUIPlugin
2024-07-26 10:48:57,455 [INFO] IPUIPlugin:80 - create IPUIPlugin
2024-07-26 10:48:57,456 [INFO] IPUIPlugin:80 - create IPUIPlugin
2024-07-26 10:48:57,456 [INFO] IPUIPlugin:80 - create IPUIPlugin
2024-07-26 10:48:57,456 [INFO] IPUIPlugin:80 - create IPUIPlugin
2024-07-26 10:48:57,457 [INFO] IPUIPlugin:80 - create IPUIPlugin
2024-07-26 10:48:57,457 [INFO] IPUIPlugin:80 - create IPUIPlugin
2024-07-26 10:48:57,458 [INFO] IPUIPlugin:80 - create IPUIPlugin
2024-07-26 10:48:57,459 [INFO] IPUIPlugin:80 - create IPUIPlugin
2024-07-26 10:48:57,459 [INFO] IPUIPlugin:80 - create IPUIPlugin
2024-07-26 10:48:57,460 [INFO] IPUIPlugin:80 - create IPUIPlugin
2024-07-26 10:48:57,460 [INFO] IPUIPlugin:80 - create IPUIPlugin
2024-07-26 10:48:57,461 [INFO] IPUIPlugin:80 - create IPUIPlugin
2024-07-26 10:48:57,461 [INFO] IPUIPlugin:80 - create IPUIPlugin
2024-07-26 10:48:57,462 [INFO] IPUIPlugin:80 - create IPUIPlugin
2024-07-26 10:48:57,463 [INFO] IPUIPlugin:80 - create IPUIPlugin
2024-07-26 10:48:57,464 [INFO] IPUIPlugin:80 - create IPUIPlugin
2024-07-26 10:48:57,464 [INFO] IPUIPlugin:80 - create IPUIPlugin
2024-07-26 10:48:57,465 [INFO] IPUIPlugin:80 - create IPUIPlugin
2024-07-26 10:48:57,465 [INFO] IPUIPlugin:80 - create IPUIPlugin
2024-07-26 10:48:57,466 [INFO] IPUIPlugin:80 - create IPUIPlugin
2024-07-26 10:48:57,467 [INFO] IPUIPlugin:80 - create IPUIPlugin
2024-07-26 10:48:57,468 [INFO] IPUIPlugin:80 - create IPUIPlugin
2024-07-26 10:48:57,497 [INFO] ApiDbMcu:508 - Load IP Config File for PDM2PCM
2024-07-26 10:48:57,795 [INFO] CADModel:165 - CPN selected for project levelSTM32H723ZGT6
2024-07-26 10:48:57,795 [INFO] CADModel:114 - Register for checkConnection events
2024-07-26 10:48:57,860 [INFO] OpenFileManager:343 - Restore cursor
2024-07-26 10:48:58,283 [WARN] IP:2120 - DEVICE_SERIAL0_CDC_HS not found: check if there is a RefParameter without a condition.
2024-07-26 10:48:58,283 [WARN] IP:2120 - DEVICE_SERIAL1_CDC_HS not found: check if there is a RefParameter without a condition.
2024-07-26 10:48:58,283 [WARN] IP:2120 - DEVICE_SERIAL2_CDC_HS not found: check if there is a RefParameter without a condition.
2024-07-26 10:48:58,284 [WARN] IP:2120 - DEVICE_SERIAL0_CDC_HS not found: check if there is a RefParameter without a condition.
2024-07-26 10:48:58,284 [WARN] IP:2120 - DEVICE_SERIAL1_CDC_HS not found: check if there is a RefParameter without a condition.
2024-07-26 10:48:58,285 [WARN] IP:2120 - DEVICE_SERIAL2_CDC_HS not found: check if there is a RefParameter without a condition.
2024-07-26 15:50:34,057 [INFO] NvicIntPanel:101 - NVIC parent = com.st.microxplorer.plugins.ip.nvic.MultiNvicIntPanel[,0,0,0x0,invalid,layout=javax.swing.BoxLayout,alignmentX=0.0,alignmentY=0.0,border=,flags=9,maximumSize=,minimumSize=,preferredSize=]
2024-07-26 16:02:29,009 [WARN] IP:2120 - DEVICE_SERIAL0_CDC_HS not found: check if there is a RefParameter without a condition.
2024-07-26 16:02:29,009 [WARN] IP:2120 - DEVICE_SERIAL1_CDC_HS not found: check if there is a RefParameter without a condition.
2024-07-26 16:02:29,009 [WARN] IP:2120 - DEVICE_SERIAL2_CDC_HS not found: check if there is a RefParameter without a condition.
2024-07-26 16:02:29,010 [WARN] IP:2120 - DEVICE_SERIAL0_CDC_HS not found: check if there is a RefParameter without a condition.
2024-07-26 16:02:29,010 [WARN] IP:2120 - DEVICE_SERIAL1_CDC_HS not found: check if there is a RefParameter without a condition.
2024-07-26 16:02:29,010 [WARN] IP:2120 - DEVICE_SERIAL2_CDC_HS not found: check if there is a RefParameter without a condition.
2024-07-26 16:02:29,230 [WARN] IP:2120 - DEVICE_SERIAL0_CDC_HS not found: check if there is a RefParameter without a condition.
2024-07-26 16:02:29,230 [WARN] IP:2120 - DEVICE_SERIAL1_CDC_HS not found: check if there is a RefParameter without a condition.
2024-07-26 16:02:29,230 [WARN] IP:2120 - DEVICE_SERIAL2_CDC_HS not found: check if there is a RefParameter without a condition.
2024-07-26 16:02:29,231 [WARN] IP:2120 - DEVICE_SERIAL0_CDC_HS not found: check if there is a RefParameter without a condition.
2024-07-26 16:02:29,231 [WARN] IP:2120 - DEVICE_SERIAL1_CDC_HS not found: check if there is a RefParameter without a condition.
2024-07-26 16:02:29,231 [WARN] IP:2120 - DEVICE_SERIAL2_CDC_HS not found: check if there is a RefParameter without a condition.
2024-07-26 18:28:33,089 [ERROR] LogOutputStream:75 - [STDERR_REDIRECT] 
