17:29:21 **** Incremental Build of configuration Debug for project TS_STM-H7 ****
make -j8 all 
arm-none-eabi-gcc "../Core/Src/main.c" -mcpu=cortex-m7 -std=gnu11 -g3 -DDEBUG -DUSE_HAL_DRIVER -DSTM32H723xx -c -I../Core/Inc -I../Drivers/STM32H7xx_HAL_Driver/Inc -I../Drivers/STM32H7xx_HAL_Driver/Inc/Legacy -I../Drivers/CMSIS/Device/ST/STM32H7xx/Include -I../Drivers/CMSIS/Include -I../FATFS/Target -I../FATFS/App -I../Middlewares/Third_Party/FatFs/src -I../USB_DEVICE/App -I../USB_DEVICE/Target -I../Middlewares/ST/STM32_USB_Device_Library/Core/Inc -I../Middlewares/ST/STM32_USB_Device_Library/Class/CDC/Inc -O0 -ffunction-sections -fdata-sections -Wall -fstack-usage -fcyclomatic-complexity -MMD -MP -MF"Core/Src/main.d" -MT"Core/Src/main.o" --specs=nano.specs -mfpu=fpv5-d16 -mfloat-abi=hard -mthumb -o "Core/Src/main.o"
../Core/Src/main.c: In function 'main':
../Core/Src/main.c:222:27: warning: passing argument 1 of 'sprintf' makes pointer from integer without a cast [-Wint-conversion]
  222 |                   sprintf(progressive_number, "_%d", num_file);
      |                           ^~~~~~~~~~~~~~~~~~
      |                           |
      |                           char
In file included from ../USB_DEVICE/Target/usbd_conf.h:30,
                 from ../Middlewares/ST/STM32_USB_Device_Library/Core/Inc/usbd_def.h:28,
                 from ../USB_DEVICE/App/usb_device.h:32,
                 from ../Core/Src/main.c:22:
C:\ST\STM32CubeIDE_1.14.1\STM32CubeIDE\plugins\com.st.stm32cube.ide.mcu.externaltools.gnu-tools-for-stm32.12.3.rel1.win32_1.0.100.202403111256\tools\bin/../lib/gcc/arm-none-eabi/12.3.1/../../../../arm-none-eabi/include/stdio.h:250:18: note: expected 'char * restrict' but argument is of type 'char'
  250 | int     sprintf (char *__restrict, const char *__restrict, ...)
      |                  ^
../Core/Src/main.c:223:26: warning: passing argument 1 of 'strcat' makes pointer from integer without a cast [-Wint-conversion]
  223 |                   strcat(progressive_number,".txt");
      |                          ^~~~~~~~~~~~~~~~~~
      |                          |
      |                          char
In file included from ../USB_DEVICE/Target/usbd_conf.h:32:
C:\ST\STM32CubeIDE_1.14.1\STM32CubeIDE\plugins\com.st.stm32cube.ide.mcu.externaltools.gnu-tools-for-stm32.12.3.rel1.win32_1.0.100.202403111256\tools\bin/../lib/gcc/arm-none-eabi/12.3.1/../../../../arm-none-eabi/include/string.h:34:18: note: expected 'char * restrict' but argument is of type 'char'
   34 | char    *strcat (char *__restrict, const char *__restrict);
      |                  ^
../Core/Src/main.c:225:40: warning: passing argument 2 of 'strcat' makes pointer from integer without a cast [-Wint-conversion]
  225 |                   strcat(nome_file_txt,progressive_number);
      |                                        ^~~~~~~~~~~~~~~~~~
      |                                        |
      |                                        char
C:\ST\STM32CubeIDE_1.14.1\STM32CubeIDE\plugins\com.st.stm32cube.ide.mcu.externaltools.gnu-tools-for-stm32.12.3.rel1.win32_1.0.100.202403111256\tools\bin/../lib/gcc/arm-none-eabi/12.3.1/../../../../arm-none-eabi/include/string.h:34:36: note: expected 'const char * restrict' but argument is of type 'char'
   34 | char    *strcat (char *__restrict, const char *__restrict);
      |                                    ^
../Core/Src/main.c:293:44: warning: format '%i' expects argument of type 'int', but argument 2 has type 'uint32_t' {aka 'long unsigned int'} [-Wformat=]
  293 |                   printf("Tempo di andata=%i  Tempo di ritorno= %i  delta_time=%i  tempo_rit_comp=%i \n" , value.a,value.b,value.c, value.d);
      |                                           ~^                                                               ~~~~~~~
      |                                            |                                                                    |
      |                                            int                                                                  uint32_t {aka long unsigned int}
      |                                           %li
../Core/Src/main.c:293:66: warning: format '%i' expects argument of type 'int', but argument 3 has type 'uint32_t' {aka 'long unsigned int'} [-Wformat=]
  293 |                   printf("Tempo di andata=%i  Tempo di ritorno= %i  delta_time=%i  tempo_rit_comp=%i \n" , value.a,value.b,value.c, value.d);
      |                                                                 ~^                                                 ~~~~~~~
      |                                                                  |                                                      |
      |                                                                  int                                                    uint32_t {aka long unsigned int}
      |                                                                 %li
../Core/Src/main.c:293:81: warning: format '%i' expects argument of type 'int', but argument 4 has type 'uint32_t' {aka 'long unsigned int'} [-Wformat=]
  293 |                   printf("Tempo di andata=%i  Tempo di ritorno= %i  delta_time=%i  tempo_rit_comp=%i \n" , value.a,value.b,value.c, value.d);
      |                                                                                ~^                                          ~~~~~~~
      |                                                                                 |                                               |
      |                                                                                 int                                             uint32_t {aka long unsigned int}
      |                                                                                %li
../Core/Src/main.c:293:100: warning: format '%i' expects argument of type 'int', but argument 5 has type 'uint32_t' {aka 'long unsigned int'} [-Wformat=]
  293 |                   printf("Tempo di andata=%i  Tempo di ritorno= %i  delta_time=%i  tempo_rit_comp=%i \n" , value.a,value.b,value.c, value.d);
      |                                                                                                   ~^                                ~~~~~~~
      |                                                                                                    |                                     |
      |                                                                                                    int                                   uint32_t {aka long unsigned int}
      |                                                                                                   %li
arm-none-eabi-gcc -o "TS_STM-H7.elf" @"objects.list"   -mcpu=cortex-m7 -T"C:\Users\andre\Documents\GitHub\TS_Nucleo\TS_STM-H7\TS_STM-H7\TS_STM-H7\STM32H723ZGTX_FLASH.ld" --specs=nosys.specs -Wl,-Map="TS_STM-H7.map" -Wl,--gc-sections -static --specs=nano.specs -mfpu=fpv5-d16 -mfloat-abi=hard -mthumb -Wl,--start-group -lc -lm -Wl,--end-group
Finished building target: TS_STM-H7.elf
 
arm-none-eabi-size  TS_STM-H7.elf 
arm-none-eabi-objdump -h -S TS_STM-H7.elf  > "TS_STM-H7.list"
   text	   data	    bss	    dec	    hex	filename
  94864	    624	  21000	 116488	  1c708	TS_STM-H7.elf
Finished building: default.size.stdout
 
Finished building: TS_STM-H7.list
 
17:29:26 **** Incremental Build of configuration Debug for project TS_STM-H7 ****
make -j8 all 
arm-none-eabi-size  TS_STM-H7.elf 
   text	   data	    bss	    dec	    hex	filename
  94864	    624	  21000	 116488	  1c708	TS_STM-H7.elf
Finished building: default.size.stdout
 
17:51:55 **** Incremental Build of configuration Debug for project TS_STM-H7 ****
make -j8 all 
arm-none-eabi-gcc "../Core/Src/main.c" -mcpu=cortex-m7 -std=gnu11 -g3 -DDEBUG -DUSE_HAL_DRIVER -DSTM32H723xx -c -I../Core/Inc -I../Drivers/STM32H7xx_HAL_Driver/Inc -I../Drivers/STM32H7xx_HAL_Driver/Inc/Legacy -I../Drivers/CMSIS/Device/ST/STM32H7xx/Include -I../Drivers/CMSIS/Include -I../FATFS/Target -I../FATFS/App -I../Middlewares/Third_Party/FatFs/src -I../USB_DEVICE/App -I../USB_DEVICE/Target -I../Middlewares/ST/STM32_USB_Device_Library/Core/Inc -I../Middlewares/ST/STM32_USB_Device_Library/Class/CDC/Inc -O0 -ffunction-sections -fdata-sections -Wall -fstack-usage -fcyclomatic-complexity -MMD -MP -MF"Core/Src/main.d" -MT"Core/Src/main.o" --specs=nano.specs -mfpu=fpv5-d16 -mfloat-abi=hard -mthumb -o "Core/Src/main.o"
../Core/Src/main.c: In function 'main':
../Core/Src/main.c:222:27: warning: passing argument 1 of 'sprintf' makes pointer from integer without a cast [-Wint-conversion]
  222 |                   sprintf(progressive_number, "_%d", num_file);
      |                           ^~~~~~~~~~~~~~~~~~
      |                           |
      |                           char
In file included from ../USB_DEVICE/Target/usbd_conf.h:30,
                 from ../Middlewares/ST/STM32_USB_Device_Library/Core/Inc/usbd_def.h:28,
                 from ../USB_DEVICE/App/usb_device.h:32,
                 from ../Core/Src/main.c:22:
C:\ST\STM32CubeIDE_1.14.1\STM32CubeIDE\plugins\com.st.stm32cube.ide.mcu.externaltools.gnu-tools-for-stm32.12.3.rel1.win32_1.0.100.202403111256\tools\bin/../lib/gcc/arm-none-eabi/12.3.1/../../../../arm-none-eabi/include/stdio.h:250:18: note: expected 'char * restrict' but argument is of type 'char'
  250 | int     sprintf (char *__restrict, const char *__restrict, ...)
      |                  ^
../Core/Src/main.c:223:26: warning: passing argument 1 of 'strcat' makes pointer from integer without a cast [-Wint-conversion]
  223 |                   strcat(progressive_number,".txt");
      |                          ^~~~~~~~~~~~~~~~~~
      |                          |
      |                          char
In file included from ../USB_DEVICE/Target/usbd_conf.h:32:
C:\ST\STM32CubeIDE_1.14.1\STM32CubeIDE\plugins\com.st.stm32cube.ide.mcu.externaltools.gnu-tools-for-stm32.12.3.rel1.win32_1.0.100.202403111256\tools\bin/../lib/gcc/arm-none-eabi/12.3.1/../../../../arm-none-eabi/include/string.h:34:18: note: expected 'char * restrict' but argument is of type 'char'
   34 | char    *strcat (char *__restrict, const char *__restrict);
      |                  ^
../Core/Src/main.c:225:40: warning: passing argument 2 of 'strcat' makes pointer from integer without a cast [-Wint-conversion]
  225 |                   strcat(nome_file_txt,progressive_number);
      |                                        ^~~~~~~~~~~~~~~~~~
      |                                        |
      |                                        char
C:\ST\STM32CubeIDE_1.14.1\STM32CubeIDE\plugins\com.st.stm32cube.ide.mcu.externaltools.gnu-tools-for-stm32.12.3.rel1.win32_1.0.100.202403111256\tools\bin/../lib/gcc/arm-none-eabi/12.3.1/../../../../arm-none-eabi/include/string.h:34:36: note: expected 'const char * restrict' but argument is of type 'char'
   34 | char    *strcat (char *__restrict, const char *__restrict);
      |                                    ^
../Core/Src/main.c:293:44: warning: format '%i' expects argument of type 'int', but argument 2 has type 'uint32_t' {aka 'long unsigned int'} [-Wformat=]
  293 |                   printf("Tempo di andata=%i  Tempo di ritorno= %i  delta_time=%i  tempo_rit_comp=%i \n" , value.a,value.b,value.c, value.d);
      |                                           ~^                                                               ~~~~~~~
      |                                            |                                                                    |
      |                                            int                                                                  uint32_t {aka long unsigned int}
      |                                           %li
../Core/Src/main.c:293:66: warning: format '%i' expects argument of type 'int', but argument 3 has type 'uint32_t' {aka 'long unsigned int'} [-Wformat=]
  293 |                   printf("Tempo di andata=%i  Tempo di ritorno= %i  delta_time=%i  tempo_rit_comp=%i \n" , value.a,value.b,value.c, value.d);
      |                                                                 ~^                                                 ~~~~~~~
      |                                                                  |                                                      |
      |                                                                  int                                                    uint32_t {aka long unsigned int}
      |                                                                 %li
../Core/Src/main.c:293:81: warning: format '%i' expects argument of type 'int', but argument 4 has type 'uint32_t' {aka 'long unsigned int'} [-Wformat=]
  293 |                   printf("Tempo di andata=%i  Tempo di ritorno= %i  delta_time=%i  tempo_rit_comp=%i \n" , value.a,value.b,value.c, value.d);
      |                                                                                ~^                                          ~~~~~~~
      |                                                                                 |                                               |
      |                                                                                 int                                             uint32_t {aka long unsigned int}
      |                                                                                %li
../Core/Src/main.c:293:100: warning: format '%i' expects argument of type 'int', but argument 5 has type 'uint32_t' {aka 'long unsigned int'} [-Wformat=]
  293 |                   printf("Tempo di andata=%i  Tempo di ritorno= %i  delta_time=%i  tempo_rit_comp=%i \n" , value.a,value.b,value.c, value.d);
      |                                                                                                   ~^                                ~~~~~~~
      |                                                                                                    |                                     |
      |                                                                                                    int                                   uint32_t {aka long unsigned int}
      |                                                                                                   %li
arm-none-eabi-gcc -o "TS_STM-H7.elf" @"objects.list"   -mcpu=cortex-m7 -T"C:\Users\andre\Documents\GitHub\TS_Nucleo\TS_STM-H7\TS_STM-H7\TS_STM-H7\STM32H723ZGTX_FLASH.ld" --specs=nosys.specs -Wl,-Map="TS_STM-H7.map" -Wl,--gc-sections -static --specs=nano.specs -mfpu=fpv5-d16 -mfloat-abi=hard -mthumb -Wl,--start-group -lc -lm -Wl,--end-group
Finished building target: TS_STM-H7.elf
 
arm-none-eabi-size  TS_STM-H7.elf 
arm-none-eabi-objdump -h -S TS_STM-H7.elf  > "TS_STM-H7.list"
   text	   data	    bss	    dec	    hex	filename
  94864	    624	  21000	 116488	  1c708	TS_STM-H7.elf
Finished building: default.size.stdout
 
Finished building: TS_STM-H7.list
 
17:56:48 **** Incremental Build of configuration Debug for project TS_STM-H7 ****
make -j8 all 
arm-none-eabi-gcc "../Core/Src/main.c" -mcpu=cortex-m7 -std=gnu11 -g3 -DDEBUG -DUSE_HAL_DRIVER -DSTM32H723xx -c -I../Core/Inc -I../Drivers/STM32H7xx_HAL_Driver/Inc -I../Drivers/STM32H7xx_HAL_Driver/Inc/Legacy -I../Drivers/CMSIS/Device/ST/STM32H7xx/Include -I../Drivers/CMSIS/Include -I../FATFS/Target -I../FATFS/App -I../Middlewares/Third_Party/FatFs/src -I../USB_DEVICE/App -I../USB_DEVICE/Target -I../Middlewares/ST/STM32_USB_Device_Library/Core/Inc -I../Middlewares/ST/STM32_USB_Device_Library/Class/CDC/Inc -O0 -ffunction-sections -fdata-sections -Wall -fstack-usage -fcyclomatic-complexity -MMD -MP -MF"Core/Src/main.d" -MT"Core/Src/main.o" --specs=nano.specs -mfpu=fpv5-d16 -mfloat-abi=hard -mthumb -o "Core/Src/main.o"
../Core/Src/main.c: In function 'main':
../Core/Src/main.c:223:27: warning: passing argument 1 of 'sprintf' makes pointer from integer without a cast [-Wint-conversion]
  223 |                   sprintf(progressive_number, "_%d", num_file);
      |                           ^~~~~~~~~~~~~~~~~~
      |                           |
      |                           char
In file included from ../USB_DEVICE/Target/usbd_conf.h:30,
                 from ../Middlewares/ST/STM32_USB_Device_Library/Core/Inc/usbd_def.h:28,
                 from ../USB_DEVICE/App/usb_device.h:32,
                 from ../Core/Src/main.c:22:
C:\ST\STM32CubeIDE_1.14.1\STM32CubeIDE\plugins\com.st.stm32cube.ide.mcu.externaltools.gnu-tools-for-stm32.12.3.rel1.win32_1.0.100.202403111256\tools\bin/../lib/gcc/arm-none-eabi/12.3.1/../../../../arm-none-eabi/include/stdio.h:250:18: note: expected 'char * restrict' but argument is of type 'char'
  250 | int     sprintf (char *__restrict, const char *__restrict, ...)
      |                  ^
../Core/Src/main.c:224:26: warning: passing argument 1 of 'strcat' makes pointer from integer without a cast [-Wint-conversion]
  224 |                   strcat(progressive_number,".txt");
      |                          ^~~~~~~~~~~~~~~~~~
      |                          |
      |                          char
In file included from ../USB_DEVICE/Target/usbd_conf.h:32:
C:\ST\STM32CubeIDE_1.14.1\STM32CubeIDE\plugins\com.st.stm32cube.ide.mcu.externaltools.gnu-tools-for-stm32.12.3.rel1.win32_1.0.100.202403111256\tools\bin/../lib/gcc/arm-none-eabi/12.3.1/../../../../arm-none-eabi/include/string.h:34:18: note: expected 'char * restrict' but argument is of type 'char'
   34 | char    *strcat (char *__restrict, const char *__restrict);
      |                  ^
../Core/Src/main.c:226:40: warning: passing argument 2 of 'strcat' makes pointer from integer without a cast [-Wint-conversion]
  226 |                   strcat(nome_file_txt,progressive_number);
      |                                        ^~~~~~~~~~~~~~~~~~
      |                                        |
      |                                        char
C:\ST\STM32CubeIDE_1.14.1\STM32CubeIDE\plugins\com.st.stm32cube.ide.mcu.externaltools.gnu-tools-for-stm32.12.3.rel1.win32_1.0.100.202403111256\tools\bin/../lib/gcc/arm-none-eabi/12.3.1/../../../../arm-none-eabi/include/string.h:34:36: note: expected 'const char * restrict' but argument is of type 'char'
   34 | char    *strcat (char *__restrict, const char *__restrict);
      |                                    ^
../Core/Src/main.c:293:44: warning: format '%i' expects argument of type 'int', but argument 2 has type 'uint32_t' {aka 'long unsigned int'} [-Wformat=]
  293 |                   printf("Tempo di andata=%i  Tempo di ritorno= %i  delta_time=%i  tempo_rit_comp=%i \n" , value.a,value.b,value.c, value.d);
      |                                           ~^                                                               ~~~~~~~
      |                                            |                                                                    |
      |                                            int                                                                  uint32_t {aka long unsigned int}
      |                                           %li
../Core/Src/main.c:293:66: warning: format '%i' expects argument of type 'int', but argument 3 has type 'uint32_t' {aka 'long unsigned int'} [-Wformat=]
  293 |                   printf("Tempo di andata=%i  Tempo di ritorno= %i  delta_time=%i  tempo_rit_comp=%i \n" , value.a,value.b,value.c, value.d);
      |                                                                 ~^                                                 ~~~~~~~
      |                                                                  |                                                      |
      |                                                                  int                                                    uint32_t {aka long unsigned int}
      |                                                                 %li
../Core/Src/main.c:293:81: warning: format '%i' expects argument of type 'int', but argument 4 has type 'uint32_t' {aka 'long unsigned int'} [-Wformat=]
  293 |                   printf("Tempo di andata=%i  Tempo di ritorno= %i  delta_time=%i  tempo_rit_comp=%i \n" , value.a,value.b,value.c, value.d);
      |                                                                                ~^                                          ~~~~~~~
      |                                                                                 |                                               |
      |                                                                                 int                                             uint32_t {aka long unsigned int}
      |                                                                                %li
../Core/Src/main.c:293:100: warning: format '%i' expects argument of type 'int', but argument 5 has type 'uint32_t' {aka 'long unsigned int'} [-Wformat=]
  293 |                   printf("Tempo di andata=%i  Tempo di ritorno= %i  delta_time=%i  tempo_rit_comp=%i \n" , value.a,value.b,value.c, value.d);
      |                                                                                                   ~^                                ~~~~~~~
      |                                                                                                    |                                     |
      |                                                                                                    int                                   uint32_t {aka long unsigned int}
      |                                                                                                   %li
arm-none-eabi-gcc -o "TS_STM-H7.elf" @"objects.list"   -mcpu=cortex-m7 -T"C:\Users\andre\Documents\GitHub\TS_Nucleo\TS_STM-H7\TS_STM-H7\TS_STM-H7\STM32H723ZGTX_FLASH.ld" --specs=nosys.specs -Wl,-Map="TS_STM-H7.map" -Wl,--gc-sections -static --specs=nano.specs -mfpu=fpv5-d16 -mfloat-abi=hard -mthumb -Wl,--start-group -lc -lm -Wl,--end-group
Finished building target: TS_STM-H7.elf
 
arm-none-eabi-size  TS_STM-H7.elf 
arm-none-eabi-objdump -h -S TS_STM-H7.elf  > "TS_STM-H7.list"
   text	   data	    bss	    dec	    hex	filename
  94864	    624	  21000	 116488	  1c708	TS_STM-H7.elf
Finished building: default.size.stdout
 
Finished building: TS_STM-H7.list
 
17:57:30 **** Incremental Build of configuration Debug for project TS_STM-H7 ****
make -j8 all 
arm-none-eabi-gcc "../Core/Src/main.c" -mcpu=cortex-m7 -std=gnu11 -g3 -DDEBUG -DUSE_HAL_DRIVER -DSTM32H723xx -c -I../Core/Inc -I../Drivers/STM32H7xx_HAL_Driver/Inc -I../Drivers/STM32H7xx_HAL_Driver/Inc/Legacy -I../Drivers/CMSIS/Device/ST/STM32H7xx/Include -I../Drivers/CMSIS/Include -I../FATFS/Target -I../FATFS/App -I../Middlewares/Third_Party/FatFs/src -I../USB_DEVICE/App -I../USB_DEVICE/Target -I../Middlewares/ST/STM32_USB_Device_Library/Core/Inc -I../Middlewares/ST/STM32_USB_Device_Library/Class/CDC/Inc -O0 -ffunction-sections -fdata-sections -Wall -fstack-usage -fcyclomatic-complexity -MMD -MP -MF"Core/Src/main.d" -MT"Core/Src/main.o" --specs=nano.specs -mfpu=fpv5-d16 -mfloat-abi=hard -mthumb -o "Core/Src/main.o"
../Core/Src/main.c: In function 'main':
../Core/Src/main.c:223:27: warning: passing argument 1 of 'sprintf' makes pointer from integer without a cast [-Wint-conversion]
  223 |                   sprintf(progressive_number, "_%d", num_file);
      |                           ^~~~~~~~~~~~~~~~~~
      |                           |
      |                           char
In file included from ../USB_DEVICE/Target/usbd_conf.h:30,
                 from ../Middlewares/ST/STM32_USB_Device_Library/Core/Inc/usbd_def.h:28,
                 from ../USB_DEVICE/App/usb_device.h:32,
                 from ../Core/Src/main.c:22:
C:\ST\STM32CubeIDE_1.14.1\STM32CubeIDE\plugins\com.st.stm32cube.ide.mcu.externaltools.gnu-tools-for-stm32.12.3.rel1.win32_1.0.100.202403111256\tools\bin/../lib/gcc/arm-none-eabi/12.3.1/../../../../arm-none-eabi/include/stdio.h:250:18: note: expected 'char * restrict' but argument is of type 'char'
  250 | int     sprintf (char *__restrict, const char *__restrict, ...)
      |                  ^
../Core/Src/main.c:224:26: warning: passing argument 1 of 'strcat' makes pointer from integer without a cast [-Wint-conversion]
  224 |                   strcat(progressive_number,".txt");
      |                          ^~~~~~~~~~~~~~~~~~
      |                          |
      |                          char
In file included from ../USB_DEVICE/Target/usbd_conf.h:32:
C:\ST\STM32CubeIDE_1.14.1\STM32CubeIDE\plugins\com.st.stm32cube.ide.mcu.externaltools.gnu-tools-for-stm32.12.3.rel1.win32_1.0.100.202403111256\tools\bin/../lib/gcc/arm-none-eabi/12.3.1/../../../../arm-none-eabi/include/string.h:34:18: note: expected 'char * restrict' but argument is of type 'char'
   34 | char    *strcat (char *__restrict, const char *__restrict);
      |                  ^
../Core/Src/main.c:226:40: warning: passing argument 2 of 'strcat' makes pointer from integer without a cast [-Wint-conversion]
  226 |                   strcat(nome_file_txt,progressive_number);
      |                                        ^~~~~~~~~~~~~~~~~~
      |                                        |
      |                                        char
C:\ST\STM32CubeIDE_1.14.1\STM32CubeIDE\plugins\com.st.stm32cube.ide.mcu.externaltools.gnu-tools-for-stm32.12.3.rel1.win32_1.0.100.202403111256\tools\bin/../lib/gcc/arm-none-eabi/12.3.1/../../../../arm-none-eabi/include/string.h:34:36: note: expected 'const char * restrict' but argument is of type 'char'
   34 | char    *strcat (char *__restrict, const char *__restrict);
      |                                    ^
../Core/Src/main.c:294:44: warning: format '%i' expects argument of type 'int', but argument 2 has type 'uint32_t' {aka 'long unsigned int'} [-Wformat=]
  294 |                   printf("Tempo di andata=%i  Tempo di ritorno= %i  delta_time=%i  tempo_rit_comp=%i \n" , value.a,value.b,value.c, value.d);
      |                                           ~^                                                               ~~~~~~~
      |                                            |                                                                    |
      |                                            int                                                                  uint32_t {aka long unsigned int}
      |                                           %li
../Core/Src/main.c:294:66: warning: format '%i' expects argument of type 'int', but argument 3 has type 'uint32_t' {aka 'long unsigned int'} [-Wformat=]
  294 |                   printf("Tempo di andata=%i  Tempo di ritorno= %i  delta_time=%i  tempo_rit_comp=%i \n" , value.a,value.b,value.c, value.d);
      |                                                                 ~^                                                 ~~~~~~~
      |                                                                  |                                                      |
      |                                                                  int                                                    uint32_t {aka long unsigned int}
      |                                                                 %li
../Core/Src/main.c:294:81: warning: format '%i' expects argument of type 'int', but argument 4 has type 'uint32_t' {aka 'long unsigned int'} [-Wformat=]
  294 |                   printf("Tempo di andata=%i  Tempo di ritorno= %i  delta_time=%i  tempo_rit_comp=%i \n" , value.a,value.b,value.c, value.d);
      |                                                                                ~^                                          ~~~~~~~
      |                                                                                 |                                               |
      |                                                                                 int                                             uint32_t {aka long unsigned int}
      |                                                                                %li
../Core/Src/main.c:294:100: warning: format '%i' expects argument of type 'int', but argument 5 has type 'uint32_t' {aka 'long unsigned int'} [-Wformat=]
  294 |                   printf("Tempo di andata=%i  Tempo di ritorno= %i  delta_time=%i  tempo_rit_comp=%i \n" , value.a,value.b,value.c, value.d);
      |                                                                                                   ~^                                ~~~~~~~
      |                                                                                                    |                                     |
      |                                                                                                    int                                   uint32_t {aka long unsigned int}
      |                                                                                                   %li
arm-none-eabi-gcc -o "TS_STM-H7.elf" @"objects.list"   -mcpu=cortex-m7 -T"C:\Users\andre\Documents\GitHub\TS_Nucleo\TS_STM-H7\TS_STM-H7\TS_STM-H7\STM32H723ZGTX_FLASH.ld" --specs=nosys.specs -Wl,-Map="TS_STM-H7.map" -Wl,--gc-sections -static --specs=nano.specs -mfpu=fpv5-d16 -mfloat-abi=hard -mthumb -Wl,--start-group -lc -lm -Wl,--end-group
Finished building target: TS_STM-H7.elf
 
arm-none-eabi-size  TS_STM-H7.elf 
arm-none-eabi-objdump -h -S TS_STM-H7.elf  > "TS_STM-H7.list"
   text	   data	    bss	    dec	    hex	filename
  94876	    624	  21000	 116500	  1c714	TS_STM-H7.elf
Finished building: default.size.stdout
 
Finished building: TS_STM-H7.list
 
18:04:43 **** Incremental Build of configuration Debug for project TS_STM-H7 ****
make -j8 all 
arm-none-eabi-gcc "../Core/Src/main.c" -mcpu=cortex-m7 -std=gnu11 -g3 -DDEBUG -DUSE_HAL_DRIVER -DSTM32H723xx -c -I../Core/Inc -I../Drivers/STM32H7xx_HAL_Driver/Inc -I../Drivers/STM32H7xx_HAL_Driver/Inc/Legacy -I../Drivers/CMSIS/Device/ST/STM32H7xx/Include -I../Drivers/CMSIS/Include -I../FATFS/Target -I../FATFS/App -I../Middlewares/Third_Party/FatFs/src -I../USB_DEVICE/App -I../USB_DEVICE/Target -I../Middlewares/ST/STM32_USB_Device_Library/Core/Inc -I../Middlewares/ST/STM32_USB_Device_Library/Class/CDC/Inc -O0 -ffunction-sections -fdata-sections -Wall -fstack-usage -fcyclomatic-complexity -MMD -MP -MF"Core/Src/main.d" -MT"Core/Src/main.o" --specs=nano.specs -mfpu=fpv5-d16 -mfloat-abi=hard -mthumb -o "Core/Src/main.o"
../Core/Src/main.c: In function 'main':
../Core/Src/main.c:223:27: warning: passing argument 1 of 'sprintf' makes pointer from integer without a cast [-Wint-conversion]
  223 |                   sprintf(progressive_number, "_%d", num_file);
      |                           ^~~~~~~~~~~~~~~~~~
      |                           |
      |                           char
In file included from ../USB_DEVICE/Target/usbd_conf.h:30,
                 from ../Middlewares/ST/STM32_USB_Device_Library/Core/Inc/usbd_def.h:28,
                 from ../USB_DEVICE/App/usb_device.h:32,
                 from ../Core/Src/main.c:22:
C:\ST\STM32CubeIDE_1.14.1\STM32CubeIDE\plugins\com.st.stm32cube.ide.mcu.externaltools.gnu-tools-for-stm32.12.3.rel1.win32_1.0.100.202403111256\tools\bin/../lib/gcc/arm-none-eabi/12.3.1/../../../../arm-none-eabi/include/stdio.h:250:18: note: expected 'char * restrict' but argument is of type 'char'
  250 | int     sprintf (char *__restrict, const char *__restrict, ...)
      |                  ^
../Core/Src/main.c:224:26: warning: passing argument 1 of 'strcat' makes pointer from integer without a cast [-Wint-conversion]
  224 |                   strcat(progressive_number,".txt");
      |                          ^~~~~~~~~~~~~~~~~~
      |                          |
      |                          char
In file included from ../USB_DEVICE/Target/usbd_conf.h:32:
C:\ST\STM32CubeIDE_1.14.1\STM32CubeIDE\plugins\com.st.stm32cube.ide.mcu.externaltools.gnu-tools-for-stm32.12.3.rel1.win32_1.0.100.202403111256\tools\bin/../lib/gcc/arm-none-eabi/12.3.1/../../../../arm-none-eabi/include/string.h:34:18: note: expected 'char * restrict' but argument is of type 'char'
   34 | char    *strcat (char *__restrict, const char *__restrict);
      |                  ^
../Core/Src/main.c:226:40: warning: passing argument 2 of 'strcat' makes pointer from integer without a cast [-Wint-conversion]
  226 |                   strcat(nome_file_txt,progressive_number);
      |                                        ^~~~~~~~~~~~~~~~~~
      |                                        |
      |                                        char
C:\ST\STM32CubeIDE_1.14.1\STM32CubeIDE\plugins\com.st.stm32cube.ide.mcu.externaltools.gnu-tools-for-stm32.12.3.rel1.win32_1.0.100.202403111256\tools\bin/../lib/gcc/arm-none-eabi/12.3.1/../../../../arm-none-eabi/include/string.h:34:36: note: expected 'const char * restrict' but argument is of type 'char'
   34 | char    *strcat (char *__restrict, const char *__restrict);
      |                                    ^
../Core/Src/main.c:294:44: warning: format '%i' expects argument of type 'int', but argument 2 has type 'uint32_t' {aka 'long unsigned int'} [-Wformat=]
  294 |                   printf("Tempo di andata=%i  Tempo di ritorno= %i  delta_time=%i  tempo_rit_comp=%i \n" , value.a,value.b,value.c, value.d);
      |                                           ~^                                                               ~~~~~~~
      |                                            |                                                                    |
      |                                            int                                                                  uint32_t {aka long unsigned int}
      |                                           %li
../Core/Src/main.c:294:66: warning: format '%i' expects argument of type 'int', but argument 3 has type 'uint32_t' {aka 'long unsigned int'} [-Wformat=]
  294 |                   printf("Tempo di andata=%i  Tempo di ritorno= %i  delta_time=%i  tempo_rit_comp=%i \n" , value.a,value.b,value.c, value.d);
      |                                                                 ~^                                                 ~~~~~~~
      |                                                                  |                                                      |
      |                                                                  int                                                    uint32_t {aka long unsigned int}
      |                                                                 %li
../Core/Src/main.c:294:81: warning: format '%i' expects argument of type 'int', but argument 4 has type 'uint32_t' {aka 'long unsigned int'} [-Wformat=]
  294 |                   printf("Tempo di andata=%i  Tempo di ritorno= %i  delta_time=%i  tempo_rit_comp=%i \n" , value.a,value.b,value.c, value.d);
      |                                                                                ~^                                          ~~~~~~~
      |                                                                                 |                                               |
      |                                                                                 int                                             uint32_t {aka long unsigned int}
      |                                                                                %li
../Core/Src/main.c:294:100: warning: format '%i' expects argument of type 'int', but argument 5 has type 'uint32_t' {aka 'long unsigned int'} [-Wformat=]
  294 |                   printf("Tempo di andata=%i  Tempo di ritorno= %i  delta_time=%i  tempo_rit_comp=%i \n" , value.a,value.b,value.c, value.d);
      |                                                                                                   ~^                                ~~~~~~~
      |                                                                                                    |                                     |
      |                                                                                                    int                                   uint32_t {aka long unsigned int}
      |                                                                                                   %li
arm-none-eabi-gcc -o "TS_STM-H7.elf" @"objects.list"   -mcpu=cortex-m7 -T"C:\Users\andre\Documents\GitHub\TS_Nucleo\TS_STM-H7\TS_STM-H7\TS_STM-H7\STM32H723ZGTX_FLASH.ld" --specs=nosys.specs -Wl,-Map="TS_STM-H7.map" -Wl,--gc-sections -static --specs=nano.specs -mfpu=fpv5-d16 -mfloat-abi=hard -mthumb -Wl,--start-group -lc -lm -Wl,--end-group
Finished building target: TS_STM-H7.elf
 
arm-none-eabi-size  TS_STM-H7.elf 
arm-none-eabi-objdump -h -S TS_STM-H7.elf  > "TS_STM-H7.list"
   text	   data	    bss	    dec	    hex	filename
  94876	    624	  21000	 116500	  1c714	TS_STM-H7.elf
Finished building: default.size.stdout
 
Finished building: TS_STM-H7.list
 
18:05:19 **** Incremental Build of configuration Debug for project TS_STM-H7 ****
make -j8 all 
arm-none-eabi-size  TS_STM-H7.elf 
   text	   data	    bss	    dec	    hex	filename
  94876	    624	  21000	 116500	  1c714	TS_STM-H7.elf
Finished building: default.size.stdout
 
