14:21:28 **** Incremental Build of configuration Debug for project TS_STM-H7 ****
make -j8 all 
arm-none-eabi-gcc "../Core/Src/nuc_connection.c" -mcpu=cortex-m7 -std=gnu11 -g3 -DDEBUG -DUSE_HAL_DRIVER -DSTM32H723xx -c -I../Core/Inc -I../Drivers/STM32H7xx_HAL_Driver/Inc -I../Drivers/STM32H7xx_HAL_Driver/Inc/Legacy -I../Drivers/CMSIS/Device/ST/STM32H7xx/Include -I../Drivers/CMSIS/Include -I../FATFS/Target -I../FATFS/App -I../Middlewares/Third_Party/FatFs/src -I../USB_DEVICE/App -I../USB_DEVICE/Target -I../Middlewares/ST/STM32_USB_Device_Library/Core/Inc -I../Middlewares/ST/STM32_USB_Device_Library/Class/CDC/Inc -O0 -ffunction-sections -fdata-sections -Wall -fstack-usage -fcyclomatic-complexity -MMD -MP -MF"Core/Src/nuc_connection.d" -MT"Core/Src/nuc_connection.o" --specs=nano.specs -mfpu=fpv5-d16 -mfloat-abi=hard -mthumb -o "Core/Src/nuc_connection.o"
arm-none-eabi-gcc -o "TS_STM-H7.elf" @"objects.list"   -mcpu=cortex-m7 -T"C:\Users\andre\Documents\GitHub\TS_Nucleo\TS_STM-H7\TS_STM-H7\TS_STM-H7\STM32H723ZGTX_FLASH.ld" --specs=nosys.specs -Wl,-Map="TS_STM-H7.map" -Wl,--gc-sections -static --specs=nano.specs -mfpu=fpv5-d16 -mfloat-abi=hard -mthumb -Wl,--start-group -lc -lm -Wl,--end-group
Finished building target: TS_STM-H7.elf
 
arm-none-eabi-size  TS_STM-H7.elf 
arm-none-eabi-objdump -h -S TS_STM-H7.elf  > "TS_STM-H7.list"
   text	   data	    bss	    dec	    hex	filename
  94968	    688	  20960	 116616	  1c788	TS_STM-H7.elf
Finished building: default.size.stdout
 
Finished building: TS_STM-H7.list
 
14:21:38 **** Incremental Build of configuration Debug for project TS_STM-H7 ****
make -j8 all 
arm-none-eabi-size  TS_STM-H7.elf 
   text	   data	    bss	    dec	    hex	filename
  94968	    688	  20960	 116616	  1c788	TS_STM-H7.elf
Finished building: default.size.stdout
 
