17:38:13 **** Incremental Build of configuration Debug for project TS_STM-H7 ****
make -j8 all 
arm-none-eabi-gcc "../Core/Src/total_station_interface.c" -mcpu=cortex-m7 -std=gnu11 -g3 -DDEBUG -DUSE_HAL_DRIVER -DSTM32H723xx -c -I../Core/Inc -I../Drivers/STM32H7xx_HAL_Driver/Inc -I../Drivers/STM32H7xx_HAL_Driver/Inc/Legacy -I../Drivers/CMSIS/Device/ST/STM32H7xx/Include -I../Drivers/CMSIS/Include -I../FATFS/Target -I../FATFS/App -I../Middlewares/Third_Party/FatFs/src -I../USB_DEVICE/App -I../USB_DEVICE/Target -I../Middlewares/ST/STM32_USB_Device_Library/Core/Inc -I../Middlewares/ST/STM32_USB_Device_Library/Class/CDC/Inc -O0 -ffunction-sections -fdata-sections -Wall -fstack-usage -fcyclomatic-complexity -MMD -MP -MF"Core/Src/total_station_interface.d" -MT"Core/Src/total_station_interface.o" --specs=nano.specs -mfpu=fpv5-d16 -mfloat-abi=hard -mthumb -o "Core/Src/total_station_interface.o"
../Core/Src/total_station_interface.c: In function 'search_prism':
../Core/Src/total_station_interface.c:73:24: warning: pointer targets in passing argument 1 of 'sscanf' differ in signedness [-Wpointer-sign]
   73 |                 sscanf(&uartBuffer[9],"%d",& ctrl);
      |                        ^~~~~~~~~~~~~~
      |                        |
      |                        uint8_t * {aka unsigned char *}
In file included from ../Core/Src/total_station_interface.c:9:
C:\ST\STM32CubeIDE_1.14.1\STM32CubeIDE\plugins\com.st.stm32cube.ide.mcu.externaltools.gnu-tools-for-stm32.12.3.rel1.win32_1.0.100.202403111256\tools\bin/../lib/gcc/arm-none-eabi/12.3.1/../../../../arm-none-eabi/include/stdio.h:210:17: note: expected 'const char * restrict' but argument is of type 'uint8_t *' {aka 'unsigned char *'}
  210 | int     sscanf (const char *__restrict, const char *__restrict, ...)
      |                 ^
../Core/Src/total_station_interface.c:84:32: warning: pointer targets in passing argument 1 of 'printf' differ in signedness [-Wpointer-sign]
   84 |                         printf(uartBuffer);
      |                                ^~~~~~~~~~
      |                                |
      |                                uint8_t * {aka unsigned char *}
C:\ST\STM32CubeIDE_1.14.1\STM32CubeIDE\plugins\com.st.stm32cube.ide.mcu.externaltools.gnu-tools-for-stm32.12.3.rel1.win32_1.0.100.202403111256\tools\bin/../lib/gcc/arm-none-eabi/12.3.1/../../../../arm-none-eabi/include/stdio.h:206:17: note: expected 'const char * restrict' but argument is of type 'uint8_t *' {aka 'unsigned char *'}
  206 | int     printf (const char *__restrict, ...)
      |                 ^
../Core/Src/total_station_interface.c:90:32: warning: pointer targets in passing argument 1 of 'printf' differ in signedness [-Wpointer-sign]
   90 |                         printf(uartBuffer);
      |                                ^~~~~~~~~~
      |                                |
      |                                uint8_t * {aka unsigned char *}
C:\ST\STM32CubeIDE_1.14.1\STM32CubeIDE\plugins\com.st.stm32cube.ide.mcu.externaltools.gnu-tools-for-stm32.12.3.rel1.win32_1.0.100.202403111256\tools\bin/../lib/gcc/arm-none-eabi/12.3.1/../../../../arm-none-eabi/include/stdio.h:206:17: note: expected 'const char * restrict' but argument is of type 'uint8_t *' {aka 'unsigned char *'}
  206 | int     printf (const char *__restrict, ...)
      |                 ^
../Core/Src/total_station_interface.c: In function 'start_distance':
../Core/Src/total_station_interface.c:101:16: warning: pointer targets in passing argument 1 of 'sscanf' differ in signedness [-Wpointer-sign]
  101 |         sscanf(&uartBuffer[9],"%d",& ctrl);
      |                ^~~~~~~~~~~~~~
      |                |
      |                uint8_t * {aka unsigned char *}
C:\ST\STM32CubeIDE_1.14.1\STM32CubeIDE\plugins\com.st.stm32cube.ide.mcu.externaltools.gnu-tools-for-stm32.12.3.rel1.win32_1.0.100.202403111256\tools\bin/../lib/gcc/arm-none-eabi/12.3.1/../../../../arm-none-eabi/include/stdio.h:210:17: note: expected 'const char * restrict' but argument is of type 'uint8_t *' {aka 'unsigned char *'}
  210 | int     sscanf (const char *__restrict, const char *__restrict, ...)
      |                 ^
../Core/Src/total_station_interface.c: In function 'get_TS_time_stamp':
../Core/Src/total_station_interface.c:133:29: warning: pointer targets in assignment from 'uint8_t *' {aka 'unsigned char *'} to 'char *' differ in signedness [-Wpointer-sign]
  133 |         time_stamp_TS_buffer=ts_time_stamp_buffer;
      |                             ^
../Core/Src/total_station_interface.c:137:30: warning: format '%i' expects argument of type 'int', but argument 2 has type 'uint32_t' {aka 'long unsigned int'} [-Wformat=]
  137 |         printf("time_andata=%i time_ritorno=%i start_ritorno=%i end_ritorno=%i Delta=%i   \n" , time_andata,time_ritorno,start_ritorno,end_ritorno,delta_time);
      |                             ~^                                                                  ~~~~~~~~~~~
      |                              |                                                                  |
      |                              int                                                                uint32_t {aka long unsigned int}
      |                             %li
../Core/Src/total_station_interface.c:137:46: warning: format '%i' expects argument of type 'int', but argument 3 has type 'uint32_t' {aka 'long unsigned int'} [-Wformat=]
  137 |         printf("time_andata=%i time_ritorno=%i start_ritorno=%i end_ritorno=%i Delta=%i   \n" , time_andata,time_ritorno,start_ritorno,end_ritorno,delta_time);
      |                                             ~^                                                              ~~~~~~~~~~~~
      |                                              |                                                              |
      |                                              int                                                            uint32_t {aka long unsigned int}
      |                                             %li
../Core/Src/total_station_interface.c:137:63: warning: format '%i' expects argument of type 'int', but argument 4 has type 'uint32_t' {aka 'long unsigned int'} [-Wformat=]
  137 |         printf("time_andata=%i time_ritorno=%i start_ritorno=%i end_ritorno=%i Delta=%i   \n" , time_andata,time_ritorno,start_ritorno,end_ritorno,delta_time);
      |                                                              ~^                                                          ~~~~~~~~~~~~~
      |                                                               |                                                          |
      |                                                               int                                                        uint32_t {aka long unsigned int}
      |                                                              %li
../Core/Src/total_station_interface.c:137:78: warning: format '%i' expects argument of type 'int', but argument 5 has type 'uint32_t' {aka 'long unsigned int'} [-Wformat=]
  137 |         printf("time_andata=%i time_ritorno=%i start_ritorno=%i end_ritorno=%i Delta=%i   \n" , time_andata,time_ritorno,start_ritorno,end_ritorno,delta_time);
      |                                                                             ~^                                                         ~~~~~~~~~~~
      |                                                                              |                                                         |
      |                                                                              int                                                       uint32_t {aka long unsigned int}
      |                                                                             %li
../Core/Src/total_station_interface.c:137:87: warning: format '%i' expects argument of type 'int', but argument 6 has type 'uint32_t' {aka 'long unsigned int'} [-Wformat=]
  137 |         printf("time_andata=%i time_ritorno=%i start_ritorno=%i end_ritorno=%i Delta=%i   \n" , time_andata,time_ritorno,start_ritorno,end_ritorno,delta_time);
      |                                                                                      ~^                                                            ~~~~~~~~~~
      |                                                                                       |                                                            |
      |                                                                                       int                                                          uint32_t {aka long unsigned int}
      |                                                                                      %li
../Core/Src/total_station_interface.c: In function 'start_measure':
../Core/Src/total_station_interface.c:159:24: warning: pointer targets in passing argument 1 of 'sscanf' differ in signedness [-Wpointer-sign]
  159 |                 sscanf(&stream_buffer[9],"%d",& ctrl);
      |                        ^~~~~~~~~~~~~~~~~
      |                        |
      |                        uint8_t * {aka unsigned char *}
C:\ST\STM32CubeIDE_1.14.1\STM32CubeIDE\plugins\com.st.stm32cube.ide.mcu.externaltools.gnu-tools-for-stm32.12.3.rel1.win32_1.0.100.202403111256\tools\bin/../lib/gcc/arm-none-eabi/12.3.1/../../../../arm-none-eabi/include/stdio.h:210:17: note: expected 'const char * restrict' but argument is of type 'uint8_t *' {aka 'unsigned char *'}
  210 | int     sscanf (const char *__restrict, const char *__restrict, ...)
      |                 ^
../Core/Src/total_station_interface.c: In function 'stop_measure':
../Core/Src/total_station_interface.c:199:16: warning: pointer targets in passing argument 1 of 'sscanf' differ in signedness [-Wpointer-sign]
  199 |         sscanf(&uartBuffer[9],"%d",& ctrl);
      |                ^~~~~~~~~~~~~~
      |                |
      |                uint8_t * {aka unsigned char *}
C:\ST\STM32CubeIDE_1.14.1\STM32CubeIDE\plugins\com.st.stm32cube.ide.mcu.externaltools.gnu-tools-for-stm32.12.3.rel1.win32_1.0.100.202403111256\tools\bin/../lib/gcc/arm-none-eabi/12.3.1/../../../../arm-none-eabi/include/stdio.h:210:17: note: expected 'const char * restrict' but argument is of type 'uint8_t *' {aka 'unsigned char *'}
  210 | int     sscanf (const char *__restrict, const char *__restrict, ...)
      |                 ^
../Core/Src/total_station_interface.c: In function 'search_prism':
../Core/Src/total_station_interface.c:96:1: warning: control reaches end of non-void function [-Wreturn-type]
   96 | }
      | ^
arm-none-eabi-gcc -o "TS_STM-H7.elf" @"objects.list"   -mcpu=cortex-m7 -T"C:\Users\andre\Documents\GitHub\TS_Nucleo\TS_STM-H7\TS_STM-H7\TS_STM-H7\STM32H723ZGTX_FLASH.ld" --specs=nosys.specs -Wl,-Map="TS_STM-H7.map" -Wl,--gc-sections -static --specs=nano.specs -mfpu=fpv5-d16 -mfloat-abi=hard -mthumb -Wl,--start-group -lc -lm -Wl,--end-group
Finished building target: TS_STM-H7.elf
 
arm-none-eabi-size  TS_STM-H7.elf 
arm-none-eabi-objdump -h -S TS_STM-H7.elf  > "TS_STM-H7.list"
   text	   data	    bss	    dec	    hex	filename
  95276	    688	  20960	 116924	  1c8bc	TS_STM-H7.elf
Finished building: default.size.stdout
 
Finished building: TS_STM-H7.list
 

17:38:15 Build Finished. 0 errors, 13 warnings. (took 1s.251ms)

