../Drivers/CMSIS/Include/core_cm7.h:2156:34:__NVIC_SystemReset	1
../Core/Src/main.c:149:5:main	24
../Core/Src/main.c:414:6:SystemClock_Config	4
../Core/Src/main.c:475:13:MX_SPI2_Init	2
../Core/Src/main.c:523:13:MX_TIM16_Init	2
../Core/Src/main.c:555:13:MX_USART1_UART_Init	5
../Core/Src/main.c:603:13:MX_USART3_UART_Init	5
../Core/Src/main.c:649:13:MX_DMA_Init	1
../Core/Src/main.c:673:13:MX_GPIO_Init	1
../Core/Src/main.c:777:6:HAL_UART_RxCpltCallback	2
../Core/Src/main.c:791:6:HAL_UARTEx_RxEventCallback	2
../Core/Src/main.c:806:6:handle_complete_packet	1
../Core/Src/main.c:821:5:__io_putchar	1
../Core/Src/main.c:832:6:process_init_SD_card	1
../Core/Src/main.c:929:6:Error_Handler	1
