../Drivers/CMSIS/Include/core_cm7.h:2156:34:__NVIC_SystemReset	4	static,ignoring_inline_asm
../Core/Src/main.c:146:5:main	72	static
../Core/Src/main.c:400:6:SystemClock_Config	120	static
../Core/Src/main.c:461:13:MX_SPI2_Init	8	static
../Core/Src/main.c:509:13:MX_TIM16_Init	8	static
../Core/Src/main.c:541:13:MX_USART1_UART_Init	8	static
../Core/Src/main.c:589:13:MX_USART3_UART_Init	8	static
../Core/Src/main.c:635:13:MX_DMA_Init	16	static
../Core/Src/main.c:659:13:MX_GPIO_Init	64	static
../Core/Src/main.c:764:6:HAL_UARTEx_RxEventCallback	16	static
../Core/Src/main.c:779:6:handle_complete_packet	8	static
../Core/Src/main.c:794:5:__io_putchar	16	static
../Core/Src/main.c:805:6:process_init_SD_card	24	static
../Core/Src/main.c:902:6:Error_Handler	4	static,ignoring_inline_asm
