../Drivers/CMSIS/Include/core_cm7.h:2156:34:__NVIC_SystemReset	4	static,ignoring_inline_asm
../Core/Src/main.c:146:5:main	72	static
../Core/Src/main.c:410:6:SystemClock_Config	120	static
../Core/Src/main.c:471:13:MX_SPI2_Init	8	static
../Core/Src/main.c:519:13:MX_TIM16_Init	8	static
../Core/Src/main.c:551:13:MX_USART1_UART_Init	8	static
../Core/Src/main.c:599:13:MX_USART3_UART_Init	8	static
../Core/Src/main.c:645:13:MX_DMA_Init	16	static
../Core/Src/main.c:669:13:MX_GPIO_Init	64	static
../Core/Src/main.c:775:6:HAL_UARTEx_RxEventCallback	16	static
../Core/Src/main.c:790:6:handle_complete_packet	8	static
../Core/Src/main.c:805:5:__io_putchar	16	static
../Core/Src/main.c:816:6:process_init_SD_card	24	static
../Core/Src/main.c:913:6:Error_Handler	4	static,ignoring_inline_asm
